******************************************************************************
                  TI ARM Linker PC v18.12.2                    
******************************************************************************
>> Linked Fri Dec  6 14:54:04 2019

OUTPUT FILE NAME:   <ece3849_lab2_jyhuang_rskirschner.out>
ENTRY POINT SYMBOL: "_c_int00"  address: 00008a51


MEMORY CONFIGURATION

         name            origin    length      used     unused   attr    fill
----------------------  --------  ---------  --------  --------  ----  --------
  FLASH                 00000000   00100000  0000db06  000f24fa  R  X
  SRAM                  20000000   00040000  00014b72  0002b48e  RW X


SEGMENT ALLOCATION MAP

run origin  load origin   length   init length attrs members
----------  ----------- ---------- ----------- ----- -------
00000000    00000000    0000db10   0000db10    r-x
  00000000    00000000    0000003c   0000003c    r-- .resetVecs
  00000040    00000040    0000b01a   0000b01a    r-x .text
  0000b060    0000b060    00002790   00002790    r-- .const
  0000d7f0    0000d7f0    00000320   00000320    r-- .cinit
20000000    20000000    00000360   00000000    rw-
  20000000    20000000    00000360   00000000    rw- .vecs
20000400    20000400    00014818   00000000    rw-
  20000400    20000400    0000b9ae   00000000    rw- .bss
  2000bdb0    2000bdb0    00008b64   00000000    rw- .data
  20014918    20014918    00000300   00000000    rw- .stack


SECTION ALLOCATION MAP

 output                                  attributes/
section   page    origin      length       input sections
--------  ----  ----------  ----------   ----------------
.text      0    00000040    0000b01a     
                  00000040    00000a4e     rtsv7M4_T_le_v4SPD16_eabi.lib : _printfi.c.obj (.text:__TI_printfi)
                  00000a8e    00000002                                   : _lock.c.obj (.text:_nop)
                  00000a90    00000738                                   : k_rem_pio2.c.obj (.text:__kernel_rem_pio2)
                  000011c8    000005dc                                   : s_cos.c.obj (.text:cos)
                  000017a4    000005c4                                   : s_sin.c.obj (.text:sin)
                  00001d68    00000430     sysbios.aem4f : BIOS.obj (.text:ti_sysbios_family_arm_m3_Hwi_excDumpRegs__I)
                  00002198    0000034c     ti.targets.arm.rtsarm.aem4f : System.oem4f (.text:xdc_runtime_System_doPrint__I)
                  000024e4    00000004     driverlib.lib : adc.obj (.text:ADCIntClearEx)
                  000024e8    000002f8     main.obj (.text:Display_Task)
                  000027e0    000002a4     sysbios.aem4f : BIOS.obj (.text:ti_sysbios_knl_Semaphore_pend__E)
                  00002a84    00000004     driverlib.lib : comp.obj (.text:ComparatorRefSet)
                  00002a88    0000028e     kiss_fft.obj (.text:kf_bfly5)
                  00002d16    00000002     rtsv7M4_T_le_v4SPD16_eabi.lib : div0.asm.obj (.text)
                  00002d18    00000270                                   : _printfi.c.obj (.text:_pconv_a)
                  00002f88    0000026c     sysbios.aem4f : BIOS.obj (.text:ti_sysbios_heaps_HeapMem_free__E)
                  000031f4    00000256     grlib.lib : string.obj (.text:GrFontGlyphRender)
                  0000344a    00000006     driverlib.lib : gpio.obj (.text:GPIOPinRead)
                  00003450    00000250     sysbios.aem4f : BIOS.obj (.text:ti_sysbios_heaps_HeapMem_alloc__E)
                  000036a0    00000204     Boot.aem4f : Boot_sysctl.oem4f (.text:ti_catalog_arm_cortexm4_tiva_ce_Boot_sysCtlClockFreqSetI__I)
                  000038a4    00000004     driverlib.lib : timer.obj (.text:TimerIntClear)
                  000038a8    000001f4     sysbios.aem4f : BIOS.obj (.text:ti_sysbios_family_arm_m3_Hwi_excHandlerMax__I)
                  00003a9c    00000004     rtsv7M4_T_le_v4SPD16_eabi.lib : exit.c.obj (.text:abort:abort)
                  00003aa0    000001f0     kiss_fft.obj (.text:kf_bfly4)
                  00003c90    000001d0     rtsv7M4_T_le_v4SPD16_eabi.lib : _printfi.c.obj (.text:_pconv_g)
                  00003e60    000001b6                                   : fd_add_t2.asm.obj (.text)
                  00004016    00000002     --HOLE-- [fill = 0]
                  00004018    000001b4     kiss_fft.obj (.text:kf_bfly3)
                  000041cc    00000174     rtsv7M4_T_le_v4SPD16_eabi.lib : k_sin.c.obj (.text:__kernel_sin)
                  00004340    00000174     sysbios.aem4f : BIOS.obj (.text:ti_sysbios_family_arm_m3_Hwi_excBusFault__I)
                  000044b4    0000016c     rtsv7M4_T_le_v4SPD16_eabi.lib : k_cos.c.obj (.text:__kernel_cos)
                  00004620    00000164     sysbios.aem4f : BIOS.obj (.text:ti_sysbios_family_arm_m3_Hwi_excUsageFault__I)
                  00004784    0000015c     rtsv7M4_T_le_v4SPD16_eabi.lib : e_log10f.c.obj (.text:log10f)
                  000048e0    00000158                                   : e_sqrt.c.obj (.text:sqrt)
                  00004a38    0000014c     main.obj (.text:Processing_Task)
                  00004b84    00000004     sysbios.aem4f : BIOS.obj (.text:ti_sysbios_family_arm_lm4_Timer_masterEnable__I)
                  00004b88    00000148                   : BIOS.obj (.text:ti_sysbios_family_arm_m3_Hwi_excMemFault__I)
                  00004cd0    0000013c     rtsv7M4_T_le_v4SPD16_eabi.lib : _printfi.c.obj (.text:_pconv_e)
                  00004e0c    00000004     ti.targets.arm.rtsarm.aem4f : Error.oem4f (.text:xdc_runtime_Error_getSite__E)
                  00004e10    0000013c     sysbios.aem4f : BIOS.obj (.text:ti_sysbios_heaps_HeapMem_Instance_init__E)
                  00004f4c    00000136     rtsv7M4_T_le_v4SPD16_eabi.lib : fd_div_t2.asm.obj (.text)
                  00005082    00000130     driverlib.lib : gpio.obj (.text:GPIOPadConfigSet)
                  000051b2    00000006                   : gpio.obj (.text:GPIOPinWrite)
                  000051b8    00000124     buttons.obj (.text:ButtonInit)
                  000052dc    00000124     rtsv7M4_T_le_v4SPD16_eabi.lib : _printfi.c.obj (.text:fcvt)
                  00005400    00000118     ti.targets.arm.rtsarm.aem4f : Error.oem4f (.text:xdc_runtime_Error_policyDefault__E)
                  00005518    00000110     sampling.obj (.text:ADC1_Init)
                  00005628    00000110     rtsv7M4_T_le_v4SPD16_eabi.lib : s_scalbn.c.obj (.text:scalbn)
                  00005738    00000108     sysbios.aem4f : BIOS.obj (.text:ti_sysbios_family_arm_lm4_Timer_start__E)
                  00005840    00000106     grlib.lib : line.obj (.text:GrLineDraw)
                  00005946    00000002     --HOLE-- [fill = 0]
                  00005948    00000100     ti.targets.arm.rtsarm.aem4f : Core-mem.oem4f (.text:xdc_runtime_Core_createObject__I)
                  00005a48    000000fc     kiss_fft.obj (.text:kf_bfly_generic)
                  00005b44    000000fc     rtsv7M4_T_le_v4SPD16_eabi.lib : fd_mul_t2.asm.obj (.text)
                  00005c40    000000fc     rtos_pem4f.oem4f (.text:xdc_runtime_System_printfExtend__I)
                  00005d3c    000000f8     rtsv7M4_T_le_v4SPD16_eabi.lib : s_floor.c.obj (.text:floor)
                  00005e34    000000f8     ti.targets.arm.rtsarm.aem4f : Startup.oem4f (.text:xdc_runtime_Startup_startMods__I)
                  00005f2c    000000f4     sysbios.aem4f : m3_Hwi_asm.obj (.text:ti_sysbios_family_arm_m3_Hwi_dispatch__I)
                  00006020    000000ec                   : BIOS.obj (.text:ti_sysbios_knl_Semaphore_post__E)
                  0000610c    00000004     ti.targets.arm.rtsarm.aem4f : System.oem4f (.text:xdc_runtime_System_aprintf_va__F)
                  00006110    000000e2     kiss_fft.obj (.text:kf_work)
                  000061f2    00000006     grlib.lib : string.obj (.text:GrContextFontSet)
                  000061f8    000000dc     Crystalfontz128x128_ST7735.obj (.text:Crystalfontz128x128_PixelDrawMultiple)
                  000062d4    00000004     ti.targets.arm.rtsarm.aem4f : System.oem4f (.text:xdc_runtime_System_printf_va__F)
                  000062d8    000000d4     buttons.obj (.text:ButtonISR)
                  000063ac    00000004     --HOLE-- [fill = 0]
                  000063b0    000000d4     buttons.obj (.text:ButtonReadJoystick)
                  00006484    00000004     --HOLE-- [fill = 0]
                  00006488    000000cc     sampling.obj (.text:COMP0_Init)
                  00006554    00000004     --HOLE-- [fill = 0]
                  00006558    000000cc     kiss_fft.obj (.text:kiss_fft_alloc)
                  00006624    000000cc     ti.targets.arm.rtsarm.aem4f : Core-smem.oem4f (.text:xdc_runtime_Core_constructObject__I)
                  000066f0    000000c4     grlib.lib : string.obj (.text:GrDefaultStringRenderer)
                  000067b4    00000004     --HOLE-- [fill = 0]
                  000067b8    000000c4     sampling.obj (.text:PWM0_Init)
                  0000687c    000000c0     grlib.lib : line.obj (.text:GrLineClip)
                  0000693c    00000004     --HOLE-- [fill = 0]
                  00006940    000000bc     Crystalfontz128x128_ST7735.obj (.text:Crystalfontz128x128_Init)
                  000069fc    00000004     --HOLE-- [fill = 0]
                  00006a00    000000bc     sysbios.aem4f : BIOS.obj (.text:ti_sysbios_family_arm_m3_Hwi_excDebugMon__I)
                  00006abc    00000004     --HOLE-- [fill = 0]
                  00006ac0    000000bc                   : BIOS.obj (.text:ti_sysbios_family_arm_m3_Hwi_excHardFault__I)
                  00006b7c    00000004     --HOLE-- [fill = 0]
                  00006b80    000000b4                   : BIOS.obj (.text:ti_sysbios_gates_GateMutex_enter__E)
                  00006c34    00000004     --HOLE-- [fill = 0]
                  00006c38    000000b4                   : BIOS.obj (.text:ti_sysbios_knl_Task_checkStacks__E)
                  00006cec    000000b1     rtsv7M4_T_le_v4SPD16_eabi.lib : _printfi.c.obj (.text:_ltostr)
                  00006d9d    00000003     --HOLE-- [fill = 0]
                  00006da0    000000ac     main.obj (.text:Waveform_Task)
                  00006e4c    00000004     --HOLE-- [fill = 0]
                  00006e50    000000ac     sysbios.aem4f : BIOS.obj (.text:ti_sysbios_family_arm_lm4_Timer_enableTiva__I)
                  00006efc    000000a0     auto_init.aem4f : auto_init.oem4f (.text)
                  00006f9c    000000a0     ti.targets.arm.rtsarm.aem4f : Text.oem4f (.text:xdc_runtime_Text_putMod__E)
                  0000703c    00000004     --HOLE-- [fill = 0]
                  00007040    0000009c     Crystalfontz128x128_ST7735.obj (.text:Crystalfontz128x128_SetDrawFrame)
                  000070dc    0000009c     rtsv7M4_T_le_v4SPD16_eabi.lib : memcpy_t2.asm.obj (.text)
                  00007178    0000009c     sysbios.aem4f : BIOS.obj (.text:ti_sysbios_knl_Semaphore_Instance_init__E)
                  00007214    0000009a     ti.targets.arm.rtsarm.aem4f : Text.oem4f (.text:xdc_runtime_Text_putSite__E)
                  000072ae    00000002     --HOLE-- [fill = 0]
                  000072b0    00000098     Boot.aem4f : Boot.oem4f (.text:ti_catalog_arm_cortexm4_tiva_ce_Boot_sysCtlClockFreqSet__E)
                  00007348    00000096     rtsv7M4_T_le_v4SPD16_eabi.lib : ull_div_t2.asm.obj (.text)
                  000073de    00000002     --HOLE-- [fill = 0]
                  000073e0    00000094     sysbios.aem4f : BIOS.obj (.text:ti_sysbios_family_arm_m3_Hwi_initNVIC__E)
                  00007474    00000004     --HOLE-- [fill = 0]
                  00007478    00000090     main.obj (.text:UI_Task)
                  00007508    00000090     main.obj (.text:main)
                  00007598    0000008c     sysbios.aem4f : m3_TaskSupport_asm.obj (.text:ti_sysbios_family_arm_m3_TaskSupport_buildTaskStack)
                  00007624    00000004     --HOLE-- [fill = 0]
                  00007628    0000008c                   : BIOS.obj (.text:ti_sysbios_knl_Task_postInit__I)
                  000076b4    00000004     --HOLE-- [fill = 0]
                  000076b8    00000088                   : BIOS.obj (.text:ti_sysbios_knl_Mailbox_post__E)
                  00007740    00000086     grlib.lib : rectangle.obj (.text:GrRectFill)
                  000077c6    00000086     rtsv7M4_T_le_v4SPD16_eabi.lib : fd_cmp_t2.asm.obj (.text:__aeabi_cdcmple)
                  0000784c    00000086                                   : fd_cmp_t2.asm.obj (.text:__aeabi_cdrcmple)
                  000078d2    00000006     driverlib.lib : pwm.obj (.text:PWMGenIntClear)
                  000078d8    00000084     sysbios.aem4f : BIOS.obj (.text:ti_sysbios_family_arm_m3_Hwi_postInit__I)
                  0000795c    00000084     driverlib.lib : udma.obj (.text:uDMAChannelTransferSet)
                  000079e0    00000080     Crystalfontz128x128_ST7735.obj (.text:Crystalfontz128x128_RectFill)
                  00007a60    00000080     rtsv7M4_T_le_v4SPD16_eabi.lib : s_floorf.c.obj (.text:floorf)
                  00007ae0    00000080     kiss_fft.obj (.text:kf_bfly2)
                  00007b60    0000007c     main.obj (.text:Frequency_Task)
                  00007bdc    0000007a     driverlib.lib : adc.obj (.text:ADCSequenceStepConfigure)
                  00007c56    0000007a     rtsv7M4_T_le_v4SPD16_eabi.lib : memset_t2.asm.obj (.text)
                  00007cd0    00000078     HAL_EK_TM4C1294XL_Crystalfontz128x128_ST7735.obj (.text:HAL_LCD_PortInit)
                  00007d48    00000078     HAL_EK_TM4C1294XL_Crystalfontz128x128_ST7735.obj (.text:HAL_LCD_SpiInit)
                  00007dc0    00000074     sysbios.aem4f : BIOS.obj (.text:ti_sysbios_knl_Mailbox_pend__E)
                  00007e34    00000004     --HOLE-- [fill = 0]
                  00007e38    00000070     sampling.obj (.text:ADC_ISR)
                  00007ea8    00000070     sysbios.aem4f : BIOS.obj (.text:ti_sysbios_knl_Clock_workFunc__E)
                  00007f18    00000070                   : BIOS.obj (.text:ti_sysbios_knl_Task_exit__E)
                  00007f88    0000006e     rtsv7M4_T_le_v4SPD16_eabi.lib : _printfi.c.obj (.text:_mcpy)
                  00007ff6    0000006e                                   : s_roundf.c.obj (.text:roundf)
                  00008064    0000006e                                   : fd_tos_t2.asm.obj (.text)
                  000080d2    00000002     --HOLE-- [fill = 0]
                  000080d4    0000006d     ti.targets.arm.rtsarm.aem4f : System.oem4f (.text:xdc_runtime_System_formatNum__I)
                  00008141    00000001     --HOLE-- [fill = 0]
                  00008142    00000006     driverlib.lib : sysctl.obj (.text:SysCtlDelay)
                  00008148    0000006c     kiss_fft.obj (.text:kf_factor)
                  000081b4    00000004     --HOLE-- [fill = 0]
                  000081b8    0000006c     sysbios.aem4f : BIOS.obj (.text:ti_sysbios_knl_Swi_restoreHwi__E)
                  00008224    0000006c     ti.targets.arm.rtsarm.aem4f : Error.oem4f (.text:xdc_runtime_Error_print__E)
                  00008290    0000006c                                 : Memory.oem4f (.text:xdc_runtime_Memory_alloc__E)
                  000082fc    00000068     grlib.lib : context.obj (.text:GrContextInit)
                  00008364    00000068     rtsv7M4_T_le_v4SPD16_eabi.lib : copy_decompress_lzss.c.obj (.text:decompress:lzss:__TI_decompress_lzss)
                  000083cc    00000004     --HOLE-- [fill = 0]
                  000083d0    00000068     sysbios.aem4f : BIOS.obj (.text:ti_sysbios_family_arm_lm4_TimestampProvider_initTimerHandle__I)
                  00008438    00000066     ti.targets.arm.rtsarm.aem4f : Core-mem.oem4f (.text:xdc_runtime_Core_deleteObject__I)
                  0000849e    00000002     --HOLE-- [fill = 0]
                  000084a0    00000064     rtsv7M4_T_le_v4SPD16_eabi.lib : s_frexp.c.obj (.text:frexp)
                  00008504    00000004     --HOLE-- [fill = 0]
                  00008508    00000064     sampling.obj (.text:getTriggerIndex)
                  0000856c    00000004     --HOLE-- [fill = 0]
                  00008570    00000064     sysbios.aem4f : BIOS.obj (.text:ti_sysbios_family_arm_lm4_Timer_Module_startup__E)
                  000085d4    00000004     --HOLE-- [fill = 0]
                  000085d8    00000064                   : BIOS.obj (.text:ti_sysbios_family_arm_m3_Hwi_dispatchC__I)
                  0000863c    00000004     --HOLE-- [fill = 0]
                  00008640    00000060     buttons.obj (.text:ButtonDebounce)
                  000086a0    00000060     driverlib.lib : timer.obj (.text:TimerConfigure)
                  00008700    00000060     sysbios.aem4f : BIOS.obj (.text:ti_sysbios_knl_Task_schedule__I)
                  00008760    0000005c     kiss_fft.obj (.text:kiss_fft_stride)
                  000087bc    00000004     --HOLE-- [fill = 0]
                  000087c0    0000005c     sysbios.aem4f : BIOS.obj (.text:ti_sysbios_knl_Swi_run__I)
                  0000881c    00000004     --HOLE-- [fill = 0]
                  00008820    0000005c                   : BIOS.obj (.text:ti_sysbios_knl_Swi_schedule__I)
                  0000887c    00000004     --HOLE-- [fill = 0]
                  00008880    0000005c                   : BIOS.obj (.text:ti_sysbios_knl_Task_Module_startup__E)
                  000088dc    00000004     --HOLE-- [fill = 0]
                  000088e0    0000005c                   : BIOS.obj (.text:ti_sysbios_knl_Task_startCore__E)
                  0000893c    0000005b     ti.targets.arm.rtsarm.aem4f : Text.oem4f (.text:xdc_runtime_Text_putLab__E)
                  00008997    00000001     --HOLE-- [fill = 0]
                  00008998    0000005a     grlib.lib : string.obj (.text:FontWideGlyphDataGet)
                  000089f2    00000006     ti.targets.arm.rtsarm.aem4f : System.oem4f (.text:xdc_runtime_System_Module_startup__E)
                  000089f8    00000058     buttons.obj (.text:ButtonAutoRepeat)
                  00008a50    00000058     boot.aem4f : boot.oem4f (.text)
                  00008aa8    00000058     rtsv7M4_T_le_v4SPD16_eabi.lib : hostwrite.c.obj (.text:HOSTwrite)
                  00008b00    00000058     sysbios.aem4f : m3_Hwi_asm_switch.obj (.text:ti_sysbios_family_arm_m3_Hwi_initStacks__E)
                  00008b58    00000056     rtsv7M4_T_le_v4SPD16_eabi.lib : _printfi.c.obj (.text:_pconv_f)
                  00008bae    00000054                                   : ltoa.c.obj (.text:ltoa)
                  00008c02    00000006     --HOLE-- [fill = 0]
                  00008c08    00000054     sysbios.aem4f : BIOS.obj (.text:ti_sysbios_family_arm_lm4_Timer_initDevice__I)
                  00008c5c    00000054     ti.targets.arm.rtsarm.aem4f : Assert.oem4f (.text:xdc_runtime_Assert_raise__I)
                  00008cb0    00000052     rtsv7M4_T_le_v4SPD16_eabi.lib : _printfi.c.obj (.text:_ecpy)
                  00008d02    00000002     --HOLE-- [fill = 0]
                  00008d04    00000050     Boot.aem4f : Boot_sysctl.oem4f (.text:_SysCtlFrequencyGet)
                  00008d54    00000004     --HOLE-- [fill = 0]
                  00008d58    00000050     sysbios.aem4f : BIOS.obj (.text:ti_sysbios_family_arm_m3_Hwi_Module_startup__E)
                  00008da8    00000050     ti.targets.arm.rtsarm.aem4f : Startup.oem4f (.text:xdc_runtime_Startup_exec__E)
                  00008df8    00000050                                 : Text.oem4f (.text:xdc_runtime_Text_visitRope2__I)
                  00008e48    0000004c     rtsv7M4_T_le_v4SPD16_eabi.lib : atoi.c.obj (.text:atoi)
                  00008e94    0000004c                                   : cpy_tbl.c.obj (.text:copy_in)
                  00008ee0    0000004c                                   : snprintf.c.obj (.text:snprintf)
                  00008f2c    00000004     --HOLE-- [fill = 0]
                  00008f30    0000004c     sysbios.aem4f : BIOS.obj (.text:ti_sysbios_heaps_HeapMem_getStats__E)
                  00008f7c    00000004     --HOLE-- [fill = 0]
                  00008f80    0000004c                   : BIOS.obj (.text:ti_sysbios_knl_Swi_runLoop__I)
                  00008fcc    00000004     --HOLE-- [fill = 0]
                  00008fd0    0000004c                   : BIOS.obj (.text:ti_sysbios_knl_Task_allBlockedFunction__I)
                  0000901c    0000004a     grlib.lib : string.obj (.text:UpdateContextCharMapping)
                  00009066    00000002     --HOLE-- [fill = 0]
                  00009068    00000048     driverlib.lib : gpio.obj (.text:GPIOPinConfigure)
                  000090b0    00000048     HAL_EK_TM4C1294XL_Crystalfontz128x128_ST7735.obj (.text:HAL_LCD_writeCommand)
                  000090f8    00000048     sysctl_pll.obj (.text:SysCtlFrequencyGet)
                  00009140    00000048     sampling.obj (.text:getADCBufferIndex)
                  00009188    00000048     rtsv7M4_T_le_v4SPD16_eabi.lib : fd_toi_t2.asm.obj (.text)
                  000091d0    00000048     sysbios.aem4f : BIOS.obj (.text:ti_sysbios_family_arm_lm4_Timer_enableTimers__I)
                  00009218    00000048                   : BIOS.obj (.text:ti_sysbios_family_arm_m3_Hwi_disableInterrupt__E)
                  00009260    00000048                   : BIOS.obj (.text:ti_sysbios_family_arm_m3_Hwi_enableInterrupt__E)
                  000092a8    00000048                   : BIOS.obj (.text:ti_sysbios_family_arm_m3_Hwi_excReserved__I)
                  000092f0    00000048                   : BIOS.obj (.text:ti_sysbios_knl_Mailbox_Module_startup__E)
                  00009338    00000048     driverlib.lib : udma.obj (.text:uDMAChannelAttributeDisable)
                  00009380    00000046     grlib.lib : line.obj (.text:GrLineDrawH)
                  000093c6    00000046               : line.obj (.text:GrLineDrawV)
                  0000940c    00000046     ti.targets.arm.rtsarm.aem4f : Core-params.oem4f (.text:xdc_runtime_Core_assignParams__I)
                  00009452    00000006     --HOLE-- [fill = 0]
                  00009458    00000044     Crystalfontz128x128_ST7735.obj (.text:Crystalfontz128x128_SetOrientation)
                  0000949c    00000004     --HOLE-- [fill = 0]
                  000094a0    00000044     sampling.obj (.text:Freq_ISR)
                  000094e4    00000004     --HOLE-- [fill = 0]
                  000094e8    00000044     sysbios.aem4f : BIOS.obj (.text:ti_sysbios_family_arm_lm4_Timer_isrStub__E)
                  0000952c    00000004     --HOLE-- [fill = 0]
                  00009530    00000044                   : BIOS.obj (.text:ti_sysbios_family_arm_m3_Hwi_getStackInfo__E)
                  00009574    00000004     --HOLE-- [fill = 0]
                  00009578    00000044                   : BIOS.obj (.text:ti_sysbios_knl_Swi_post__E)
                  000095bc    00000044     ti.targets.arm.rtsarm.aem4f : Error.oem4f (.text:xdc_runtime_Error_setX__E)
                  00009600    00000044                                 : SysMin.oem4f (.text:xdc_runtime_SysMin_flush__E)
                  00009644    00000044                                 : Text.oem4f (.text:xdc_runtime_Text_xprintf__I)
                  00009688    00000040     Crystalfontz128x128_ST7735.obj (.text:Crystalfontz128x128_LineDrawH)
                  000096c8    00000040     rtsv7M4_T_le_v4SPD16_eabi.lib : u_divt2.asm.obj (.text)
                  00009708    00000040     sysbios.aem4f : BIOS.obj (.text:ti_sysbios_family_arm_lm4_Timer_startup__E)
                  00009748    00000040     sampling.obj (.text:voltageScale)
                  00009788    0000003e     driverlib.lib : adc.obj (.text:ADCSequenceConfigure)
                  000097c6    0000003e     rtsv7M4_T_le_v4SPD16_eabi.lib : _printfi.c.obj (.text:_fcpy)
                  00009804    0000003c     driverlib.lib : ssi.obj (.text:SSIConfigSetExpClk)
                  00009840    0000003c     sysbios.aem4f : BIOS.obj (.text:ti_sysbios_family_arm_m3_Hwi_excSvCall__I)
                  0000987c    00000004     --HOLE-- [fill = 0]
                  00009880    0000003c                   : BIOS.obj (.text:ti_sysbios_heaps_HeapMem_init__I)
                  000098bc    00000004     --HOLE-- [fill = 0]
                  000098c0    0000003c                   : BIOS.obj (.text:ti_sysbios_knl_Swi_restore__E)
                  000098fc    0000003a     grlib.lib : string.obj (.text:FontGlyphDataGet)
                  00009936    00000002     --HOLE-- [fill = 0]
                  00009938    00000038     Crystalfontz128x128_ST7735.obj (.text:Crystalfontz128x128_Flush)
                  00009970    00000038     sampling.obj (.text:PWM_ISR)
                  000099a8    00000038     rtsv7M4_T_le_v4SPD16_eabi.lib : trgmsg.c.obj (.text:__TI_writemsg)
                  000099e0    00000038                                   : fs_tod_t2.asm.obj (.text)
                  00009a18    00000038     sysbios.aem4f : BIOS.obj (.text:ti_sysbios_family_arm_m3_Hwi_excNoIsr__I)
                  00009a50    00000038                   : BIOS.obj (.text:ti_sysbios_knl_Task_processVitalTaskFlag__I)
                  00009a88    00000038     ti.targets.arm.rtsarm.aem4f : SysMin.oem4f (.text:xdc_runtime_SysMin_putch__E)
                  00009ac0    00000038                                 : System.oem4f (.text:xdc_runtime_System_atexit__E)
                  00009af8    00000036     grlib.lib : line.obj (.text:GrClipCodeGet)
                  00009b2e    00000002     --HOLE-- [fill = 0]
                  00009b30    00000034     driverlib.lib : sysctl.obj (.text:SysCtlPeripheralEnable)
                  00009b64    00000034     rtsv7M4_T_le_v4SPD16_eabi.lib : trgmsg.c.obj (.text:__TI_readmsg)
                  00009b98    00000034     sysbios.aem4f : BIOS.obj (.text:ti_sysbios_family_arm_m3_Hwi_excNmi__I)
                  00009bcc    00000004     --HOLE-- [fill = 0]
                  00009bd0    00000034                   : BIOS.obj (.text:ti_sysbios_hal_Hwi_checkStack)
                  00009c04    00000034     ti.targets.arm.rtsarm.aem4f : Core-label.oem4f (.text:xdc_runtime_Core_assignLabel__I)
                  00009c38    00000033                                 : Text.oem4f (.text:xdc_runtime_Text_printVisFxn__I)
                  00009c6b    00000005     --HOLE-- [fill = 0]
                  00009c70    00000032     sysbios.aem4f : BIOS.obj (.text:ti_sysbios_hal_Hwi_initStack)
                  00009ca2    00000030     rtsv7M4_T_le_v4SPD16_eabi.lib : snprintf.c.obj (.text:_outs)
                  00009cd2    00000006     --HOLE-- [fill = 0]
                  00009cd8    00000030     main.obj (.text:cpu_load_count)
                  00009d08    00000030     rtos_pem4f.oem4f (.text:ti_sysbios_BIOS_atExitFunc__I)
                  00009d38    00000030     sysbios.aem4f : BIOS.obj (.text:ti_sysbios_family_arm_lm4_Timer_stop__E)
                  00009d68    00000030                   : BIOS.obj (.text:ti_sysbios_family_arm_m3_TaskSupport_start__E)
                  00009d98    00000030     rtos_pem4f.oem4f (.text:ti_sysbios_gates_GateHwi_Object__create__S)
                  00009dc8    00000030     rtos_pem4f.oem4f (.text:ti_sysbios_gates_GateMutex_Object__create__S)
                  00009df8    00000030     rtos_pem4f.oem4f (.text:ti_sysbios_heaps_HeapMem_Object__create__S)
                  00009e28    00000030     sysbios.aem4f : BIOS.obj (.text:ti_sysbios_knl_Mailbox_postInit__I)
                  00009e58    00000030     rtos_pem4f.oem4f (.text:ti_sysbios_knl_Semaphore_construct)
                  00009e88    00000030     sysbios.aem4f : BIOS.obj (.text:ti_sysbios_knl_Semaphore_pendTimeout__I)
                  00009eb8    00000030                   : BIOS.obj (.text:ti_sysbios_knl_Task_unblockI__E)
                  00009ee8    00000030     ti.targets.arm.rtsarm.aem4f : SysMin.oem4f (.text:xdc_runtime_SysMin_abort__E)
                  00009f18    00000030                                 : System.oem4f (.text:xdc_runtime_System_processAtExit__E)
                  00009f48    0000002e     driverlib.lib : adc.obj (.text:ADCIntStatus)
                  00009f76    0000002e     grlib.lib : string.obj (.text:GrStringNextCharGet)
                  00009fa4    00000004     --HOLE-- [fill = 0]
                  00009fa8    0000002e     rtos_pem4f.oem4f (.text:malloc)
                  00009fd6    0000002e     rtsv7M4_T_le_v4SPD16_eabi.lib : i_tofd_t2.asm.obj (.text)
                  0000a004    00000004     --HOLE-- [fill = 0]
                  0000a008    0000002c     rtos_pem4f.oem4f (.text:ti_sysbios_knl_Clock_doTick__I)
                  0000a034    00000004     --HOLE-- [fill = 0]
                  0000a038    0000002c     rtos_pem4f.oem4f (.text:ti_sysbios_knl_Queue_construct)
                  0000a064    00000004     --HOLE-- [fill = 0]
                  0000a068    0000002c     sysbios.aem4f : BIOS.obj (.text:ti_sysbios_knl_Task_restore__E)
                  0000a094    0000002c     driverlib.lib : udma.obj (.text:uDMAChannelAssign)
                  0000a0c0    0000002c     ti.targets.arm.rtsarm.aem4f : Text.oem4f (.text:xdc_runtime_Text_cordText__E)
                  0000a0ec    0000002a     driverlib.lib : gpio.obj (.text:GPIODirModeSet)
                  0000a116    0000002a     ti.targets.arm.rtsarm.aem4f : System.oem4f (.text:xdc_runtime_System_putchar__I)
                  0000a140    00000028     rtsv7M4_T_le_v4SPD16_eabi.lib : e_sqrtf.c.obj (.text:sqrtf)
                  0000a168    00000028     sysbios.aem4f : BIOS.obj (.text:ti_sysbios_knl_Clock_addI__E)
                  0000a190    00000028                   : BIOS.obj (.text:ti_sysbios_knl_Swi_Module_startup__E)
                  0000a1b8    00000028     driverlib.lib : udma.obj (.text:uDMAChannelModeGet)
                  0000a1e0    00000026     grlib.lib : string.obj (.text:GrFontInfoGet)
                  0000a206    00000026     sysbios.aem4f : m3_Hwi_asm.obj (.text:ti_sysbios_family_arm_m3_Hwi_pendSV__I)
                  0000a22c    00000026     ti.targets.arm.rtsarm.aem4f : System.oem4f (.text:xdc_runtime_System_avprintf__E)
                  0000a252    00000006     --HOLE-- [fill = 0]
                  0000a258    00000024     rtos_pem4f.oem4f (.text:ti_sysbios_BIOS_errorRaiseHook__I)
                  0000a27c    00000004     --HOLE-- [fill = 0]
                  0000a280    00000024     rtos_pem4f.oem4f (.text:ti_sysbios_BIOS_registerRTSLock__I)
                  0000a2a4    00000004     --HOLE-- [fill = 0]
                  0000a2a8    00000024     rtos_pem4f.oem4f (.text:ti_sysbios_BIOS_removeRTSLock__I)
                  0000a2cc    00000004     --HOLE-- [fill = 0]
                  0000a2d0    00000024     rtos_pem4f.oem4f (.text:ti_sysbios_BIOS_startFunc__I)
                  0000a2f4    00000004     --HOLE-- [fill = 0]
                  0000a2f8    00000024     rtos_pem4f.oem4f (.text:ti_sysbios_gates_GateMutex_Object__delete__S)
                  0000a31c    00000004     --HOLE-- [fill = 0]
                  0000a320    00000024     sysbios.aem4f : BIOS.obj (.text:ti_sysbios_knl_Clock_Module_startup__E)
                  0000a344    00000004     --HOLE-- [fill = 0]
                  0000a348    00000024                   : BIOS.obj (.text:ti_sysbios_knl_Task_restoreHwi__E)
                  0000a36c    00000024     driverlib.lib : udma.obj (.text:uDMAChannelControlSet)
                  0000a390    00000024                   : udma.obj (.text:uDMAChannelSizeGet)
                  0000a3b4    00000024     ti.targets.arm.rtsarm.aem4f : System.oem4f (.text:xdc_runtime_System_vprintf__E)
                  0000a3d8    00000022     grlib.lib : string.obj (.text:GrFontGlyphDataGet)
                  0000a3fa    00000022     driverlib.lib : pwm.obj (.text:PWMGenConfigure)
                  0000a41c    00000004     --HOLE-- [fill = 0]
                  0000a420    00000022     sysbios.aem4f : BIOS.obj (.text:ti_sysbios_family_arm_lm4_Timer_write__I)
                  0000a442    00000006     --HOLE-- [fill = 0]
                  0000a448    00000022     rtos_pem4f.oem4f (.text:xdc_runtime_SysMin_output__I)
                  0000a46a    00000002     --HOLE-- [fill = 0]
                  0000a46c    00000020     Boot.aem4f : Boot_sysctl.oem4f (.text:_SysCtlMemTimingGet)
                  0000a48c    00000004     --HOLE-- [fill = 0]
                  0000a490    00000020     rtos_pem4f.oem4f (.text:ti_sysbios_BIOS_rtsLock__I)
                  0000a4b0    00000020     sysbios.aem4f : m3_Hwi_asm.obj (.text:ti_sysbios_family_arm_m3_Hwi_excHandlerAsm__I)
                  0000a4d0    00000020                   : BIOS.obj (.text:ti_sysbios_family_arm_m3_Hwi_excHandler__I)
                  0000a4f0    00000020     rtos_pem4f.oem4f (.text:ti_sysbios_gates_GateHwi_Object__delete__S)
                  0000a510    00000020     rtos_pem4f.oem4f (.text:ti_sysbios_heaps_HeapMem_Object__delete__S)
                  0000a530    00000020     sysbios.aem4f : BIOS.obj (.text:ti_sysbios_knl_Idle_run__E)
                  0000a550    00000020     rtos_pem4f.oem4f (.text:ti_sysbios_knl_Semaphore_Object__destruct__S)
                  0000a570    00000020     ti.targets.arm.rtsarm.aem4f : Registry.oem4f (.text:xdc_runtime_Registry_findById__E)
                  0000a590    00000020                                 : SysMin.oem4f (.text:xdc_runtime_SysMin_Module_startup__E)
                  0000a5b0    0000001e     driverlib.lib : adc.obj (.text:ADCSequenceDataGet)
                  0000a5ce    00000002     --HOLE-- [fill = 0]
                  0000a5d0    0000001e     Crystalfontz128x128_ST7735.obj (.text:Crystalfontz128x128_ColorTranslate)
                  0000a5ee    0000001e     grlib.lib : string.obj (.text:GrFontCodepageGet)
                  0000a60c    0000001e     driverlib.lib : pwm.obj (.text:PWMPulseWidthSet)
                  0000a62a    0000001e     sysbios.aem4f : m3_Hwi_asm_switch.obj (.text:ti_sysbios_family_xxx_Hwi_switchAndRunFunc)
                  0000a648    0000001c     Crystalfontz128x128_ST7735.obj (.text:Crystalfontz128x128_LineDrawV)
                  0000a664    0000001c     rtsv7M4_T_le_v4SPD16_eabi.lib : memccpy.c.obj (.text:memccpy)
                  0000a680    0000001c     sysbios.aem4f : BIOS.obj (.text:ti_sysbios_gates_GateMutex_Instance_init__E)
                  0000a69c    00000004     --HOLE-- [fill = 0]
                  0000a6a0    0000001c     rtos_pem4f.oem4f (.text:ti_sysbios_knl_Queue_Object__destruct__S)
                  0000a6bc    00000004     --HOLE-- [fill = 0]
                  0000a6c0    0000001c     sysbios.aem4f : BIOS.obj (.text:ti_sysbios_knl_Queue_get__E)
                  0000a6dc    00000004     --HOLE-- [fill = 0]
                  0000a6e0    0000001c                   : BIOS.obj (.text:ti_sysbios_knl_Queue_put__E)
                  0000a6fc    00000004     --HOLE-- [fill = 0]
                  0000a700    0000001c                   : BIOS.obj (.text:ti_sysbios_knl_Task_enter__I)
                  0000a71c    0000001c     ti.targets.arm.rtsarm.aem4f : Error.oem4f (.text:xdc_runtime_Error_raiseX__E)
                  0000a738    0000001c                                 : Memory.oem4f (.text:xdc_runtime_Memory_valloc__E)
                  0000a754    0000001c                                 : SysMin.oem4f (.text:xdc_runtime_SysMin_exit__E)
                  0000a770    0000001c                                 : System.oem4f (.text:xdc_runtime_System_abort__E)
                  0000a78c    0000001a     rtsv7M4_T_le_v4SPD16_eabi.lib : s_copysign.c.obj (.text:copysign)
                  0000a7a6    00000002     --HOLE-- [fill = 0]
                  0000a7a8    0000001a     rtos_pem4f.oem4f (.text:free)
                  0000a7c2    00000006     --HOLE-- [fill = 0]
                  0000a7c8    0000001a     rtos_pem4f.oem4f (.text:ti_sysbios_family_arm_m3_Hwi_Handle__label__S)
                  0000a7e2    00000006     --HOLE-- [fill = 0]
                  0000a7e8    0000001a     rtos_pem4f.oem4f (.text:ti_sysbios_gates_GateHwi_Handle__label__S)
                  0000a802    00000006     --HOLE-- [fill = 0]
                  0000a808    0000001a     rtos_pem4f.oem4f (.text:ti_sysbios_gates_GateMutex_Handle__label__S)
                  0000a822    00000006     --HOLE-- [fill = 0]
                  0000a828    0000001a     rtos_pem4f.oem4f (.text:ti_sysbios_heaps_HeapMem_Handle__label__S)
                  0000a842    00000006     --HOLE-- [fill = 0]
                  0000a848    0000001a     rtos_pem4f.oem4f (.text:ti_sysbios_knl_Swi_Handle__label__S)
                  0000a862    00000006     --HOLE-- [fill = 0]
                  0000a868    0000001a     rtos_pem4f.oem4f (.text:ti_sysbios_knl_Task_Handle__label__S)
                  0000a882    00000006     --HOLE-- [fill = 0]
                  0000a888    0000001a     rtos_pem4f.oem4f (.text:xdc_runtime_System_aprintf__E)
                  0000a8a2    00000006     --HOLE-- [fill = 0]
                  0000a8a8    0000001a     rtos_pem4f.oem4f (.text:xdc_runtime_System_printf__E)
                  0000a8c2    00000018     driverlib.lib : adc.obj (.text:ADCClockConfigSet)
                  0000a8da    00000018                   : adc.obj (.text:ADCProcessorTrigger)
                  0000a8f2    00000018                   : gpio.obj (.text:GPIOPinTypeGPIOOutput)
                  0000a90a    00000002     --HOLE-- [fill = 0]
                  0000a90c    00000018     rtsv7M4_T_le_v4SPD16_eabi.lib : args_main.c.obj (.text:_args_main)
                  0000a924    00000018                                   : snprintf.c.obj (.text:_outc)
                  0000a93c    00000004     --HOLE-- [fill = 0]
                  0000a940    00000018     rtos_pem4f.oem4f (.text:ti_sysbios_BIOS_rtsUnlock__I)
                  0000a958    00000018     rtos_pem4f.oem4f (.text:ti_sysbios_family_arm_lm4_Timer_Module__startupDone__F)
                  0000a970    00000018     rtos_pem4f.oem4f (.text:ti_sysbios_family_arm_m3_Hwi_Module__startupDone__F)
                  0000a988    00000018     sysbios.aem4f : m3_TaskSupport_asm.obj (.text:ti_sysbios_family_arm_m3_TaskSupport_swap__E)
                  0000a9a0    00000018                   : BIOS.obj (.text:ti_sysbios_gates_GateMutex_leave__E)
                  0000a9b8    00000018     driverlib.lib : udma.obj (.text:uDMAChannelEnable)
                  0000a9d0    00000018                   : udma.obj (.text:uDMAChannelIsEnabled)
                  0000a9e8    00000018     ti.targets.arm.rtsarm.aem4f : Error.oem4f (.text:xdc_runtime_Error_check__E)
                  0000aa00    00000018                                 : System.oem4f (.text:xdc_runtime_System_exit__E)
                  0000aa18    00000018                                 : Text.oem4f (.text:xdc_runtime_Text_ropeText__E)
                  0000aa30    00000016     grlib.lib : string.obj (.text:GrStringDraw)
                  0000aa46    00000016     driverlib.lib : timer.obj (.text:TimerControlEvent)
                  0000aa5c    00000016     rtsv7M4_T_le_v4SPD16_eabi.lib : strchr.c.obj (.text:strchr)
                  0000aa72    00000006     --HOLE-- [fill = 0]
                  0000aa78    00000016     rtos_pem4f.oem4f (.text:ti_sysbios_BIOS_exitFunc__I)
                  0000aa8e    00000002     --HOLE-- [fill = 0]
                  0000aa90    00000016     sysbios.aem4f : BIOS.obj (.text:ti_sysbios_knl_Task_unblock__E)
                  0000aaa6    00000002     --HOLE-- [fill = 0]
                  0000aaa8    00000014     Crystalfontz128x128_ST7735.obj (.text:Crystalfontz128x128_PixelDraw)
                  0000aabc    00000014     driverlib.lib : pwm.obj (.text:PWMClockSet)
                  0000aad0    00000014                   : timer.obj (.text:TimerDisable)
                  0000aae4    00000014     rtsv7M4_T_le_v4SPD16_eabi.lib : strlen.c.obj (.text:strlen)
                  0000aaf8    00000014     rtos_pem4f.oem4f (.text:ti_sysbios_family_arm_m3_Hwi_Object__get__S)
                  0000ab0c    00000004     --HOLE-- [fill = 0]
                  0000ab10    00000014     sysbios.aem4f : BIOS.obj (.text:ti_sysbios_family_arm_m3_Hwi_switchFromBootStack__E)
                  0000ab24    00000004     --HOLE-- [fill = 0]
                  0000ab28    00000014     rtos_pem4f.oem4f (.text:ti_sysbios_heaps_HeapMem_Object__get__S)
                  0000ab3c    00000004     --HOLE-- [fill = 0]
                  0000ab40    00000014     rtos_pem4f.oem4f (.text:ti_sysbios_knl_Mailbox_Object__get__S)
                  0000ab54    00000004     --HOLE-- [fill = 0]
                  0000ab58    00000014     rtos_pem4f.oem4f (.text:ti_sysbios_knl_Swi_Object__get__S)
                  0000ab6c    00000012     driverlib.lib : gpio.obj (.text:GPIOPinTypeADC)
                  0000ab7e    00000012                   : gpio.obj (.text:GPIOPinTypeComparator)
                  0000ab90    00000012                   : gpio.obj (.text:GPIOPinTypeComparatorOutput)
                  0000aba2    00000012                   : gpio.obj (.text:GPIOPinTypeGPIOInput)
                  0000abb4    00000012                   : gpio.obj (.text:GPIOPinTypePWM)
                  0000abc6    00000012                   : gpio.obj (.text:GPIOPinTypeSSI)
                  0000abd8    00000012                   : gpio.obj (.text:GPIOPinTypeTimer)
                  0000abea    00000012                   : pwm.obj (.text:PWMOutputInvert)
                  0000abfc    00000012                   : pwm.obj (.text:PWMOutputState)
                  0000ac0e    00000012                   : timer.obj (.text:TimerLoadSet)
                  0000ac20    00000012                   : timer.obj (.text:TimerPrescaleSet)
                  0000ac32    00000006     --HOLE-- [fill = 0]
                  0000ac38    00000012     sysbios.aem4f : BIOS.obj (.text:ti_sysbios_hal_Hwi_Module_startup__E)
                  0000ac4a    00000012     rtsv7M4_T_le_v4SPD16_eabi.lib : wcslen.c.obj (.text:wcslen)
                  0000ac5c    00000004     --HOLE-- [fill = 0]
                  0000ac60    00000012     rtos_pem4f.oem4f (.text:xdc_runtime_Startup_exec__I)
                  0000ac72    00000006     --HOLE-- [fill = 0]
                  0000ac78    00000010     rtos_pem4f.oem4f (.text:.bootCodeSection:ti_catalog_arm_cortexm4_tiva_ce_Boot_init__I)
                  0000ac88    00000010     driverlib.lib : adc.obj (.text:ADCSequenceDMAEnable)
                  0000ac98    00000010                   : interrupt.obj (.text:IntMasterDisable)
                  0000aca8    00000010                   : interrupt.obj (.text:IntMasterEnable)
                  0000acb8    00000010                   : pwm.obj (.text:PWMGenPeriodSet)
                  0000acc8    00000010     sysbios.aem4f : BIOS.obj (.text:ti_sysbios_BIOS_setThreadType__E)
                  0000acd8    00000010                   : BIOS.obj (.text:ti_sysbios_BIOS_start__E)
                  0000ace8    00000010                   : m3_TaskSupport_asm.obj (.text:ti_sysbios_family_arm_m3_TaskSupport_glue)
                  0000acf8    00000010                   : BIOS.obj (.text:ti_sysbios_gates_GateMutex_Instance_finalize__E)
                  0000ad08    00000010                   : BIOS.obj (.text:ti_sysbios_knl_Semaphore_Instance_finalize__E)
                  0000ad18    00000010                   : BIOS.obj (.text:ti_sysbios_knl_Swi_disable__E)
                  0000ad28    00000010     rtos_pem4f.oem4f (.text:ti_sysbios_knl_Task_Object__get__S)
                  0000ad38    00000010     sysbios.aem4f : BIOS.obj (.text:ti_sysbios_knl_Task_disable__E)
                  0000ad48    00000010     driverlib.lib : udma.obj (.text:uDMAEnable)
                  0000ad58    00000010     ti.targets.arm.rtsarm.aem4f : Gate.oem4f (.text:xdc_runtime_Gate_leaveSystem__E)
                  0000ad68    00000010                                 : Memory.oem4f (.text:xdc_runtime_Memory_free__E)
                  0000ad78    00000010                                 : SysMin.oem4f (.text:xdc_runtime_SysMin_ready__E)
                  0000ad88    00000010                                 : System.oem4f (.text:xdc_runtime_System_vsnprintf__E)
                  0000ad98    00000010     rtos_pem4f.oem4f (.text:xdc_runtime_Text_visitRope__I)
                  0000ada8    0000000e     driverlib.lib : adc.obj (.text:ADCSequenceDisable)
                  0000adb6    0000000e                   : adc.obj (.text:ADCSequenceEnable)
                  0000adc4    0000000e                   : timer.obj (.text:TimerEnable)
                  0000add2    0000000e     rtsv7M4_T_le_v4SPD16_eabi.lib : copy_decompress_none.c.obj (.text:decompress:none:__TI_decompress_none)
                  0000ade0    0000000e     sysbios.aem4f : BIOS.obj (.text:ti_sysbios_knl_Idle_loop__E)
                  0000adee    00000002     --HOLE-- [fill = 0]
                  0000adf0    0000000e                   : BIOS.obj (.text:ti_sysbios_knl_Queue_empty__E)
                  0000adfe    0000000c     driverlib.lib : cpu.obj (.text:CPUcpsid)
                  0000ae0a    0000000c                   : cpu.obj (.text:CPUcpsie)
                  0000ae16    00000002     --HOLE-- [fill = 0]
                  0000ae18    0000000c     main.obj (.text:Clock)
                  0000ae24    00000004     --HOLE-- [fill = 0]
                  0000ae28    0000000c     main.obj (.text:FreqClock)
                  0000ae34    00000004     --HOLE-- [fill = 0]
                  0000ae38    0000000c     HAL_EK_TM4C1294XL_Crystalfontz128x128_ST7735.obj (.text:HAL_LCD_writeData)
                  0000ae44    0000000c     driverlib.lib : pwm.obj (.text:PWMGenEnable)
                  0000ae50    0000000c     rtsv7M4_T_le_v4SPD16_eabi.lib : _lock.c.obj (.text:_register_lock)
                  0000ae5c    0000000c                                   : _lock.c.obj (.text:_register_unlock)
                  0000ae68    0000000c                                   : copy_zero_init.c.obj (.text:decompress:ZI:__TI_zero_init)
                  0000ae74    00000004     --HOLE-- [fill = 0]
                  0000ae78    0000000c     sysbios.aem4f : BIOS.obj (.text:ti_sysbios_family_arm_lm4_Timer_getMaxTicks__E)
                  0000ae84    00000004     --HOLE-- [fill = 0]
                  0000ae88    0000000c                   : BIOS.obj (.text:ti_sysbios_family_arm_m3_TaskSupport_checkStack__E)
                  0000ae94    00000004     --HOLE-- [fill = 0]
                  0000ae98    0000000c                   : BIOS.obj (.text:ti_sysbios_gates_GateHwi_enter__E)
                  0000aea4    00000004     --HOLE-- [fill = 0]
                  0000aea8    0000000c     rtos_pem4f.oem4f (.text:ti_sysbios_knl_Queue_Object__get__S)
                  0000aeb4    0000000c     driverlib.lib : udma.obj (.text:uDMAControlBaseSet)
                  0000aec0    0000000c     ti.targets.arm.rtsarm.aem4f : Error.oem4f (.text:xdc_runtime_Error_init__E)
                  0000aecc    0000000c                                 : Gate.oem4f (.text:xdc_runtime_Gate_enterSystem__E)
                  0000aed8    0000000c                                 : Memory.oem4f (.text:xdc_runtime_Memory_calloc__E)
                  0000aee4    0000000c                                 : Memory.oem4f (.text:xdc_runtime_Memory_getMaxDefaultTypeAlign__E)
                  0000aef0    0000000a     driverlib.lib : adc.obj (.text:ADCIntClear)
                  0000aefa    0000000a                   : pwm.obj (.text:PWMGenIntTrigEnable)
                  0000af04    0000000a                   : ssi.obj (.text:SSIDataPut)
                  0000af0e    0000000a                   : ssi.obj (.text:SSIEnable)
                  0000af18    0000000a                   : timer.obj (.text:TimerIntStatus)
                  0000af22    0000000a                   : timer.obj (.text:TimerValueGet)
                  0000af2c    00000004     --HOLE-- [fill = 0]
                  0000af30    0000000a     rtos_pem4f.oem4f (.text:xdc_runtime_IHeap_alloc)
                  0000af3a    00000006     --HOLE-- [fill = 0]
                  0000af40    0000000a     rtos_pem4f.oem4f (.text:xdc_runtime_IHeap_free)
                  0000af4a    00000008     driverlib.lib : adc.obj (.text:ADCIntEnableEx)
                  0000af52    00000008                   : comp.obj (.text:ComparatorConfigure)
                  0000af5a    00000008     grlib.lib : charmap.obj (.text:GrMapISO8859_1_Unicode)
                  0000af62    00000008     driverlib.lib : pwm.obj (.text:PWMIntEnable)
                  0000af6a    00000008                   : ssi.obj (.text:SSIBusy)
                  0000af72    00000008                   : timer.obj (.text:TimerIntEnable)
                  0000af7a    00000002     --HOLE-- [fill = 0]
                  0000af7c    00000008     rtsv7M4_T_le_v4SPD16_eabi.lib : errno.c.obj (.text:__aeabi_errno_addr)
                  0000af84    00000008     sysbios.aem4f : BIOS.obj (.text:ti_sysbios_family_arm_lm4_Timer_masterDisable__I)
                  0000af8c    00000004     --HOLE-- [fill = 0]
                  0000af90    00000008                   : BIOS.obj (.text:ti_sysbios_family_arm_m3_Hwi_doSwiRestore__I)
                  0000af98    00000008                   : BIOS.obj (.text:ti_sysbios_family_arm_m3_Hwi_startup__E)
                  0000afa0    00000006     kiss_fft.obj (.text:kiss_fft)
                  0000afa6    00000002     --HOLE-- [fill = 0]
                  0000afa8    00000006     sysbios.aem4f : BIOS.obj (.text:ti_sysbios_family_arm_lm4_TimestampProvider_Module_startup__E)
                  0000afae    00000002     --HOLE-- [fill = 0]
                  0000afb0    00000006                   : BIOS.obj (.text:ti_sysbios_family_arm_m3_Hwi_doTaskRestore__I)
                  0000afb6    00000002     --HOLE-- [fill = 0]
                  0000afb8    00000006                   : BIOS.obj (.text:ti_sysbios_gates_GateHwi_leave__E)
                  0000afbe    00000002     --HOLE-- [fill = 0]
                  0000afc0    00000006                   : BIOS.obj (.text:ti_sysbios_heaps_HeapMem_isBlocking__E)
                  0000afc6    00000002     --HOLE-- [fill = 0]
                  0000afc8    00000006                   : BIOS.obj (.text:ti_sysbios_knl_Queue_Instance_init__E)
                  0000afce    00000002     --HOLE-- [fill = 0]
                  0000afd0    00000006                   : BIOS.obj (.text:ti_sysbios_knl_Swi_startup__E)
                  0000afd6    00000002     --HOLE-- [fill = 0]
                  0000afd8    00000004     rtos_pem4f.oem4f (.text:ti_sysbios_BIOS_RtsGateProxy_enter__E)
                  0000afdc    00000004     --HOLE-- [fill = 0]
                  0000afe0    00000004     rtos_pem4f.oem4f (.text:ti_sysbios_BIOS_RtsGateProxy_leave__E)
                  0000afe4    00000004     --HOLE-- [fill = 0]
                  0000afe8    00000004     rtos_pem4f.oem4f (.text:ti_sysbios_family_arm_m3_TaskSupport_Module__startupDone__S)
                  0000afec    00000004     --HOLE-- [fill = 0]
                  0000aff0    00000004     sysbios.aem4f : BIOS.obj (.text:ti_sysbios_gates_GateHwi_query__E)
                  0000aff4    00000004     --HOLE-- [fill = 0]
                  0000aff8    00000004                   : BIOS.obj (.text:ti_sysbios_gates_GateMutex_query__E)
                  0000affc    00000004     --HOLE-- [fill = 0]
                  0000b000    00000004     rtos_pem4f.oem4f (.text:ti_sysbios_heaps_HeapMem_Module_GateProxy_enter__E)
                  0000b004    00000004     --HOLE-- [fill = 0]
                  0000b008    00000004     rtos_pem4f.oem4f (.text:ti_sysbios_heaps_HeapMem_Module_GateProxy_leave__E)
                  0000b00c    00000004     --HOLE-- [fill = 0]
                  0000b010    00000004     rtos_pem4f.oem4f (.text:ti_sysbios_knl_Clock_TimerProxy_getMaxTicks__E)
                  0000b014    00000004     --HOLE-- [fill = 0]
                  0000b018    00000004     rtos_pem4f.oem4f (.text:ti_sysbios_knl_Queue_destruct)
                  0000b01c    00000004     --HOLE-- [fill = 0]
                  0000b020    00000004     rtos_pem4f.oem4f (.text:ti_sysbios_knl_Semaphore_destruct)
                  0000b024    00000004     --HOLE-- [fill = 0]
                  0000b028    00000004     sysbios.aem4f : BIOS.obj (.text:ti_sysbios_knl_Task_startup__E)
                  0000b02c    00000004     --HOLE-- [fill = 0]
                  0000b030    00000004     rtos_pem4f.oem4f (.text:xdc_runtime_System_Module_GateProxy_enter__E)
                  0000b034    00000004     --HOLE-- [fill = 0]
                  0000b038    00000004     rtos_pem4f.oem4f (.text:xdc_runtime_System_Module_GateProxy_leave__E)
                  0000b03c    00000004     --HOLE-- [fill = 0]
                  0000b040    00000002     rtos_pem4f.oem4f (.text:ti_sysbios_BIOS_nullFunc__I)
                  0000b042    00000006     --HOLE-- [fill = 0]
                  0000b048    00000002     sysbios.aem4f : BIOS.obj (.text:ti_sysbios_gates_GateHwi_Instance_init__E)
                  0000b04a    00000006     --HOLE-- [fill = 0]
                  0000b050    00000002                   : BIOS.obj (.text:ti_sysbios_knl_Clock_logTick__E)
                  0000b052    00000006     --HOLE-- [fill = 0]
                  0000b058    00000002     rtos_pem4f.oem4f (.text:xdc_runtime_Startup_reset__I)

.const     0    0000b060    00002790     
                  0000b060    000019a9     rtos_pem4f.oem4f (.const:xdc_runtime_Text_charTab__A)
                  0000ca09    000002f8     grlib.lib : fontfixed6x8.obj (.const:.string:g_pui8FontFixed6x8Data)
                  0000cd01    00000001     rtos_pem4f.oem4f (.const:xdc_runtime_Error_policy__C)
                  0000cd02    00000002     rtos_pem4f.oem4f (.const:ti_catalog_arm_cortexm4_tiva_ce_Boot_Module__id__C)
                  0000cd04    00000004     rtos_pem4f.oem4f (.const:ti_catalog_arm_cortexm4_tiva_ce_Boot_A_mustNotUseEnhancedClockMode__C)
                  0000cd08    00000158     rtsv7M4_T_le_v4SPD16_eabi.lib : k_rem_pio2.c.obj (.const:$O1$$)
                  0000ce60    00000120     Boot.aem4f : Boot_sysctl.oem4f (.const:g_pppui32XTALtoVCO)
                  0000cf80    00000101     rtsv7M4_T_le_v4SPD16_eabi.lib : ctype.c.obj (.const:.string:_ctypes_)
                  0000d081    00000001     --HOLE-- [fill = 0]
                  0000d082    00000002     rtos_pem4f.oem4f (.const:ti_sysbios_family_arm_lm4_TimestampProvider_Module__id__C)
                  0000d084    000000c8     grlib.lib : fontfixed6x8.obj (.const:g_sFontFixed6x8)
                  0000d14c    000000c8     rtos_pem4f.oem4f (.const:xdc_runtime_Text_nodeTab__A)
                  0000d214    00000090     driverlib.lib : gpio.obj (.const:g_pui32GPIOBaseAddrs)
                  0000d2a4    0000006c     Boot.aem4f : Boot_sysctl.oem4f (.const:g_pui32Xtals)
                  0000d310    00000048     rtos_pem4f.oem4f (.const:.string)
                  0000d358    00000048     rtos_pem4f.oem4f (.const)
                  0000d3a0    00000030     Boot.aem4f : Boot_sysctl.oem4f (.const:g_sXTALtoMEMTIM)
                  0000d3d0    00000028     Crystalfontz128x128_ST7735.obj (.const:g_sCrystalfontz128x128)
                  0000d3f8    00000028     rtos_pem4f.oem4f (.const:ti_sysbios_heaps_HeapMem_Module__FXNS__C)
                  0000d420    00000028     rtos_pem4f.oem4f (.const:xdc_runtime_Startup_sfxnTab__A)
                  0000d448    00000024     rtos_pem4f.oem4f (.const:ti_sysbios_gates_GateHwi_Module__FXNS__C)
                  0000d46c    00000024     rtos_pem4f.oem4f (.const:ti_sysbios_gates_GateMutex_Module__FXNS__C)
                  0000d490    00000024     rtos_pem4f.oem4f (.const:ti_sysbios_heaps_HeapMem_Object__PARAMS__C)
                  0000d4b4    00000024     rtos_pem4f.oem4f (.const:ti_sysbios_knl_Semaphore_Object__PARAMS__C)
                  0000d4d8    00000020     rtos_pem4f.oem4f (.const:ti_sysbios_gates_GateHwi_Object__DESC__C)
                  0000d4f8    00000020     rtos_pem4f.oem4f (.const:ti_sysbios_gates_GateMutex_Object__DESC__C)
                  0000d518    00000020     rtos_pem4f.oem4f (.const:ti_sysbios_heaps_HeapMem_Object__DESC__C)
                  0000d538    00000020     rtos_pem4f.oem4f (.const:ti_sysbios_knl_Queue_Object__DESC__C)
                  0000d558    00000020     rtos_pem4f.oem4f (.const:ti_sysbios_knl_Semaphore_Object__DESC__C)
                  0000d578    00000018     rtos_pem4f.oem4f (.const:ti_sysbios_gates_GateHwi_Object__PARAMS__C)
                  0000d590    00000018     rtos_pem4f.oem4f (.const:ti_sysbios_gates_GateMutex_Object__PARAMS__C)
                  0000d5a8    00000018     rtos_pem4f.oem4f (.const:ti_sysbios_knl_Queue_Object__PARAMS__C)
                  0000d5c0    00000018     rtos_pem4f.oem4f (.const:xdc_runtime_Startup_firstFxns__A)
                  0000d5d8    00000014     rtos_pem4f.oem4f (.const:xdc_runtime_Startup_sfxnRts__A)
                  0000d5ec    00000010     main.obj (.const:divArray)
                  0000d5fc    00000010     grlib.lib : context.obj (.const)
                  0000d60c    0000000c     main.obj (.const:.string)
                  0000d618    00000008     Boot.aem4f : Boot_sysctl.oem4f (.const)
                  0000d620    00000008     rtos_pem4f.oem4f (.const:ti_sysbios_family_arm_m3_Hwi_excHookFuncs__A)
                  0000d628    00000008     rtos_pem4f.oem4f (.const:ti_sysbios_knl_Idle_funcList__C)
                  0000d630    00000008     rtos_pem4f.oem4f (.const:xdc_runtime_Startup_firstFxns__C)
                  0000d638    00000008     rtos_pem4f.oem4f (.const:xdc_runtime_Startup_lastFxns__C)
                  0000d640    00000004     rtos_pem4f.oem4f (.const:ti_catalog_arm_cortexm4_tiva_ce_Boot_Module__diagsEnabled__C)
                  0000d644    00000004     rtos_pem4f.oem4f (.const:ti_catalog_arm_cortexm4_tiva_ce_Boot_Module__diagsIncluded__C)
                  0000d648    00000004     rtos_pem4f.oem4f (.const:ti_catalog_arm_cortexm4_tiva_ce_Boot_Module__diagsMask__C)
                  0000d64c    00000004     rtos_pem4f.oem4f (.const:ti_sysbios_family_arm_lm4_Timer_enableFunc__C)
                  0000d650    00000004     rtos_pem4f.oem4f (.const:ti_sysbios_family_arm_lm4_Timer_numTimerDevices__C)
                  0000d654    00000004     rtos_pem4f.oem4f (.const:ti_sysbios_family_arm_lm4_Timer_startupNeeded__C)
                  0000d658    00000004     rtos_pem4f.oem4f (.const:ti_sysbios_family_arm_lm4_TimestampProvider_Module__diagsEnabled__C)
                  0000d65c    00000004     rtos_pem4f.oem4f (.const:ti_sysbios_family_arm_lm4_TimestampProvider_Module__diagsIncluded__C)
                  0000d660    00000004     rtos_pem4f.oem4f (.const:ti_sysbios_family_arm_lm4_TimestampProvider_Module__diagsMask__C)
                  0000d664    00000004     rtos_pem4f.oem4f (.const:ti_sysbios_family_arm_m3_Hwi_E_NMI__C)
                  0000d668    00000004     rtos_pem4f.oem4f (.const:ti_sysbios_family_arm_m3_Hwi_E_busFault__C)
                  0000d66c    00000004     rtos_pem4f.oem4f (.const:ti_sysbios_family_arm_m3_Hwi_E_debugMon__C)
                  0000d670    00000004     rtos_pem4f.oem4f (.const:ti_sysbios_family_arm_m3_Hwi_E_hardFault__C)
                  0000d674    00000004     rtos_pem4f.oem4f (.const:ti_sysbios_family_arm_m3_Hwi_E_memFault__C)
                  0000d678    00000004     rtos_pem4f.oem4f (.const:ti_sysbios_family_arm_m3_Hwi_E_noIsr__C)
                  0000d67c    00000004     rtos_pem4f.oem4f (.const:ti_sysbios_family_arm_m3_Hwi_E_reserved__C)
                  0000d680    00000004     rtos_pem4f.oem4f (.const:ti_sysbios_family_arm_m3_Hwi_E_svCall__C)
                  0000d684    00000004     rtos_pem4f.oem4f (.const:ti_sysbios_family_arm_m3_Hwi_E_usageFault__C)
                  0000d688    00000004     rtos_pem4f.oem4f (.const:ti_sysbios_family_arm_m3_Hwi_NUM_INTERRUPTS__C)
                  0000d68c    00000004     rtos_pem4f.oem4f (.const:ti_sysbios_family_arm_m3_Hwi_Object__count__C)
                  0000d690    00000004     rtos_pem4f.oem4f (.const:ti_sysbios_family_arm_m3_Hwi_ccr__C)
                  0000d694    00000004     rtos_pem4f.oem4f (.const:ti_sysbios_family_arm_m3_Hwi_excHandlerFunc__C)
                  0000d698    00000004     rtos_pem4f.oem4f (.const:ti_sysbios_family_arm_m3_Hwi_excHookFuncs__C)
                  0000d69c    00000004     rtos_pem4f.oem4f (.const:ti_sysbios_family_arm_m3_Hwi_nullIsrFunc__C)
                  0000d6a0    00000004     rtos_pem4f.oem4f (.const:ti_sysbios_family_arm_m3_Hwi_priGroup__C)
                  0000d6a4    00000004     rtos_pem4f.oem4f (.const:ti_sysbios_gates_GateMutex_A_badContext__C)
                  0000d6a8    00000004     rtos_pem4f.oem4f (.const:ti_sysbios_gates_GateMutex_Instance_State_sem__O)
                  0000d6ac    00000004     rtos_pem4f.oem4f (.const:ti_sysbios_gates_GateMutex_Module__diagsEnabled__C)
                  0000d6b0    00000004     rtos_pem4f.oem4f (.const:ti_sysbios_gates_GateMutex_Module__diagsIncluded__C)
                  0000d6b4    00000004     rtos_pem4f.oem4f (.const:ti_sysbios_gates_GateMutex_Module__diagsMask__C)
                  0000d6b8    00000004     rtos_pem4f.oem4f (.const:ti_sysbios_hal_Hwi_E_stackOverflow__C)
                  0000d6bc    00000004     rtos_pem4f.oem4f (.const:ti_sysbios_heaps_HeapMem_A_align__C)
                  0000d6c0    00000004     rtos_pem4f.oem4f (.const:ti_sysbios_heaps_HeapMem_A_heapSize__C)
                  0000d6c4    00000004     rtos_pem4f.oem4f (.const:ti_sysbios_heaps_HeapMem_A_invalidFree__C)
                  0000d6c8    00000004     rtos_pem4f.oem4f (.const:ti_sysbios_heaps_HeapMem_A_zeroBlock__C)
                  0000d6cc    00000004     rtos_pem4f.oem4f (.const:ti_sysbios_heaps_HeapMem_E_memory__C)
                  0000d6d0    00000004     rtos_pem4f.oem4f (.const:ti_sysbios_heaps_HeapMem_Module__diagsEnabled__C)
                  0000d6d4    00000004     rtos_pem4f.oem4f (.const:ti_sysbios_heaps_HeapMem_Module__diagsIncluded__C)
                  0000d6d8    00000004     rtos_pem4f.oem4f (.const:ti_sysbios_heaps_HeapMem_Module__diagsMask__C)
                  0000d6dc    00000004     rtos_pem4f.oem4f (.const:ti_sysbios_heaps_HeapMem_Module__gateObj__C)
                  0000d6e0    00000004     rtos_pem4f.oem4f (.const:ti_sysbios_heaps_HeapMem_Object__count__C)
                  0000d6e4    00000004     rtos_pem4f.oem4f (.const:ti_sysbios_heaps_HeapMem_reqAlign__C)
                  0000d6e8    00000004     rtos_pem4f.oem4f (.const:ti_sysbios_knl_Clock_Module_State_clockQ__O)
                  0000d6ec    00000004     rtos_pem4f.oem4f (.const:ti_sysbios_knl_Idle_funcList__A)
                  0000d6f0    00000004     rtos_pem4f.oem4f (.const:ti_sysbios_knl_Mailbox_Instance_State_dataQue__O)
                  0000d6f4    00000004     rtos_pem4f.oem4f (.const:ti_sysbios_knl_Mailbox_Instance_State_dataSem__O)
                  0000d6f8    00000004     rtos_pem4f.oem4f (.const:ti_sysbios_knl_Mailbox_Instance_State_freeQue__O)
                  0000d6fc    00000004     rtos_pem4f.oem4f (.const:ti_sysbios_knl_Mailbox_Instance_State_freeSem__O)
                  0000d700    00000004     rtos_pem4f.oem4f (.const:ti_sysbios_knl_Mailbox_Object__count__C)
                  0000d704    00000004     rtos_pem4f.oem4f (.const:ti_sysbios_knl_Mailbox_maxTypeAlign__C)
                  0000d708    00000004     rtos_pem4f.oem4f (.const:ti_sysbios_knl_Semaphore_A_badContext__C)
                  0000d70c    00000004     rtos_pem4f.oem4f (.const:ti_sysbios_knl_Semaphore_A_noEvents__C)
                  0000d710    00000004     rtos_pem4f.oem4f (.const:ti_sysbios_knl_Semaphore_A_overflow__C)
                  0000d714    00000004     rtos_pem4f.oem4f (.const:ti_sysbios_knl_Semaphore_A_pendTaskDisabled__C)
                  0000d718    00000004     rtos_pem4f.oem4f (.const:ti_sysbios_knl_Semaphore_Instance_State_pendQ__O)
                  0000d71c    00000004     rtos_pem4f.oem4f (.const:ti_sysbios_knl_Semaphore_Module__diagsEnabled__C)
                  0000d720    00000004     rtos_pem4f.oem4f (.const:ti_sysbios_knl_Semaphore_Module__diagsIncluded__C)
                  0000d724    00000004     rtos_pem4f.oem4f (.const:ti_sysbios_knl_Semaphore_Module__diagsMask__C)
                  0000d728    00000004     rtos_pem4f.oem4f (.const:ti_sysbios_knl_Swi_Object__count__C)
                  0000d72c    00000004     rtos_pem4f.oem4f (.const:ti_sysbios_knl_Task_E_spOutOfBounds__C)
                  0000d730    00000004     rtos_pem4f.oem4f (.const:ti_sysbios_knl_Task_E_stackOverflow__C)
                  0000d734    00000004     rtos_pem4f.oem4f (.const:ti_sysbios_knl_Task_Module_State_inactiveQ__O)
                  0000d738    00000004     rtos_pem4f.oem4f (.const:ti_sysbios_knl_Task_Object__count__C)
                  0000d73c    00000004     rtos_pem4f.oem4f (.const:ti_sysbios_knl_Task_allBlockedFunc__C)
                  0000d740    00000004     rtos_pem4f.oem4f (.const:ti_sysbios_knl_Task_numConstructedTasks__C)
                  0000d744    00000004     rtos_pem4f.oem4f (.const:xdc_runtime_Assert_E_assertFailed__C)
                  0000d748    00000004     rtos_pem4f.oem4f (.const:xdc_runtime_Core_A_initializedParams__C)
                  0000d74c    00000004     rtos_pem4f.oem4f (.const:xdc_runtime_Core_Module__diagsEnabled__C)
                  0000d750    00000004     rtos_pem4f.oem4f (.const:xdc_runtime_Core_Module__diagsIncluded__C)
                  0000d754    00000004     rtos_pem4f.oem4f (.const:xdc_runtime_Core_Module__diagsMask__C)
                  0000d758    00000004     rtos_pem4f.oem4f (.const:xdc_runtime_Error_E_memory__C)
                  0000d75c    00000004     rtos_pem4f.oem4f (.const:xdc_runtime_Error_Module__diagsEnabled__C)
                  0000d760    00000004     rtos_pem4f.oem4f (.const:xdc_runtime_Error_Module__diagsIncluded__C)
                  0000d764    00000004     rtos_pem4f.oem4f (.const:xdc_runtime_Error_Module__diagsMask__C)
                  0000d768    00000004     rtos_pem4f.oem4f (.const:xdc_runtime_Error_Module__loggerFxn8__C)
                  0000d76c    00000004     rtos_pem4f.oem4f (.const:xdc_runtime_Error_Module__loggerObj__C)
                  0000d770    00000004     rtos_pem4f.oem4f (.const:xdc_runtime_Error_policyFxn__C)
                  0000d774    00000004     rtos_pem4f.oem4f (.const:xdc_runtime_Error_raiseHook__C)
                  0000d778    00000004     rtos_pem4f.oem4f (.const:xdc_runtime_IGateProvider_Interface__BASE__C)
                  0000d77c    00000004     rtos_pem4f.oem4f (.const:xdc_runtime_IHeap_Interface__BASE__C)
                  0000d780    00000004     rtos_pem4f.oem4f (.const:xdc_runtime_IModule_Interface__BASE__C)
                  0000d784    00000004     rtos_pem4f.oem4f (.const:xdc_runtime_Log_L_error__C)
                  0000d788    00000004     rtos_pem4f.oem4f (.const:xdc_runtime_Memory_defaultHeapInstance__C)
                  0000d78c    00000004     rtos_pem4f.oem4f (.const:xdc_runtime_Startup_execImpl__C)
                  0000d790    00000004     rtos_pem4f.oem4f (.const:xdc_runtime_Startup_maxPasses__C)
                  0000d794    00000004     rtos_pem4f.oem4f (.const:xdc_runtime_Startup_sfxnRts__C)
                  0000d798    00000004     rtos_pem4f.oem4f (.const:xdc_runtime_Startup_sfxnTab__C)
                  0000d79c    00000004     rtos_pem4f.oem4f (.const:xdc_runtime_SysMin_bufSize__C)
                  0000d7a0    00000004     rtos_pem4f.oem4f (.const:xdc_runtime_SysMin_outputFunc__C)
                  0000d7a4    00000004     rtos_pem4f.oem4f (.const:xdc_runtime_System_Module__gateObj__C)
                  0000d7a8    00000004     rtos_pem4f.oem4f (.const:xdc_runtime_System_abortFxn__C)
                  0000d7ac    00000004     rtos_pem4f.oem4f (.const:xdc_runtime_System_exitFxn__C)
                  0000d7b0    00000004     rtos_pem4f.oem4f (.const:xdc_runtime_System_extendFxn__C)
                  0000d7b4    00000004     rtos_pem4f.oem4f (.const:xdc_runtime_System_maxAtexitHandlers__C)
                  0000d7b8    00000004     rtos_pem4f.oem4f (.const:xdc_runtime_Text_charTab__C)
                  0000d7bc    00000004     rtos_pem4f.oem4f (.const:xdc_runtime_Text_nameEmpty__C)
                  0000d7c0    00000004     rtos_pem4f.oem4f (.const:xdc_runtime_Text_nameStatic__C)
                  0000d7c4    00000004     rtos_pem4f.oem4f (.const:xdc_runtime_Text_nameUnknown__C)
                  0000d7c8    00000004     rtos_pem4f.oem4f (.const:xdc_runtime_Text_nodeTab__C)
                  0000d7cc    00000004     rtos_pem4f.oem4f (.const:xdc_runtime_Text_visitRopeFxn__C)
                  0000d7d0    00000002     rtos_pem4f.oem4f (.const:ti_sysbios_family_arm_lm4_TimestampProvider_useClockTimer__C)
                  0000d7d2    00000002     rtos_pem4f.oem4f (.const:ti_sysbios_family_arm_m3_Hwi_Module__id__C)
                  0000d7d4    00000002     rtos_pem4f.oem4f (.const:ti_sysbios_gates_GateMutex_Module__id__C)
                  0000d7d6    00000002     rtos_pem4f.oem4f (.const:ti_sysbios_hal_Hwi_Module__id__C)
                  0000d7d8    00000002     rtos_pem4f.oem4f (.const:ti_sysbios_heaps_HeapMem_Module__id__C)
                  0000d7da    00000002     rtos_pem4f.oem4f (.const:ti_sysbios_knl_Semaphore_Module__id__C)
                  0000d7dc    00000002     rtos_pem4f.oem4f (.const:ti_sysbios_knl_Task_Module__id__C)
                  0000d7de    00000002     rtos_pem4f.oem4f (.const:xdc_runtime_Core_Module__id__C)
                  0000d7e0    00000002     rtos_pem4f.oem4f (.const:xdc_runtime_Error_Module__loggerDefined__C)
                  0000d7e2    00000002     rtos_pem4f.oem4f (.const:xdc_runtime_Error_maxDepth__C)
                  0000d7e4    00000002     rtos_pem4f.oem4f (.const:xdc_runtime_Memory_Module__id__C)
                  0000d7e6    00000002     rtos_pem4f.oem4f (.const:xdc_runtime_SysMin_flushAtExit__C)
                  0000d7e8    00000002     rtos_pem4f.oem4f (.const:xdc_runtime_Text_charCnt__C)
                  0000d7ea    00000002     rtos_pem4f.oem4f (.const:xdc_runtime_Text_isLoaded__C)
                  0000d7ec    00000002     rtos_pem4f.oem4f (.const:xdc_runtime_Text_registryModsLastId__C)
                  0000d7ee    00000002     rtos_pem4f.oem4f (.const:xdc_runtime_Text_unnamedModsLastId__C)

.cinit     0    0000d7f0    00000320     
                  0000d7f0    000002e5     (.cinit..data.load) [load image, compression = lzss]
                  0000dad5    00000003     --HOLE-- [fill = 0]
                  0000dad8    0000000c     (__TI_handler_table)
                  0000dae4    00000004     --HOLE-- [fill = 0]
                  0000dae8    00000008     (.cinit..bss.load) [load image, compression = zero_init]
                  0000daf0    00000008     (.cinit..vecs.load) [load image, compression = zero_init]
                  0000daf8    00000018     (__TI_cinit_table)

.init_array 
*          0    00000000    00000000     UNINITIALIZED

.resetVecs 
*          0    00000000    0000003c     
                  00000000    0000003c     rtos_pem4f.oem4f (.resetVecs)

.bss       0    20000400    0000b9ae     UNINITIALIZED
                  20000400    00003000     rtos_pem4f.oem4f (.bss:taskStackSection)
                  20003400    00002108     main.obj (.bss:kiss_fft_cfg_buffer$2)
                  20005508    00002000     main.obj (.bss:in$3)
                  20007508    00002000     main.obj (.bss:out$4)
                  20009508    00001000     (.common:gADCBuffer)
                  2000a508    00000800     (.common:fft_local)
                  2000ad08    00000140     (.common:ti_sysbios_knl_Mailbox_Instance_State_0_allocBuf__A)
                  2000ae48    00000120     rtsv7M4_T_le_v4SPD16_eabi.lib : trgmsg.c.obj (.bss:_CIOBUF_)
                  2000af68    00000080     (.common:xdc_runtime_SysMin_Module_State_0_outbuf__A)
                  2000afe8    00000014     buttons.obj (.bss:state$1)
                  2000affc    00000004     (.common:gADCSamplingRate)
                  2000b000    00000400     (.common:gDMAControlTable)
                  2000b400    00000400     (.common:ti_sysbios_heaps_HeapMem_Instance_State_0_buf__A)
                  2000b800    00000360     (.common:ti_sysbios_family_arm_m3_Hwi_dispatchTable)
                  2000bb60    00000100     (.common:ADC_local)
                  2000bc60    00000100     (.common:scaledWave)
                  2000bd60    0000002c     (.common:sContext)
                  2000bd8c    00000008     (.common:parmbuf)
                  2000bd94    00000004     (.common:g_psGrLibDefaults)
                  2000bd98    00000004     (.common:last_count)
                  2000bd9c    00000004     (.common:period)
                  2000bda0    00000004     (.common:periodcount)
                  2000bda4    00000002     (.common:Lcd_ScreenHeigth)
                  2000bda6    00000002     (.common:Lcd_ScreenWidth)
                  2000bda8    00000002     (.common:Lcd_TouchTrim)
                  2000bdaa    00000001     (.common:Lcd_FlagRead)
                  2000bdab    00000001     (.common:Lcd_FontSolid)
                  2000bdac    00000001     (.common:Lcd_Orientation)
                  2000bdad    00000001     (.common:Lcd_PenSolid)

.data      0    2000bdb0    00008b64     UNINITIALIZED
                  2000bdb0    00008000     Crystalfontz128x128_ST7735.obj (.data:Lcd_buffer)
                  20013db0    00000400     sampling.obj (.data:gPWMWaveformTable)
                  200141b0    00000214     rtos_pem4f.oem4f (.data:ti_sysbios_knl_Task_Object__table__V)
                  200143c4    00000080     rtos_pem4f.oem4f (.data:ti_sysbios_knl_Swi_Module_State_0_readyQ__A)
                  20014444    00000080     rtos_pem4f.oem4f (.data:ti_sysbios_knl_Task_Module_State_0_readyQ__A)
                  200144c4    00000064     rtos_pem4f.oem4f (.data:ti_sysbios_knl_Semaphore_Object__table__V)
                  20014528    00000060     rtos_pem4f.oem4f (.data:ti_sysbios_family_arm_m3_Hwi_Object__table__V)
                  20014588    00000050     rtos_pem4f.oem4f (.data:ti_sysbios_knl_Mailbox_Object__table__V)
                  200145d8    00000044     rtos_pem4f.oem4f (.data:ti_sysbios_knl_Task_Module__state__V)
                  2001461c    00000040     rtos_pem4f.oem4f (.data:ti_sysbios_family_arm_lm4_Timer_Module_State_0_device__A)
                  2001465c    00000040     rtos_pem4f.oem4f (.data:ti_sysbios_family_arm_lm4_Timer_Object__table__V)
                  2001469c    00000040     rtos_pem4f.oem4f (.data:ti_sysbios_knl_Clock_Object__table__V)
                  200146dc    00000038     rtos_pem4f.oem4f (.data:ti_sysbios_gates_GateMutex_Object__table__V)
                  20014714    00000034     rtos_pem4f.oem4f (.data:ti_sysbios_family_arm_m3_Hwi_Module__state__V)
                  20014748    00000030     rtos_pem4f.oem4f (.data:ti_sysbios_knl_Swi_Object__table__V)
                  20014778    0000002c     rtos_pem4f.oem4f (.data:ti_sysbios_knl_Clock_Module__state__V)
                  200147a4    00000024     buttons.obj (.data:count$2)
                  200147c8    00000024     rtos_pem4f.oem4f (.data:ti_sysbios_BIOS_Module__state__V)
                  200147ec    00000020     main.obj (.data)
                  2001480c    00000020     rtos_pem4f.oem4f (.data:ti_sysbios_family_arm_lm4_Timer_Module_State_0_handles__A)
                  2001482c    0000001c     rtos_pem4f.oem4f (.data:ti_sysbios_knl_Swi_Module__state__V)
                  20014848    00000018     rtos_pem4f.oem4f (.data:ti_sysbios_heaps_HeapMem_Object__table__V)
                  20014860    0000000c     sampling.obj (.data)
                  2001486c    0000000c     rtos_pem4f.oem4f (.data:ti_sysbios_family_arm_lm4_Timer_Module__state__V)
                  20014878    0000000c     rtos_pem4f.oem4f (.data:xdc_runtime_SysMin_Module__state__V)
                  20014884    00000008     rtsv7M4_T_le_v4SPD16_eabi.lib : _lock.c.obj (.data:$O1$$)
                  2001488c    00000008     buttons.obj (.data:gJoystick)
                  20014894    00000008     main.obj (.data:slope)
                  2001489c    00000008     rtos_pem4f.oem4f (.data:ti_sysbios_family_arm_lm4_TimestampProvider_Module__state__V)
                  200148a4    00000008     rtos_pem4f.oem4f (.data:ti_sysbios_gates_GateHwi_Module__root__V)
                  200148ac    00000008     rtos_pem4f.oem4f (.data:ti_sysbios_gates_GateHwi_Object__table__V)
                  200148b4    00000008     rtos_pem4f.oem4f (.data:ti_sysbios_gates_GateMutex_Module__root__V)
                  200148bc    00000008     rtos_pem4f.oem4f (.data:ti_sysbios_heaps_HeapMem_Module__root__V)
                  200148c4    00000008     rtos_pem4f.oem4f (.data:ti_sysbios_knl_Queue_Module__root__V)
                  200148cc    00000008     rtos_pem4f.oem4f (.data:ti_sysbios_knl_Semaphore_Module__root__V)
                  200148d4    00000008     rtos_pem4f.oem4f (.data:xdc_runtime_Registry_Module__state__V)
                  200148dc    00000008     rtos_pem4f.oem4f (.data:xdc_runtime_Startup_Module__state__V)
                  200148e4    00000008     rtos_pem4f.oem4f (.data:xdc_runtime_System_Module_State_0_atexitHandlers__A)
                  200148ec    00000008     rtos_pem4f.oem4f (.data:xdc_runtime_System_Module__state__V)
                  200148f4    00000004     buttons.obj (.data)
                  200148f8    00000004     rtsv7M4_T_le_v4SPD16_eabi.lib : errno.c.obj (.data)
                  200148fc    00000004                                   : stkdepth_vars.c.obj (.data)
                  20014900    00000004     rtos_pem4f.oem4f (.data:ti_sysbios_family_arm_m3_Hwi_Module_State_0_excContext__A)
                  20014904    00000004     rtos_pem4f.oem4f (.data:ti_sysbios_family_arm_m3_Hwi_Module_State_0_excStack__A)
                  20014908    00000004     rtos_pem4f.oem4f (.data:ti_sysbios_knl_Task_Module_State_0_idleTask__A)
                  2001490c    00000004     rtos_pem4f.oem4f (.data:xdc_runtime_Memory_Module__state__V)
                  20014910    00000002     rtos_pem4f.oem4f (.data:ti_sysbios_family_arm_m3_Hwi_Module_State_0_excActive__A)
                  20014912    00000002     rtos_pem4f.oem4f (.data:xdc_runtime_Error_Module__state__V)

.stack     0    20014918    00000300     UNINITIALIZED
                  20014918    00000300     --HOLE--

.bootVecs 
*          0    00000000    00000008     DSECT
                  00000000    00000008     boot.aem4f : boot.oem4f (.bootVecs)

.vecs      0    20000000    00000360     UNINITIALIZED
                  20000000    00000360     rtos_pem4f.oem4f (.vecs)

xdc.meta   0    00000000    0000011b     COPY SECTION
                  00000000    0000011b     rtos_pem4f.oem4f (xdc.meta)

MODULE SUMMARY

       Module                                             code    ro data   rw data
       ------                                             ----    -------   -------
    .\
       Crystalfontz128x128_ST7735.obj                     958     40        32778  
       main.obj                                           1748    28        27484  
       sampling.obj                                       1144    0         6168   
       kiss_fft.obj                                       2602    0         0      
       buttons.obj                                        900     0         72     
[...]
0000d38c  Freq                                                                 
0000d390  Frequency                                                            
0000d394  FrequencySem                                                         
0000d398  clock1                                                               
0000d39c  PWM                                                                  
0000d3d0  g_sCrystalfontz128x128                                               
0000d3f8  ti_sysbios_heaps_HeapMem_Module__FXNS__C                             
0000d420  xdc_runtime_Startup_sfxnTab__A                                       
0000d448  ti_sysbios_gates_GateHwi_Module__FXNS__C                             
0000d46c  ti_sysbios_gates_GateMutex_Module__FXNS__C                           
0000d490  ti_sysbios_heaps_HeapMem_Object__PARAMS__C                           
0000d4b4  ti_sysbios_knl_Semaphore_Object__PARAMS__C                           
0000d4d8  ti_sysbios_gates_GateHwi_Object__DESC__C                             
0000d4f8  ti_sysbios_gates_GateMutex_Object__DESC__C                           
0000d518  ti_sysbios_heaps_HeapMem_Object__DESC__C                             
0000d538  ti_sysbios_knl_Queue_Object__DESC__C                                 
0000d558  ti_sysbios_knl_Semaphore_Object__DESC__C                             
0000d578  ti_sysbios_gates_GateHwi_Object__PARAMS__C                           
0000d590  ti_sysbios_gates_GateMutex_Object__PARAMS__C                         
0000d5a8  ti_sysbios_knl_Queue_Object__PARAMS__C                               
0000d5c0  xdc_runtime_Startup_firstFxns__A                                     
0000d5d8  xdc_runtime_Startup_sfxnRts__A                                       
0000d5ec  divArray                                                             
0000d5fc  g_psDefaultCodePointMapTable                                         
0000d620  ti_sysbios_family_arm_m3_Hwi_excHookFuncs__A                         
0000d628  ti_sysbios_knl_Idle_funcList__C                                      
0000d630  xdc_runtime_Startup_firstFxns__C                                     
0000d638  xdc_runtime_Startup_lastFxns__C                                      
0000d640  ti_catalog_arm_cortexm4_tiva_ce_Boot_Module__diagsEnabled__C         
0000d644  ti_catalog_arm_cortexm4_tiva_ce_Boot_Module__diagsIncluded__C        
0000d648  ti_catalog_arm_cortexm4_tiva_ce_Boot_Module__diagsMask__C            
0000d64c  ti_sysbios_family_arm_lm4_Timer_enableFunc__C                        
0000d650  ti_sysbios_family_arm_lm4_Timer_numTimerDevices__C                   
0000d654  ti_sysbios_family_arm_lm4_Timer_startupNeeded__C                     
0000d658  ti_sysbios_family_arm_lm4_TimestampProvider_Module__diagsEnabled__C  
0000d65c  ti_sysbios_family_arm_lm4_TimestampProvider_Module__diagsIncluded__C 
0000d660  ti_sysbios_family_arm_lm4_TimestampProvider_Module__diagsMask__C     
0000d664  ti_sysbios_family_arm_m3_Hwi_E_NMI__C                                
0000d668  ti_sysbios_family_arm_m3_Hwi_E_busFault__C                           
0000d66c  ti_sysbios_family_arm_m3_Hwi_E_debugMon__C                           
0000d670  ti_sysbios_family_arm_m3_Hwi_E_hardFault__C                          
0000d674  ti_sysbios_family_arm_m3_Hwi_E_memFault__C                           
0000d678  ti_sysbios_family_arm_m3_Hwi_E_noIsr__C                              
0000d67c  ti_sysbios_family_arm_m3_Hwi_E_reserved__C                           
0000d680  ti_sysbios_family_arm_m3_Hwi_E_svCall__C                             
0000d684  ti_sysbios_family_arm_m3_Hwi_E_usageFault__C                         
0000d688  ti_sysbios_family_arm_m3_Hwi_NUM_INTERRUPTS__C                       
0000d68c  ti_sysbios_family_arm_m3_Hwi_Object__count__C                        
0000d690  ti_sysbios_family_arm_m3_Hwi_ccr__C                                  
0000d694  ti_sysbios_family_arm_m3_Hwi_excHandlerFunc__C                       
0000d698  ti_sysbios_family_arm_m3_Hwi_excHookFuncs__C                         
0000d69c  ti_sysbios_family_arm_m3_Hwi_nullIsrFunc__C                          
0000d6a0  ti_sysbios_family_arm_m3_Hwi_priGroup__C                             
0000d6a4  ti_sysbios_gates_GateMutex_A_badContext__C                           
0000d6a8  ti_sysbios_gates_GateMutex_Instance_State_sem__O                     
0000d6ac  ti_sysbios_gates_GateMutex_Module__diagsEnabled__C                   
0000d6b0  ti_sysbios_gates_GateMutex_Module__diagsIncluded__C                  
0000d6b4  ti_sysbios_gates_GateMutex_Module__diagsMask__C                      
0000d6b8  ti_sysbios_hal_Hwi_E_stackOverflow__C                                
0000d6bc  ti_sysbios_heaps_HeapMem_A_align__C                                  
0000d6c0  ti_sysbios_heaps_HeapMem_A_heapSize__C                               
0000d6c4  ti_sysbios_heaps_HeapMem_A_invalidFree__C                            
0000d6c8  ti_sysbios_heaps_HeapMem_A_zeroBlock__C                              
0000d6cc  ti_sysbios_heaps_HeapMem_E_memory__C                                 
0000d6d0  ti_sysbios_heaps_HeapMem_Module__diagsEnabled__C                     
0000d6d4  ti_sysbios_heaps_HeapMem_Module__diagsIncluded__C                    
0000d6d8  ti_sysbios_heaps_HeapMem_Module__diagsMask__C                        
0000d6dc  ti_sysbios_heaps_HeapMem_Module__gateObj__C                          
0000d6e0  ti_sysbios_heaps_HeapMem_Object__count__C                            
0000d6e4  ti_sysbios_heaps_HeapMem_reqAlign__C                                 
0000d6e8  ti_sysbios_knl_Clock_Module_State_clockQ__O                          
0000d6ec  ti_sysbios_knl_Idle_funcList__A                                      
0000d6f0  ti_sysbios_knl_Mailbox_Instance_State_dataQue__O                     
0000d6f4  ti_sysbios_knl_Mailbox_Instance_State_dataSem__O                     
0000d6f8  ti_sysbios_knl_Mailbox_Instance_State_freeQue__O                     
0000d6fc  ti_sysbios_knl_Mailbox_Instance_State_freeSem__O                     
0000d700  ti_sysbios_knl_Mailbox_Object__count__C                              
0000d704  ti_sysbios_knl_Mailbox_maxTypeAlign__C                               
0000d708  ti_sysbios_knl_Semaphore_A_badContext__C                             
0000d70c  ti_sysbios_knl_Semaphore_A_noEvents__C                               
0000d710  ti_sysbios_knl_Semaphore_A_overflow__C                               
0000d714  ti_sysbios_knl_Semaphore_A_pendTaskDisabled__C                       
0000d718  ti_sysbios_knl_Semaphore_Instance_State_pendQ__O                     
0000d71c  ti_sysbios_knl_Semaphore_Module__diagsEnabled__C                     
0000d720  ti_sysbios_knl_Semaphore_Module__diagsIncluded__C                    
0000d724  ti_sysbios_knl_Semaphore_Module__diagsMask__C                        
0000d728  ti_sysbios_knl_Swi_Object__count__C                                  
0000d72c  ti_sysbios_knl_Task_E_spOutOfBounds__C                               
0000d730  ti_sysbios_knl_Task_E_stackOverflow__C                               
0000d734  ti_sysbios_knl_Task_Module_State_inactiveQ__O                        
0000d738  ti_sysbios_knl_Task_Object__count__C                                 
0000d73c  ti_sysbios_knl_Task_allBlockedFunc__C                                
0000d740  ti_sysbios_knl_Task_numConstructedTasks__C                           
0000d744  xdc_runtime_Assert_E_assertFailed__C                                 
0000d748  xdc_runtime_Core_A_initializedParams__C                              
0000d74c  xdc_runtime_Core_Module__diagsEnabled__C                             
0000d750  xdc_runtime_Core_Module__diagsIncluded__C                            
0000d754  xdc_runtime_Core_Module__diagsMask__C                                
0000d758  xdc_runtime_Error_E_memory__C                                        
0000d75c  xdc_runtime_Error_Module__diagsEnabled__C                            
0000d760  xdc_runtime_Error_Module__diagsIncluded__C                           
0000d764  xdc_runtime_Error_Module__diagsMask__C                               
0000d768  xdc_runtime_Error_Module__loggerFxn8__C                              
0000d76c  xdc_runtime_Error_Module__loggerObj__C                               
0000d770  xdc_runtime_Error_policyFxn__C                                       
0000d774  xdc_runtime_Error_raiseHook__C                                       
0000d778  xdc_runtime_IGateProvider_Interface__BASE__C                         
0000d77c  xdc_runtime_IHeap_Interface__BASE__C                                 
0000d780  xdc_runtime_IModule_Interface__BASE__C                               
0000d784  xdc_runtime_Log_L_error__C                                           
0000d788  xdc_runtime_Memory_defaultHeapInstance__C                            
0000d78c  xdc_runtime_Startup_execImpl__C                                      
0000d790  xdc_runtime_Startup_maxPasses__C                                     
0000d794  xdc_runtime_Startup_sfxnRts__C                                       
0000d798  xdc_runtime_Startup_sfxnTab__C                                       
0000d79c  xdc_runtime_SysMin_bufSize__C                                        
0000d7a0  xdc_runtime_SysMin_outputFunc__C                                     
0000d7a4  xdc_runtime_System_Module__gateObj__C                                
0000d7a8  xdc_runtime_System_abortFxn__C                                       
0000d7ac  xdc_runtime_System_exitFxn__C                                        
0000d7b0  xdc_runtime_System_extendFxn__C                                      
0000d7b4  xdc_runtime_System_maxAtexitHandlers__C                              
0000d7b8  xdc_runtime_Text_charTab__C                                          
0000d7bc  xdc_runtime_Text_nameEmpty__C                                        
0000d7c0  xdc_runtime_Text_nameStatic__C                                       
0000d7c4  xdc_runtime_Text_nameUnknown__C                                      
0000d7c8  xdc_runtime_Text_nodeTab__C                                          
0000d7cc  xdc_runtime_Text_visitRopeFxn__C                                     
0000d7d0  ti_sysbios_family_arm_lm4_TimestampProvider_useClockTimer__C         
0000d7d2  ti_sysbios_family_arm_m3_Hwi_Module__id__C                           
0000d7d4  ti_sysbios_gates_GateMutex_Module__id__C                             
0000d7d6  ti_sysbios_hal_Hwi_Module__id__C                                     
0000d7d8  ti_sysbios_heaps_HeapMem_Module__id__C                               
0000d7da  ti_sysbios_knl_Semaphore_Module__id__C                               
0000d7dc  ti_sysbios_knl_Task_Module__id__C                                    
0000d7de  xdc_runtime_Core_Module__id__C                                       
0000d7e0  xdc_runtime_Error_Module__loggerDefined__C                           
0000d7e2  xdc_runtime_Error_maxDepth__C                                        
0000d7e4  xdc_runtime_Memory_Module__id__C                                     
0000d7e6  xdc_runtime_SysMin_flushAtExit__C                                    
0000d7e8  xdc_runtime_Text_charCnt__C                                          
0000d7ea  xdc_runtime_Text_isLoaded__C                                         
0000d7ec  xdc_runtime_Text_registryModsLastId__C                               
0000d7ee  xdc_runtime_Text_unnamedModsLastId__C                                
0000d7f0  __TI_static_base__                                                   
0000dad8  __TI_Handler_Table_Base                                              
0000dae4  __TI_Handler_Table_Limit                                             
0000daf8  __TI_CINIT_Base                                                      
0000db10  __TI_CINIT_Limit                                                     
20000000  ti_sysbios_family_arm_m3_Hwi_ramVectors                              
20000400  ti_sysbios_knl_Task_Instance_State_0_stack__A                        
20000c00  ti_sysbios_knl_Task_Instance_State_1_stack__A                        
20001000  ti_sysbios_knl_Task_Instance_State_2_stack__A                        
20002000  ti_sysbios_knl_Task_Instance_State_3_stack__A                        
20002800  ti_sysbios_knl_Task_Instance_State_4_stack__A                        
20003000  ti_sysbios_knl_Task_Instance_State_5_stack__A                        
20003200  ti_sysbios_knl_Task_Instance_State_6_stack__A                        
20009508  gADCBuffer                                                           
2000a508  fft_local                                                            
2000ad08  ti_sysbios_knl_Mailbox_Instance_State_0_allocBuf__A                  
2000ae48  __CIOBUF_                                                            
2000af68  xdc_runtime_SysMin_Module_State_0_outbuf__A                          
2000affc  gADCSamplingRate                                                     
2000b000  gDMAControlTable                                                     
2000b400  ti_sysbios_heaps_HeapMem_Instance_State_0_buf__A                     
2000b800  ti_sysbios_family_arm_m3_Hwi_dispatchTable                           
2000bb60  ADC_local                                                            
2000bc60  scaledWave                                                           
2000bd60  sContext                                                             
2000bd8c  parmbuf                                                              
2000bd98  last_count                                                           
2000bd9c  period                                                               
2000bda0  periodcount                                                          
2000bda4  Lcd_ScreenHeigth                                                     
2000bda6  Lcd_ScreenWidth                                                      
2000bda8  Lcd_TouchTrim                                                        
2000bdaa  Lcd_FlagRead                                                         
2000bdab  Lcd_FontSolid                                                        
2000bdac  Lcd_Orientation                                                      
2000bdad  Lcd_PenSolid                                                         
2000bdb0  Lcd_buffer                                                           
20013db0  gPWMWaveformTable                                                    
200141b0  ti_sysbios_knl_Task_Object__table__V                                 
200143c4  ti_sysbios_knl_Swi_Module_State_0_readyQ__A                          
20014444  ti_sysbios_knl_Task_Module_State_0_readyQ__A                         
200144c4  ti_sysbios_knl_Semaphore_Object__table__V                            
20014528  ti_sysbios_family_arm_m3_Hwi_Object__table__V                        
20014588  ti_sysbios_knl_Mailbox_Object__table__V                              
200145d8  ti_sysbios_knl_Task_Module__state__V                                 
2001461c  ti_sysbios_family_arm_lm4_Timer_Module_State_0_device__A             
2001465c  ti_sysbios_family_arm_lm4_Timer_Object__table__V                     
2001469c  ti_sysbios_knl_Clock_Object__table__V                                
200146dc  ti_sysbios_gates_GateMutex_Object__table__V                          
20014714  ti_sysbios_family_arm_m3_Hwi_Module__state__V                        
20014748  ti_sysbios_knl_Swi_Object__table__V                                  
20014778  ti_sysbios_knl_Clock_Module__state__V                                
200147c8  ti_sysbios_BIOS_Module__state__V                                     
200147ec  gSystemClock                                                         
200147f0  count_unloaded                                                       
200147f4  count_loaded                                                         
200147f8  cpu_load                                                             
200147fc  trigger                                                              
20014800  divNumber                                                            
20014804  freq                                                                 
20014808  triggerDir                                                           
2001480a  mode                                                                 
2001480c  ti_sysbios_family_arm_lm4_Timer_Module_State_0_handles__A            
2001482c  ti_sysbios_knl_Swi_Module__state__V                                  
20014848  ti_sysbios_heaps_HeapMem_Object__table__V                            
20014860  gDMAPrimary                                                          
20014864  gPhase                                                               
20014868  gPhaseIncrement                                                      
2001486c  ti_sysbios_family_arm_lm4_Timer_Module__state__V                     
20014878  xdc_runtime_SysMin_Module__state__V                                  
20014884  _lock                                                                
20014888  _unlock                                                              
2001488c  gJoystick                                                            
20014894  slope                                                                
2001489c  ti_sysbios_family_arm_lm4_TimestampProvider_Module__state__V         
200148a4  ti_sysbios_gates_GateHwi_Module__root__V                             
200148ac  ti_sysbios_gates_GateHwi_Object__table__V                            
200148b4  ti_sysbios_gates_GateMutex_Module__root__V                           
200148bc  ti_sysbios_heaps_HeapMem_Module__root__V                             
200148c4  ti_sysbios_knl_Queue_Module__root__V                                 
200148cc  ti_sysbios_knl_Semaphore_Module__root__V                             
200148d4  xdc_runtime_Registry_Module__state__V                                
200148dc  xdc_runtime_Startup_Module__state__V                                 
200148e4  xdc_runtime_System_Module_State_0_atexitHandlers__A                  
200148ec  xdc_runtime_System_Module__state__V                                  
200148f4  gButtons                                                             
200148f8  errno                                                                
200148fc  main_func_sp                                                         
20014900  ti_sysbios_family_arm_m3_Hwi_Module_State_0_excContext__A            
20014904  ti_sysbios_family_arm_m3_Hwi_Module_State_0_excStack__A              
20014908  ti_sysbios_knl_Task_Module_State_0_idleTask__A                       
2001490c  xdc_runtime_Memory_Module__state__V                                  
20014910  ti_sysbios_family_arm_m3_Hwi_Module_State_0_excActive__A             
20014912  xdc_runtime_Error_Module__state__V                                   
20014918  __stack                                                              
20014c18  __STACK_END                                                          
e000e000  ti_sysbios_family_arm_m3_Hwi_nvic                                    
ffffffff  __TI_pprof_out_hndl                                                  
ffffffff  __TI_prof_data_size                                                  
ffffffff  __TI_prof_data_start                                                 
ffffffff  __binit__                                                            
ffffffff  __c_args__                                                           
ffffffff  binit                                                                
UNDEFED   SHT$$INIT_ARRAY$$Base                                                
UNDEFED   SHT$$INIT_ARRAY$$Limit                                               

[731 symbols]
