******************************************************************************
                  TI ARM Linker PC v18.12.2                    
******************************************************************************
>> Linked Tue Dec  3 16:30:11 2019

OUTPUT FILE NAME:   <ece3849_lab2_jyhuang_rskirschner.out>
ENTRY POINT SYMBOL: "_c_int00"  address: 00008979


MEMORY CONFIGURATION

         name            origin    length      used     unused   attr    fill
----------------------  --------  ---------  --------  --------  ----  --------
  FLASH                 00000000   00100000  0000d926  000f26da  R  X
  SRAM                  20000000   00040000  0001474f  0002b8b1  RW X


SEGMENT ALLOCATION MAP

run origin  load origin   length   init length attrs members
----------  ----------- ---------- ----------- ----- -------
00000000    00000000    0000d930   0000d930    r-x
  00000000    00000000    0000003c   0000003c    r-- .resetVecs
  00000040    00000040    0000ae5a   0000ae5a    r-x .text
  0000aea0    0000aea0    00002788   00002788    r-- .const
  0000d628    0000d628    00000308   00000308    r-- .cinit
20000000    20000000    00000360   00000000    rw-
  20000000    20000000    00000360   00000000    rw- .vecs
20000400    20000400    000143f8   00000000    rw-
  20000400    20000400    0000b9ae   00000000    rw- .bss
  2000bdb0    2000bdb0    00008741   00000000    rw- .data
  200144f8    200144f8    00000300   00000000    rw- .stack


SECTION ALLOCATION MAP

 output                                  attributes/
section   page    origin      length       input sections
--------  ----  ----------  ----------   ----------------
.text      0    00000040    0000ae5a     
                  00000040    00000a4e     rtsv7M4_T_le_v4SPD16_eabi.lib : _printfi.c.obj (.text:__TI_printfi)
                  00000a8e    00000002                                   : _lock.c.obj (.text:_nop)
                  00000a90    00000738                                   : k_rem_pio2.c.obj (.text:__kernel_rem_pio2)
                  000011c8    000005dc                                   : s_cos.c.obj (.text:cos)
                  000017a4    000005c4                                   : s_sin.c.obj (.text:sin)
                  00001d68    00000430     sysbios.aem4f : BIOS.obj (.text:ti_sysbios_family_arm_m3_Hwi_excDumpRegs__I)
                  00002198    0000034c     ti.targets.arm.rtsarm.aem4f : System.oem4f (.text:xdc_runtime_System_doPrint__I)
                  000024e4    00000004     driverlib.lib : adc.obj (.text:ADCIntClearEx)
                  000024e8    000002f8     main.obj (.text:Display_Task)
                  000027e0    000002a4     sysbios.aem4f : BIOS.obj (.text:ti_sysbios_knl_Semaphore_pend__E)
                  00002a84    00000004     driverlib.lib : comp.obj (.text:ComparatorRefSet)
                  00002a88    0000028e     kiss_fft.obj (.text:kf_bfly5)
                  00002d16    00000002     rtsv7M4_T_le_v4SPD16_eabi.lib : div0.asm.obj (.text)
                  00002d18    00000270                                   : _printfi.c.obj (.text:_pconv_a)
                  00002f88    0000026c     sysbios.aem4f : BIOS.obj (.text:ti_sysbios_heaps_HeapMem_free__E)
                  000031f4    00000256     grlib.lib : string.obj (.text:GrFontGlyphRender)
                  0000344a    00000006     driverlib.lib : gpio.obj (.text:GPIOPinRead)
                  00003450    00000250     sysbios.aem4f : BIOS.obj (.text:ti_sysbios_heaps_HeapMem_alloc__E)
                  000036a0    00000204     Boot.aem4f : Boot_sysctl.oem4f (.text:ti_catalog_arm_cortexm4_tiva_ce_Boot_sysCtlClockFreqSetI__I)
                  000038a4    00000004     driverlib.lib : timer.obj (.text:TimerIntClear)
                  000038a8    000001f4     sysbios.aem4f : BIOS.obj (.text:ti_sysbios_family_arm_m3_Hwi_excHandlerMax__I)
                  00003a9c    00000004     rtsv7M4_T_le_v4SPD16_eabi.lib : exit.c.obj (.text:abort:abort)
                  00003aa0    000001f0     kiss_fft.obj (.text:kf_bfly4)
                  00003c90    000001d0     rtsv7M4_T_le_v4SPD16_eabi.lib : _printfi.c.obj (.text:_pconv_g)
                  00003e60    000001b6                                   : fd_add_t2.asm.obj (.text)
                  00004016    00000002     --HOLE-- [fill = 0]
                  00004018    000001b4     kiss_fft.obj (.text:kf_bfly3)
                  000041cc    00000174     rtsv7M4_T_le_v4SPD16_eabi.lib : k_sin.c.obj (.text:__kernel_sin)
                  00004340    00000174     sysbios.aem4f : BIOS.obj (.text:ti_sysbios_family_arm_m3_Hwi_excBusFault__I)
                  000044b4    0000016c     rtsv7M4_T_le_v4SPD16_eabi.lib : k_cos.c.obj (.text:__kernel_cos)
                  00004620    00000164     sysbios.aem4f : BIOS.obj (.text:ti_sysbios_family_arm_m3_Hwi_excUsageFault__I)
                  00004784    0000015c     rtsv7M4_T_le_v4SPD16_eabi.lib : e_log10f.c.obj (.text:log10f)
                  000048e0    00000158                                   : e_sqrt.c.obj (.text:sqrt)
                  00004a38    0000014c     main.obj (.text:Processing_Task)
                  00004b84    00000004     sysbios.aem4f : BIOS.obj (.text:ti_sysbios_family_arm_lm4_Timer_masterEnable__I)
                  00004b88    00000148                   : BIOS.obj (.text:ti_sysbios_family_arm_m3_Hwi_excMemFault__I)
                  00004cd0    0000013c     rtsv7M4_T_le_v4SPD16_eabi.lib : _printfi.c.obj (.text:_pconv_e)
                  00004e0c    00000004     ti.targets.arm.rtsarm.aem4f : Error.oem4f (.text:xdc_runtime_Error_getSite__E)
                  00004e10    0000013c     sysbios.aem4f : BIOS.obj (.text:ti_sysbios_heaps_HeapMem_Instance_init__E)
                  00004f4c    00000136     rtsv7M4_T_le_v4SPD16_eabi.lib : fd_div_t2.asm.obj (.text)
                  00005082    00000130     driverlib.lib : gpio.obj (.text:GPIOPadConfigSet)
                  000051b2    00000006                   : gpio.obj (.text:GPIOPinWrite)
                  000051b8    00000124     buttons.obj (.text:ButtonInit)
                  000052dc    00000124     rtsv7M4_T_le_v4SPD16_eabi.lib : _printfi.c.obj (.text:fcvt)
                  00005400    00000118     ti.targets.arm.rtsarm.aem4f : Error.oem4f (.text:xdc_runtime_Error_policyDefault__E)
                  00005518    00000110     sampling.obj (.text:ADC1_Init)
                  00005628    00000110     rtsv7M4_T_le_v4SPD16_eabi.lib : s_scalbn.c.obj (.text:scalbn)
                  00005738    00000108     sysbios.aem4f : BIOS.obj (.text:ti_sysbios_family_arm_lm4_Timer_start__E)
                  00005840    00000106     grlib.lib : line.obj (.text:GrLineDraw)
                  00005946    00000002     --HOLE-- [fill = 0]
                  00005948    00000100     ti.targets.arm.rtsarm.aem4f : Core-mem.oem4f (.text:xdc_runtime_Core_createObject__I)
                  00005a48    000000fc     kiss_fft.obj (.text:kf_bfly_generic)
                  00005b44    000000fc     rtsv7M4_T_le_v4SPD16_eabi.lib : fd_mul_t2.asm.obj (.text)
                  00005c40    000000fc     rtos_pem4f.oem4f (.text:xdc_runtime_System_printfExtend__I)
                  00005d3c    000000f8     rtsv7M4_T_le_v4SPD16_eabi.lib : s_floor.c.obj (.text:floor)
                  00005e34    000000f8     ti.targets.arm.rtsarm.aem4f : Startup.oem4f (.text:xdc_runtime_Startup_startMods__I)
                  00005f2c    000000f4     sysbios.aem4f : m3_Hwi_asm.obj (.text:ti_sysbios_family_arm_m3_Hwi_dispatch__I)
                  00006020    000000ec                   : BIOS.obj (.text:ti_sysbios_knl_Semaphore_post__E)
                  0000610c    00000004     ti.targets.arm.rtsarm.aem4f : System.oem4f (.text:xdc_runtime_System_aprintf_va__F)
                  00006110    000000e2     kiss_fft.obj (.text:kf_work)
                  000061f2    00000006     grlib.lib : string.obj (.text:GrContextFontSet)
                  000061f8    000000dc     Crystalfontz128x128_ST7735.obj (.text:Crystalfontz128x128_PixelDrawMultiple)
                  000062d4    00000004     ti.targets.arm.rtsarm.aem4f : System.oem4f (.text:xdc_runtime_System_printf_va__F)
                  000062d8    000000d4     buttons.obj (.text:ButtonISR)
                  000063ac    00000004     --HOLE-- [fill = 0]
                  000063b0    000000d4     buttons.obj (.text:ButtonReadJoystick)
                  00006484    00000004     --HOLE-- [fill = 0]
                  00006488    000000cc     kiss_fft.obj (.text:kiss_fft_alloc)
                  00006554    000000cc     ti.targets.arm.rtsarm.aem4f : Core-smem.oem4f (.text:xdc_runtime_Core_constructObject__I)
                  00006620    000000c8     sampling.obj (.text:COMP0_Init)
                  000066e8    000000c4     grlib.lib : string.obj (.text:GrDefaultStringRenderer)
                  000067ac    000000c0               : line.obj (.text:GrLineClip)
                  0000686c    00000004     --HOLE-- [fill = 0]
                  00006870    000000bc     Crystalfontz128x128_ST7735.obj (.text:Crystalfontz128x128_Init)
                  0000692c    00000004     --HOLE-- [fill = 0]
                  00006930    000000bc     sysbios.aem4f : BIOS.obj (.text:ti_sysbios_family_arm_m3_Hwi_excDebugMon__I)
                  000069ec    00000004     --HOLE-- [fill = 0]
                  000069f0    000000bc                   : BIOS.obj (.text:ti_sysbios_family_arm_m3_Hwi_excHardFault__I)
                  00006aac    00000004     --HOLE-- [fill = 0]
                  00006ab0    000000b4                   : BIOS.obj (.text:ti_sysbios_gates_GateMutex_enter__E)
                  00006b64    00000004     --HOLE-- [fill = 0]
                  00006b68    000000b4                   : BIOS.obj (.text:ti_sysbios_knl_Task_checkStacks__E)
                  00006c1c    000000b1     rtsv7M4_T_le_v4SPD16_eabi.lib : _printfi.c.obj (.text:_ltostr)
                  00006ccd    00000003     --HOLE-- [fill = 0]
                  00006cd0    000000ac     main.obj (.text:Waveform_Task)
                  00006d7c    00000004     --HOLE-- [fill = 0]
                  00006d80    000000ac     sysbios.aem4f : BIOS.obj (.text:ti_sysbios_family_arm_lm4_Timer_enableTiva__I)
                  00006e2c    000000a0     auto_init.aem4f : auto_init.oem4f (.text)
                  00006ecc    000000a0     ti.targets.arm.rtsarm.aem4f : Text.oem4f (.text:xdc_runtime_Text_putMod__E)
                  00006f6c    00000004     --HOLE-- [fill = 0]
                  00006f70    0000009c     Crystalfontz128x128_ST7735.obj (.text:Crystalfontz128x128_SetDrawFrame)
                  0000700c    0000009c     rtsv7M4_T_le_v4SPD16_eabi.lib : memcpy_t2.asm.obj (.text)
                  000070a8    0000009c     sysbios.aem4f : BIOS.obj (.text:ti_sysbios_knl_Semaphore_Instance_init__E)
                  00007144    0000009a     ti.targets.arm.rtsarm.aem4f : Text.oem4f (.text:xdc_runtime_Text_putSite__E)
                  000071de    00000002     --HOLE-- [fill = 0]
                  000071e0    00000098     Boot.aem4f : Boot.oem4f (.text:ti_catalog_arm_cortexm4_tiva_ce_Boot_sysCtlClockFreqSet__E)
                  00007278    00000096     rtsv7M4_T_le_v4SPD16_eabi.lib : ull_div_t2.asm.obj (.text)
                  0000730e    00000002     --HOLE-- [fill = 0]
                  00007310    00000094     sysbios.aem4f : BIOS.obj (.text:ti_sysbios_family_arm_m3_Hwi_initNVIC__E)
                  000073a4    00000004     --HOLE-- [fill = 0]
                  000073a8    00000090     main.obj (.text:UI_Task)
                  00007438    0000008c     main.obj (.text:main)
                  000074c4    0000008c     sysbios.aem4f : m3_TaskSupport_asm.obj (.text:ti_sysbios_family_arm_m3_TaskSupport_buildTaskStack)
                  00007550    0000008c                   : BIOS.obj (.text:ti_sysbios_knl_Task_postInit__I)
                  000075dc    00000004     --HOLE-- [fill = 0]
                  000075e0    00000088                   : BIOS.obj (.text:ti_sysbios_knl_Mailbox_post__E)
                  00007668    00000086     grlib.lib : rectangle.obj (.text:GrRectFill)
                  000076ee    00000086     rtsv7M4_T_le_v4SPD16_eabi.lib : fd_cmp_t2.asm.obj (.text:__aeabi_cdcmple)
                  00007774    00000086                                   : fd_cmp_t2.asm.obj (.text:__aeabi_cdrcmple)
                  000077fa    00000006     driverlib.lib : sysctl.obj (.text:SysCtlDelay)
                  00007800    00000084     sysbios.aem4f : BIOS.obj (.text:ti_sysbios_family_arm_m3_Hwi_postInit__I)
                  00007884    00000084     driverlib.lib : udma.obj (.text:uDMAChannelTransferSet)
                  00007908    00000080     Crystalfontz128x128_ST7735.obj (.text:Crystalfontz128x128_RectFill)
                  00007988    00000080     rtsv7M4_T_le_v4SPD16_eabi.lib : s_floorf.c.obj (.text:floorf)
                  00007a08    00000080     kiss_fft.obj (.text:kf_bfly2)
                  00007a88    0000007c     main.obj (.text:Frequency_Task)
                  00007b04    0000007a     driverlib.lib : adc.obj (.text:ADCSequenceStepConfigure)
                  00007b7e    0000007a     rtsv7M4_T_le_v4SPD16_eabi.lib : memset_t2.asm.obj (.text)
                  00007bf8    00000078     HAL_EK_TM4C1294XL_Crystalfontz128x128_ST7735.obj (.text:HAL_LCD_PortInit)
                  00007c70    00000078     HAL_EK_TM4C1294XL_Crystalfontz128x128_ST7735.obj (.text:HAL_LCD_SpiInit)
                  00007ce8    00000074     sysbios.aem4f : BIOS.obj (.text:ti_sysbios_knl_Mailbox_pend__E)
                  00007d5c    00000004     --HOLE-- [fill = 0]
                  00007d60    00000070     sampling.obj (.text:ADC_ISR)
                  00007dd0    00000070     sysbios.aem4f : BIOS.obj (.text:ti_sysbios_knl_Clock_workFunc__E)
                  00007e40    00000070                   : BIOS.obj (.text:ti_sysbios_knl_Task_exit__E)
                  00007eb0    0000006e     rtsv7M4_T_le_v4SPD16_eabi.lib : _printfi.c.obj (.text:_mcpy)
                  00007f1e    0000006e                                   : s_roundf.c.obj (.text:roundf)
                  00007f8c    0000006e                                   : fd_tos_t2.asm.obj (.text)
                  00007ffa    00000002     --HOLE-- [fill = 0]
                  00007ffc    0000006d     ti.targets.arm.rtsarm.aem4f : System.oem4f (.text:xdc_runtime_System_formatNum__I)
                  00008069    00000001     --HOLE-- [fill = 0]
                  0000806a    00000006                                 : System.oem4f (.text:xdc_runtime_System_Module_startup__E)
                  00008070    0000006c     kiss_fft.obj (.text:kf_factor)
                  000080dc    00000004     --HOLE-- [fill = 0]
                  000080e0    0000006c     sysbios.aem4f : BIOS.obj (.text:ti_sysbios_knl_Swi_restoreHwi__E)
                  0000814c    0000006c     ti.targets.arm.rtsarm.aem4f : Error.oem4f (.text:xdc_runtime_Error_print__E)
                  000081b8    0000006c                                 : Memory.oem4f (.text:xdc_runtime_Memory_alloc__E)
                  00008224    00000068     grlib.lib : context.obj (.text:GrContextInit)
                  0000828c    00000068     rtsv7M4_T_le_v4SPD16_eabi.lib : copy_decompress_lzss.c.obj (.text:decompress:lzss:__TI_decompress_lzss)
                  000082f4    00000004     --HOLE-- [fill = 0]
                  000082f8    00000068     sysbios.aem4f : BIOS.obj (.text:ti_sysbios_family_arm_lm4_TimestampProvider_initTimerHandle__I)
                  00008360    00000066     ti.targets.arm.rtsarm.aem4f : Core-mem.oem4f (.text:xdc_runtime_Core_deleteObject__I)
                  000083c6    00000002     --HOLE-- [fill = 0]
                  000083c8    00000064     rtsv7M4_T_le_v4SPD16_eabi.lib : s_frexp.c.obj (.text:frexp)
                  0000842c    00000004     --HOLE-- [fill = 0]
                  00008430    00000064     sampling.obj (.text:getTriggerIndex)
                  00008494    00000004     --HOLE-- [fill = 0]
                  00008498    00000064     sysbios.aem4f : BIOS.obj (.text:ti_sysbios_family_arm_lm4_Timer_Module_startup__E)
                  000084fc    00000004     --HOLE-- [fill = 0]
                  00008500    00000064                   : BIOS.obj (.text:ti_sysbios_family_arm_m3_Hwi_dispatchC__I)
                  00008564    00000004     --HOLE-- [fill = 0]
                  00008568    00000060     buttons.obj (.text:ButtonDebounce)
                  000085c8    00000060     driverlib.lib : timer.obj (.text:TimerConfigure)
                  00008628    00000060     sysbios.aem4f : BIOS.obj (.text:ti_sysbios_knl_Task_schedule__I)
                  00008688    0000005c     kiss_fft.obj (.text:kiss_fft_stride)
                  000086e4    00000004     --HOLE-- [fill = 0]
                  000086e8    0000005c     sysbios.aem4f : BIOS.obj (.text:ti_sysbios_knl_Swi_run__I)
                  00008744    00000004     --HOLE-- [fill = 0]
                  00008748    0000005c                   : BIOS.obj (.text:ti_sysbios_knl_Swi_schedule__I)
                  000087a4    00000004     --HOLE-- [fill = 0]
                  000087a8    0000005c                   : BIOS.obj (.text:ti_sysbios_knl_Task_Module_startup__E)
                  00008804    00000004     --HOLE-- [fill = 0]
                  00008808    0000005c                   : BIOS.obj (.text:ti_sysbios_knl_Task_startCore__E)
                  00008864    0000005b     ti.targets.arm.rtsarm.aem4f : Text.oem4f (.text:xdc_runtime_Text_putLab__E)
                  000088bf    00000001     --HOLE-- [fill = 0]
                  000088c0    0000005a     grlib.lib : string.obj (.text:FontWideGlyphDataGet)
                  0000891a    00000006     --HOLE-- [fill = 0]
                  00008920    00000058     buttons.obj (.text:ButtonAutoRepeat)
                  00008978    00000058     boot.aem4f : boot.oem4f (.text)
                  000089d0    00000058     rtsv7M4_T_le_v4SPD16_eabi.lib : hostwrite.c.obj (.text:HOSTwrite)
                  00008a28    00000058     sysbios.aem4f : m3_Hwi_asm_switch.obj (.text:ti_sysbios_family_arm_m3_Hwi_initStacks__E)
                  00008a80    00000056     rtsv7M4_T_le_v4SPD16_eabi.lib : _printfi.c.obj (.text:_pconv_f)
                  00008ad6    00000054                                   : ltoa.c.obj (.text:ltoa)
                  00008b2a    00000006     --HOLE-- [fill = 0]
                  00008b30    00000054     sysbios.aem4f : BIOS.obj (.text:ti_sysbios_family_arm_lm4_Timer_initDevice__I)
                  00008b84    00000054     ti.targets.arm.rtsarm.aem4f : Assert.oem4f (.text:xdc_runtime_Assert_raise__I)
                  00008bd8    00000052     rtsv7M4_T_le_v4SPD16_eabi.lib : _printfi.c.obj (.text:_ecpy)
                  00008c2a    00000002     --HOLE-- [fill = 0]
                  00008c2c    00000050     Boot.aem4f : Boot_sysctl.oem4f (.text:_SysCtlFrequencyGet)
                  00008c7c    00000004     --HOLE-- [fill = 0]
                  00008c80    00000050     sysbios.aem4f : BIOS.obj (.text:ti_sysbios_family_arm_m3_Hwi_Module_startup__E)
                  00008cd0    00000050     ti.targets.arm.rtsarm.aem4f : Startup.oem4f (.text:xdc_runtime_Startup_exec__E)
                  00008d20    00000050                                 : Text.oem4f (.text:xdc_runtime_Text_visitRope2__I)
                  00008d70    0000004c     rtsv7M4_T_le_v4SPD16_eabi.lib : atoi.c.obj (.text:atoi)
                  00008dbc    0000004c                                   : cpy_tbl.c.obj (.text:copy_in)
                  00008e08    0000004c                                   : snprintf.c.obj (.text:snprintf)
                  00008e54    00000004     --HOLE-- [fill = 0]
                  00008e58    0000004c     sysbios.aem4f : BIOS.obj (.text:ti_sysbios_heaps_HeapMem_getStats__E)
                  00008ea4    00000004     --HOLE-- [fill = 0]
                  00008ea8    0000004c                   : BIOS.obj (.text:ti_sysbios_knl_Swi_runLoop__I)
                  00008ef4    00000004     --HOLE-- [fill = 0]
                  00008ef8    0000004c                   : BIOS.obj (.text:ti_sysbios_knl_Task_allBlockedFunction__I)
                  00008f44    0000004a     grlib.lib : string.obj (.text:UpdateContextCharMapping)
                  00008f8e    00000002     --HOLE-- [fill = 0]
                  00008f90    00000048     driverlib.lib : gpio.obj (.text:GPIOPinConfigure)
                  00008fd8    00000048     HAL_EK_TM4C1294XL_Crystalfontz128x128_ST7735.obj (.text:HAL_LCD_writeCommand)
                  00009020    00000048     sysctl_pll.obj (.text:SysCtlFrequencyGet)
                  00009068    00000048     sampling.obj (.text:getADCBufferIndex)
                  000090b0    00000048     rtsv7M4_T_le_v4SPD16_eabi.lib : fd_toi_t2.asm.obj (.text)
                  000090f8    00000048     sysbios.aem4f : BIOS.obj (.text:ti_sysbios_family_arm_lm4_Timer_enableTimers__I)
                  00009140    00000048                   : BIOS.obj (.text:ti_sysbios_family_arm_m3_Hwi_disableInterrupt__E)
                  00009188    00000048                   : BIOS.obj (.text:ti_sysbios_family_arm_m3_Hwi_enableInterrupt__E)
                  000091d0    00000048                   : BIOS.obj (.text:ti_sysbios_family_arm_m3_Hwi_excReserved__I)
                  00009218    00000048                   : BIOS.obj (.text:ti_sysbios_knl_Mailbox_Module_startup__E)
                  00009260    00000048     driverlib.lib : udma.obj (.text:uDMAChannelAttributeDisable)
                  000092a8    00000046     grlib.lib : line.obj (.text:GrLineDrawH)
                  000092ee    00000046               : line.obj (.text:GrLineDrawV)
                  00009334    00000046     ti.targets.arm.rtsarm.aem4f : Core-params.oem4f (.text:xdc_runtime_Core_assignParams__I)
                  0000937a    00000006     --HOLE-- [fill = 0]
                  00009380    00000044     Crystalfontz128x128_ST7735.obj (.text:Crystalfontz128x128_SetOrientation)
                  000093c4    00000004     --HOLE-- [fill = 0]
                  000093c8    00000044     sampling.obj (.text:Freq_ISR)
                  0000940c    00000004     --HOLE-- [fill = 0]
                  00009410    00000044     sysbios.aem4f : BIOS.obj (.text:ti_sysbios_family_arm_lm4_Timer_isrStub__E)
                  00009454    00000004     --HOLE-- [fill = 0]
                  00009458    00000044                   : BIOS.obj (.text:ti_sysbios_family_arm_m3_Hwi_getStackInfo__E)
                  0000949c    00000004     --HOLE-- [fill = 0]
                  000094a0    00000044                   : BIOS.obj (.text:ti_sysbios_knl_Swi_post__E)
                  000094e4    00000044     ti.targets.arm.rtsarm.aem4f : Error.oem4f (.text:xdc_runtime_Error_setX__E)
                  00009528    00000044                                 : SysMin.oem4f (.text:xdc_runtime_SysMin_flush__E)
                  0000956c    00000044                                 : Text.oem4f (.text:xdc_runtime_Text_xprintf__I)
                  000095b0    00000040     Crystalfontz128x128_ST7735.obj (.text:Crystalfontz128x128_LineDrawH)
                  000095f0    00000040     rtsv7M4_T_le_v4SPD16_eabi.lib : u_divt2.asm.obj (.text)
                  00009630    00000040     sysbios.aem4f : BIOS.obj (.text:ti_sysbios_family_arm_lm4_Timer_startup__E)
                  00009670    00000040     sampling.obj (.text:voltageScale)
                  000096b0    0000003e     driverlib.lib : adc.obj (.text:ADCSequenceConfigure)
                  000096ee    0000003e     rtsv7M4_T_le_v4SPD16_eabi.lib : _printfi.c.obj (.text:_fcpy)
                  0000972c    0000003c     driverlib.lib : ssi.obj (.text:SSIConfigSetExpClk)
                  00009768    0000003c     sysbios.aem4f : BIOS.obj (.text:ti_sysbios_family_arm_m3_Hwi_excSvCall__I)
                  000097a4    00000004     --HOLE-- [fill = 0]
                  000097a8    0000003c                   : BIOS.obj (.text:ti_sysbios_heaps_HeapMem_init__I)
                  000097e4    00000004     --HOLE-- [fill = 0]
                  000097e8    0000003c                   : BIOS.obj (.text:ti_sysbios_knl_Swi_restore__E)
                  00009824    0000003a     grlib.lib : string.obj (.text:FontGlyphDataGet)
                  0000985e    00000002     --HOLE-- [fill = 0]
                  00009860    00000038     Crystalfontz128x128_ST7735.obj (.text:Crystalfontz128x128_Flush)
                  00009898    00000038     rtsv7M4_T_le_v4SPD16_eabi.lib : trgmsg.c.obj (.text:__TI_writemsg)
                  000098d0    00000038                                   : fs_tod_t2.asm.obj (.text)
                  00009908    00000038     sysbios.aem4f : BIOS.obj (.text:ti_sysbios_family_arm_m3_Hwi_excNoIsr__I)
                  00009940    00000038                   : BIOS.obj (.text:ti_sysbios_knl_Task_processVitalTaskFlag__I)
                  00009978    00000038     ti.targets.arm.rtsarm.aem4f : SysMin.oem4f (.text:xdc_runtime_SysMin_putch__E)
                  000099b0    00000038                                 : System.oem4f (.text:xdc_runtime_System_atexit__E)
                  000099e8    00000036     grlib.lib : line.obj (.text:GrClipCodeGet)
                  00009a1e    00000002     --HOLE-- [fill = 0]
                  00009a20    00000034     driverlib.lib : sysctl.obj (.text:SysCtlPeripheralEnable)
                  00009a54    00000034     rtsv7M4_T_le_v4SPD16_eabi.lib : trgmsg.c.obj (.text:__TI_readmsg)
                  00009a88    00000034     sysbios.aem4f : BIOS.obj (.text:ti_sysbios_family_arm_m3_Hwi_excNmi__I)
                  00009abc    00000004     --HOLE-- [fill = 0]
                  00009ac0    00000034                   : BIOS.obj (.text:ti_sysbios_hal_Hwi_checkStack)
                  00009af4    00000034     ti.targets.arm.rtsarm.aem4f : Core-label.oem4f (.text:xdc_runtime_Core_assignLabel__I)
                  00009b28    00000033                                 : Text.oem4f (.text:xdc_runtime_Text_printVisFxn__I)
                  00009b5b    00000005     --HOLE-- [fill = 0]
                  00009b60    00000032     sysbios.aem4f : BIOS.obj (.text:ti_sysbios_hal_Hwi_initStack)
                  00009b92    00000030     rtsv7M4_T_le_v4SPD16_eabi.lib : snprintf.c.obj (.text:_outs)
                  00009bc2    00000006     --HOLE-- [fill = 0]
                  00009bc8    00000030     main.obj (.text:cpu_load_count)
                  00009bf8    00000030     rtos_pem4f.oem4f (.text:ti_sysbios_BIOS_atExitFunc__I)
                  00009c28    00000030     sysbios.aem4f : BIOS.obj (.text:ti_sysbios_family_arm_lm4_Timer_stop__E)
                  00009c58    00000030                   : BIOS.obj (.text:ti_sysbios_family_arm_m3_TaskSupport_start__E)
                  00009c88    00000030     rtos_pem4f.oem4f (.text:ti_sysbios_gates_GateHwi_Object__create__S)
                  00009cb8    00000030     rtos_pem4f.oem4f (.text:ti_sysbios_gates_GateMutex_Object__create__S)
                  00009ce8    00000030     rtos_pem4f.oem4f (.text:ti_sysbios_heaps_HeapMem_Object__create__S)
                  00009d18    00000030     sysbios.aem4f : BIOS.obj (.text:ti_sysbios_knl_Mailbox_postInit__I)
                  00009d48    00000030     rtos_pem4f.oem4f (.text:ti_sysbios_knl_Semaphore_construct)
                  00009d78    00000030     sysbios.aem4f : BIOS.obj (.text:ti_sysbios_knl_Semaphore_pendTimeout__I)
                  00009da8    00000030                   : BIOS.obj (.text:ti_sysbios_knl_Task_unblockI__E)
                  00009dd8    00000030     ti.targets.arm.rtsarm.aem4f : SysMin.oem4f (.text:xdc_runtime_SysMin_abort__E)
                  00009e08    00000030                                 : System.oem4f (.text:xdc_runtime_System_processAtExit__E)
                  00009e38    0000002e     driverlib.lib : adc.obj (.text:ADCIntStatus)
                  00009e66    0000002e     grlib.lib : string.obj (.text:GrStringNextCharGet)
                  00009e94    00000004     --HOLE-- [fill = 0]
                  00009e98    0000002e     rtos_pem4f.oem4f (.text:malloc)
                  00009ec6    0000002e     rtsv7M4_T_le_v4SPD16_eabi.lib : i_tofd_t2.asm.obj (.text)
                  00009ef4    00000004     --HOLE-- [fill = 0]
                  00009ef8    0000002c     rtos_pem4f.oem4f (.text:ti_sysbios_knl_Clock_doTick__I)
                  00009f24    00000004     --HOLE-- [fill = 0]
                  00009f28    0000002c     rtos_pem4f.oem4f (.text:ti_sysbios_knl_Queue_construct)
                  00009f54    00000004     --HOLE-- [fill = 0]
                  00009f58    0000002c     sysbios.aem4f : BIOS.obj (.text:ti_sysbios_knl_Task_restore__E)
                  00009f84    0000002c     driverlib.lib : udma.obj (.text:uDMAChannelAssign)
                  00009fb0    0000002c     ti.targets.arm.rtsarm.aem4f : Text.oem4f (.text:xdc_runtime_Text_cordText__E)
                  00009fdc    0000002a     driverlib.lib : gpio.obj (.text:GPIODirModeSet)
                  0000a006    0000002a     ti.targets.arm.rtsarm.aem4f : System.oem4f (.text:xdc_runtime_System_putchar__I)
                  0000a030    00000028     rtsv7M4_T_le_v4SPD16_eabi.lib : e_sqrtf.c.obj (.text:sqrtf)
                  0000a058    00000028     sysbios.aem4f : BIOS.obj (.text:ti_sysbios_knl_Clock_addI__E)
                  0000a080    00000028                   : BIOS.obj (.text:ti_sysbios_knl_Swi_Module_startup__E)
                  0000a0a8    00000028     driverlib.lib : udma.obj (.text:uDMAChannelModeGet)
                  0000a0d0    00000026     grlib.lib : string.obj (.text:GrFontInfoGet)
                  0000a0f6    00000026     sysbios.aem4f : m3_Hwi_asm.obj (.text:ti_sysbios_family_arm_m3_Hwi_pendSV__I)
                  0000a11c    00000026     ti.targets.arm.rtsarm.aem4f : System.oem4f (.text:xdc_runtime_System_avprintf__E)
                  0000a142    00000006     --HOLE-- [fill = 0]
                  0000a148    00000024     rtos_pem4f.oem4f (.text:ti_sysbios_BIOS_errorRaiseHook__I)
                  0000a16c    00000004     --HOLE-- [fill = 0]
                  0000a170    00000024     rtos_pem4f.oem4f (.text:ti_sysbios_BIOS_registerRTSLock__I)
                  0000a194    00000004     --HOLE-- [fill = 0]
                  0000a198    00000024     rtos_pem4f.oem4f (.text:ti_sysbios_BIOS_removeRTSLock__I)
                  0000a1bc    00000004     --HOLE-- [fill = 0]
                  0000a1c0    00000024     rtos_pem4f.oem4f (.text:ti_sysbios_BIOS_startFunc__I)
                  0000a1e4    00000004     --HOLE-- [fill = 0]
                  0000a1e8    00000024     rtos_pem4f.oem4f (.text:ti_sysbios_gates_GateMutex_Object__delete__S)
                  0000a20c    00000004     --HOLE-- [fill = 0]
                  0000a210    00000024     sysbios.aem4f : BIOS.obj (.text:ti_sysbios_knl_Clock_Module_startup__E)
                  0000a234    00000004     --HOLE-- [fill = 0]
                  0000a238    00000024                   : BIOS.obj (.text:ti_sysbios_knl_Task_restoreHwi__E)
                  0000a25c    00000024     driverlib.lib : udma.obj (.text:uDMAChannelControlSet)
                  0000a280    00000024                   : udma.obj (.text:uDMAChannelSizeGet)
                  0000a2a4    00000024     ti.targets.arm.rtsarm.aem4f : System.oem4f (.text:xdc_runtime_System_vprintf__E)
                  0000a2c8    00000022     grlib.lib : string.obj (.text:GrFontGlyphDataGet)
                  0000a2ea    00000006     --HOLE-- [fill = 0]
                  0000a2f0    00000022     sysbios.aem4f : BIOS.obj (.text:ti_sysbios_family_arm_lm4_Timer_write__I)
                  0000a312    00000006     --HOLE-- [fill = 0]
                  0000a318    00000022     rtos_pem4f.oem4f (.text:xdc_runtime_SysMin_output__I)
                  0000a33a    00000002     --HOLE-- [fill = 0]
                  0000a33c    00000020     Boot.aem4f : Boot_sysctl.oem4f (.text:_SysCtlMemTimingGet)
                  0000a35c    00000004     --HOLE-- [fill = 0]
                  0000a360    00000020     rtos_pem4f.oem4f (.text:ti_sysbios_BIOS_rtsLock__I)
                  0000a380    00000020     sysbios.aem4f : m3_Hwi_asm.obj (.text:ti_sysbios_family_arm_m3_Hwi_excHandlerAsm__I)
                  0000a3a0    00000020                   : BIOS.obj (.text:ti_sysbios_family_arm_m3_Hwi_excHandler__I)
                  0000a3c0    00000020     rtos_pem4f.oem4f (.text:ti_sysbios_gates_GateHwi_Object__delete__S)
                  0000a3e0    00000020     rtos_pem4f.oem4f (.text:ti_sysbios_heaps_HeapMem_Object__delete__S)
                  0000a400    00000020     sysbios.aem4f : BIOS.obj (.text:ti_sysbios_knl_Idle_run__E)
                  0000a420    00000020     rtos_pem4f.oem4f (.text:ti_sysbios_knl_Semaphore_Object__destruct__S)
                  0000a440    00000020     ti.targets.arm.rtsarm.aem4f : Registry.oem4f (.text:xdc_runtime_Registry_findById__E)
                  0000a460    00000020                                 : SysMin.oem4f (.text:xdc_runtime_SysMin_Module_startup__E)
                  0000a480    0000001e     driverlib.lib : adc.obj (.text:ADCSequenceDataGet)
                  0000a49e    00000002     --HOLE-- [fill = 0]
                  0000a4a0    0000001e     Crystalfontz128x128_ST7735.obj (.text:Crystalfontz128x128_ColorTranslate)
                  0000a4be    0000001e     grlib.lib : string.obj (.text:GrFontCodepageGet)
                  0000a4dc    0000001e     sysbios.aem4f : m3_Hwi_asm_switch.obj (.text:ti_sysbios_family_xxx_Hwi_switchAndRunFunc)
                  0000a4fa    00000006     --HOLE-- [fill = 0]
                  0000a500    0000001c     Crystalfontz128x128_ST7735.obj (.text:Crystalfontz128x128_LineDrawV)
                  0000a51c    0000001c     rtsv7M4_T_le_v4SPD16_eabi.lib : memccpy.c.obj (.text:memccpy)
                  0000a538    0000001c     sysbios.aem4f : BIOS.obj (.text:ti_sysbios_gates_GateMutex_Instance_init__E)
                  0000a554    00000004     --HOLE-- [fill = 0]
                  0000a558    0000001c     rtos_pem4f.oem4f (.text:ti_sysbios_knl_Queue_Object__destruct__S)
                  0000a574    00000004     --HOLE-- [fill = 0]
                  0000a578    0000001c     sysbios.aem4f : BIOS.obj (.text:ti_sysbios_knl_Queue_get__E)
                  0000a594    00000004     --HOLE-- [fill = 0]
                  0000a598    0000001c                   : BIOS.obj (.text:ti_sysbios_knl_Queue_put__E)
                  0000a5b4    00000004     --HOLE-- [fill = 0]
                  0000a5b8    0000001c                   : BIOS.obj (.text:ti_sysbios_knl_Task_enter__I)
                  0000a5d4    0000001c     ti.targets.arm.rtsarm.aem4f : Error.oem4f (.text:xdc_runtime_Error_raiseX__E)
                  0000a5f0    0000001c                                 : Memory.oem4f (.text:xdc_runtime_Memory_valloc__E)
                  0000a60c    0000001c                                 : SysMin.oem4f (.text:xdc_runtime_SysMin_exit__E)
                  0000a628    0000001c                                 : System.oem4f (.text:xdc_runtime_System_abort__E)
                  0000a644    0000001a     rtsv7M4_T_le_v4SPD16_eabi.lib : s_copysign.c.obj (.text:copysign)
                  0000a65e    00000002     --HOLE-- [fill = 0]
                  0000a660    0000001a     rtos_pem4f.oem4f (.text:free)
                  0000a67a    00000006     --HOLE-- [fill = 0]
                  0000a680    0000001a     rtos_pem4f.oem4f (.text:ti_sysbios_family_arm_m3_Hwi_Handle__label__S)
                  0000a69a    00000006     --HOLE-- [fill = 0]
                  0000a6a0    0000001a     rtos_pem4f.oem4f (.text:ti_sysbios_gates_GateHwi_Handle__label__S)
                  0000a6ba    00000006     --HOLE-- [fill = 0]
                  0000a6c0    0000001a     rtos_pem4f.oem4f (.text:ti_sysbios_gates_GateMutex_Handle__label__S)
                  0000a6da    00000006     --HOLE-- [fill = 0]
                  0000a6e0    0000001a     rtos_pem4f.oem4f (.text:ti_sysbios_heaps_HeapMem_Handle__label__S)
                  0000a6fa    00000006     --HOLE-- [fill = 0]
                  0000a700    0000001a     rtos_pem4f.oem4f (.text:ti_sysbios_knl_Swi_Handle__label__S)
                  0000a71a    00000006     --HOLE-- [fill = 0]
                  0000a720    0000001a     rtos_pem4f.oem4f (.text:ti_sysbios_knl_Task_Handle__label__S)
                  0000a73a    00000006     --HOLE-- [fill = 0]
                  0000a740    0000001a     rtos_pem4f.oem4f (.text:xdc_runtime_System_aprintf__E)
                  0000a75a    00000006     --HOLE-- [fill = 0]
                  0000a760    0000001a     rtos_pem4f.oem4f (.text:xdc_runtime_System_printf__E)
                  0000a77a    00000018     driverlib.lib : adc.obj (.text:ADCClockConfigSet)
                  0000a792    00000018                   : adc.obj (.text:ADCProcessorTrigger)
                  0000a7aa    00000018                   : gpio.obj (.text:GPIOPinTypeGPIOOutput)
                  0000a7c2    00000002     --HOLE-- [fill = 0]
                  0000a7c4    00000018     rtsv7M4_T_le_v4SPD16_eabi.lib : args_main.c.obj (.text:_args_main)
                  0000a7dc    00000018                                   : snprintf.c.obj (.text:_outc)
                  0000a7f4    00000004     --HOLE-- [fill = 0]
                  0000a7f8    00000018     rtos_pem4f.oem4f (.text:ti_sysbios_BIOS_rtsUnlock__I)
                  0000a810    00000018     rtos_pem4f.oem4f (.text:ti_sysbios_family_arm_lm4_Timer_Module__startupDone__F)
                  0000a828    00000018     rtos_pem4f.oem4f (.text:ti_sysbios_family_arm_m3_Hwi_Module__startupDone__F)
                  0000a840    00000018     sysbios.aem4f : m3_TaskSupport_asm.obj (.text:ti_sysbios_family_arm_m3_TaskSupport_swap__E)
                  0000a858    00000018                   : BIOS.obj (.text:ti_sysbios_gates_GateMutex_leave__E)
                  0000a870    00000018     driverlib.lib : udma.obj (.text:uDMAChannelEnable)
                  0000a888    00000018                   : udma.obj (.text:uDMAChannelIsEnabled)
                  0000a8a0    00000018     ti.targets.arm.rtsarm.aem4f : Error.oem4f (.text:xdc_runtime_Error_check__E)
                  0000a8b8    00000018                                 : System.oem4f (.text:xdc_runtime_System_exit__E)
                  0000a8d0    00000018                                 : Text.oem4f (.text:xdc_runtime_Text_ropeText__E)
                  0000a8e8    00000016     grlib.lib : string.obj (.text:GrStringDraw)
                  0000a8fe    00000016     driverlib.lib : timer.obj (.text:TimerControlEvent)
                  0000a914    00000016     rtsv7M4_T_le_v4SPD16_eabi.lib : strchr.c.obj (.text:strchr)
                  0000a92a    00000006     --HOLE-- [fill = 0]
                  0000a930    00000016     rtos_pem4f.oem4f (.text:ti_sysbios_BIOS_exitFunc__I)
                  0000a946    00000002     --HOLE-- [fill = 0]
                  0000a948    00000016     sysbios.aem4f : BIOS.obj (.text:ti_sysbios_knl_Task_unblock__E)
                  0000a95e    00000002     --HOLE-- [fill = 0]
                  0000a960    00000014     Crystalfontz128x128_ST7735.obj (.text:Crystalfontz128x128_PixelDraw)
                  0000a974    00000014     driverlib.lib : timer.obj (.text:TimerDisable)
                  0000a988    00000014     rtsv7M4_T_le_v4SPD16_eabi.lib : strlen.c.obj (.text:strlen)
                  0000a99c    00000004     --HOLE-- [fill = 0]
                  0000a9a0    00000014     rtos_pem4f.oem4f (.text:ti_sysbios_family_arm_m3_Hwi_Object__get__S)
                  0000a9b4    00000004     --HOLE-- [fill = 0]
                  0000a9b8    00000014     sysbios.aem4f : BIOS.obj (.text:ti_sysbios_family_arm_m3_Hwi_switchFromBootStack__E)
                  0000a9cc    00000004     --HOLE-- [fill = 0]
                  0000a9d0    00000014     rtos_pem4f.oem4f (.text:ti_sysbios_heaps_HeapMem_Object__get__S)
                  0000a9e4    00000004     --HOLE-- [fill = 0]
                  0000a9e8    00000014     rtos_pem4f.oem4f (.text:ti_sysbios_knl_Mailbox_Object__get__S)
                  0000a9fc    00000004     --HOLE-- [fill = 0]
                  0000aa00    00000014     rtos_pem4f.oem4f (.text:ti_sysbios_knl_Swi_Object__get__S)
                  0000aa14    00000012     driverlib.lib : gpio.obj (.text:GPIOPinTypeADC)
                  0000aa26    00000012                   : gpio.obj (.text:GPIOPinTypeComparator)
                  0000aa38    00000012                   : gpio.obj (.text:GPIOPinTypeComparatorOutput)
                  0000aa4a    00000012                   : gpio.obj (.text:GPIOPinTypeGPIOInput)
                  0000aa5c    00000012                   : gpio.obj (.text:GPIOPinTypeSSI)
                  0000aa6e    00000012                   : gpio.obj (.text:GPIOPinTypeTimer)
                  0000aa80    00000012                   : timer.obj (.text:TimerLoadSet)
                  0000aa92    00000012                   : timer.obj (.text:TimerPrescaleSet)
                  0000aaa4    00000004     --HOLE-- [fill = 0]
                  0000aaa8    00000012     sysbios.aem4f : BIOS.obj (.text:ti_sysbios_hal_Hwi_Module_startup__E)
                  0000aaba    00000012     rtsv7M4_T_le_v4SPD16_eabi.lib : wcslen.c.obj (.text:wcslen)
                  0000aacc    00000004     --HOLE-- [fill = 0]
                  0000aad0    00000012     rtos_pem4f.oem4f (.text:xdc_runtime_Startup_exec__I)
                  0000aae2    00000006     --HOLE-- [fill = 0]
                  0000aae8    00000010     rtos_pem4f.oem4f (.text:.bootCodeSection:ti_catalog_arm_cortexm4_tiva_ce_Boot_init__I)
                  0000aaf8    00000010     driverlib.lib : adc.obj (.text:ADCSequenceDMAEnable)
                  0000ab08    00000010                   : interrupt.obj (.text:IntMasterDisable)
                  0000ab18    00000010                   : interrupt.obj (.text:IntMasterEnable)
                  0000ab28    00000010     sysbios.aem4f : BIOS.obj (.text:ti_sysbios_BIOS_setThreadType__E)
                  0000ab38    00000010                   : BIOS.obj (.text:ti_sysbios_BIOS_start__E)
                  0000ab48    00000010                   : m3_TaskSupport_asm.obj (.text:ti_sysbios_family_arm_m3_TaskSupport_glue)
                  0000ab58    00000010                   : BIOS.obj (.text:ti_sysbios_gates_GateMutex_Instance_finalize__E)
                  0000ab68    00000010                   : BIOS.obj (.text:ti_sysbios_knl_Semaphore_Instance_finalize__E)
                  0000ab78    00000010                   : BIOS.obj (.text:ti_sysbios_knl_Swi_disable__E)
                  0000ab88    00000010     rtos_pem4f.oem4f (.text:ti_sysbios_knl_Task_Object__get__S)
                  0000ab98    00000010     sysbios.aem4f : BIOS.obj (.text:ti_sysbios_knl_Task_disable__E)
                  0000aba8    00000010     driverlib.lib : udma.obj (.text:uDMAEnable)
                  0000abb8    00000010     ti.targets.arm.rtsarm.aem4f : Gate.oem4f (.text:xdc_runtime_Gate_leaveSystem__E)
                  0000abc8    00000010                                 : Memory.oem4f (.text:xdc_runtime_Memory_free__E)
                  0000abd8    00000010                                 : SysMin.oem4f (.text:xdc_runtime_SysMin_ready__E)
                  0000abe8    00000010                                 : System.oem4f (.text:xdc_runtime_System_vsnprintf__E)
                  0000abf8    00000010     rtos_pem4f.oem4f (.text:xdc_runtime_Text_visitRope__I)
                  0000ac08    0000000e     driverlib.lib : adc.obj (.text:ADCSequenceDisable)
                  0000ac16    0000000e                   : adc.obj (.text:ADCSequenceEnable)
                  0000ac24    0000000e                   : timer.obj (.text:TimerEnable)
                  0000ac32    0000000e     rtsv7M4_T_le_v4SPD16_eabi.lib : copy_decompress_none.c.obj (.text:decompress:none:__TI_decompress_none)
                  0000ac40    0000000e     sysbios.aem4f : BIOS.obj (.text:ti_sysbios_knl_Idle_loop__E)
                  0000ac4e    00000002     --HOLE-- [fill = 0]
                  0000ac50    0000000e                   : BIOS.obj (.text:ti_sysbios_knl_Queue_empty__E)
                  0000ac5e    0000000c     driverlib.lib : cpu.obj (.text:CPUcpsid)
                  0000ac6a    0000000c                   : cpu.obj (.text:CPUcpsie)
                  0000ac76    00000002     --HOLE-- [fill = 0]
                  0000ac78    0000000c     main.obj (.text:Clock)
                  0000ac84    00000004     --HOLE-- [fill = 0]
                  0000ac88    0000000c     main.obj (.text:FreqClock)
                  0000ac94    00000004     --HOLE-- [fill = 0]
                  0000ac98    0000000c     HAL_EK_TM4C1294XL_Crystalfontz128x128_ST7735.obj (.text:HAL_LCD_writeData)
                  0000aca4    0000000c     rtsv7M4_T_le_v4SPD16_eabi.lib : _lock.c.obj (.text:_register_lock)
                  0000acb0    0000000c                                   : _lock.c.obj (.text:_register_unlock)
                  0000acbc    0000000c                                   : copy_zero_init.c.obj (.text:decompress:ZI:__TI_zero_init)
                  0000acc8    0000000c     sysbios.aem4f : BIOS.obj (.text:ti_sysbios_family_arm_lm4_Timer_getMaxTicks__E)
                  0000acd4    00000004     --HOLE-- [fill = 0]
                  0000acd8    0000000c                   : BIOS.obj (.text:ti_sysbios_family_arm_m3_TaskSupport_checkStack__E)
                  0000ace4    00000004     --HOLE-- [fill = 0]
                  0000ace8    0000000c                   : BIOS.obj (.text:ti_sysbios_gates_GateHwi_enter__E)
                  0000acf4    00000004     --HOLE-- [fill = 0]
                  0000acf8    0000000c     rtos_pem4f.oem4f (.text:ti_sysbios_knl_Queue_Object__get__S)
                  0000ad04    0000000c     driverlib.lib : udma.obj (.text:uDMAControlBaseSet)
                  0000ad10    0000000c     ti.targets.arm.rtsarm.aem4f : Error.oem4f (.text:xdc_runtime_Error_init__E)
                  0000ad1c    0000000c                                 : Gate.oem4f (.text:xdc_runtime_Gate_enterSystem__E)
                  0000ad28    0000000c                                 : Memory.oem4f (.text:xdc_runtime_Memory_calloc__E)
                  0000ad34    0000000c                                 : Memory.oem4f (.text:xdc_runtime_Memory_getMaxDefaultTypeAlign__E)
                  0000ad40    0000000a     driverlib.lib : adc.obj (.text:ADCIntClear)
                  0000ad4a    0000000a                   : ssi.obj (.text:SSIDataPut)
                  0000ad54    0000000a                   : ssi.obj (.text:SSIEnable)
                  0000ad5e    0000000a                   : timer.obj (.text:TimerIntStatus)
                  0000ad68    0000000a                   : timer.obj (.text:TimerValueGet)
                  0000ad72    00000006     --HOLE-- [fill = 0]
                  0000ad78    0000000a     rtos_pem4f.oem4f (.text:xdc_runtime_IHeap_alloc)
                  0000ad82    00000006     --HOLE-- [fill = 0]
                  0000ad88    0000000a     rtos_pem4f.oem4f (.text:xdc_runtime_IHeap_free)
                  0000ad92    00000008     driverlib.lib : adc.obj (.text:ADCIntEnableEx)
                  0000ad9a    00000008                   : comp.obj (.text:ComparatorConfigure)
                  0000ada2    00000008     grlib.lib : charmap.obj (.text:GrMapISO8859_1_Unicode)
                  0000adaa    00000008     driverlib.lib : ssi.obj (.text:SSIBusy)
                  0000adb2    00000008                   : timer.obj (.text:TimerIntEnable)
                  0000adba    00000002     --HOLE-- [fill = 0]
                  0000adbc    00000008     rtsv7M4_T_le_v4SPD16_eabi.lib : errno.c.obj (.text:__aeabi_errno_addr)
                  0000adc4    00000008     sysbios.aem4f : BIOS.obj (.text:ti_sysbios_family_arm_lm4_Timer_masterDisable__I)
                  0000adcc    00000004     --HOLE-- [fill = 0]
                  0000add0    00000008                   : BIOS.obj (.text:ti_sysbios_family_arm_m3_Hwi_doSwiRestore__I)
                  0000add8    00000008                   : BIOS.obj (.text:ti_sysbios_family_arm_m3_Hwi_startup__E)
                  0000ade0    00000006     kiss_fft.obj (.text:kiss_fft)
                  0000ade6    00000002     --HOLE-- [fill = 0]
                  0000ade8    00000006     sysbios.aem4f : BIOS.obj (.text:ti_sysbios_family_arm_lm4_TimestampProvider_Module_startup__E)
                  0000adee    00000002     --HOLE-- [fill = 0]
                  0000adf0    00000006                   : BIOS.obj (.text:ti_sysbios_family_arm_m3_Hwi_doTaskRestore__I)
                  0000adf6    00000002     --HOLE-- [fill = 0]
                  0000adf8    00000006                   : BIOS.obj (.text:ti_sysbios_gates_GateHwi_leave__E)
                  0000adfe    00000002     --HOLE-- [fill = 0]
                  0000ae00    00000006                   : BIOS.obj (.text:ti_sysbios_heaps_HeapMem_isBlocking__E)
                  0000ae06    00000002     --HOLE-- [fill = 0]
                  0000ae08    00000006                   : BIOS.obj (.text:ti_sysbios_knl_Queue_Instance_init__E)
                  0000ae0e    00000002     --HOLE-- [fill = 0]
                  0000ae10    00000006                   : BIOS.obj (.text:ti_sysbios_knl_Swi_startup__E)
                  0000ae16    00000002     --HOLE-- [fill = 0]
                  0000ae18    00000004     rtos_pem4f.oem4f (.text:ti_sysbios_BIOS_RtsGateProxy_enter__E)
                  0000ae1c    00000004     --HOLE-- [fill = 0]
                  0000ae20    00000004     rtos_pem4f.oem4f (.text:ti_sysbios_BIOS_RtsGateProxy_leave__E)
                  0000ae24    00000004     --HOLE-- [fill = 0]
                  0000ae28    00000004     rtos_pem4f.oem4f (.text:ti_sysbios_family_arm_m3_TaskSupport_Module__startupDone__S)
                  0000ae2c    00000004     --HOLE-- [fill = 0]
                  0000ae30    00000004     sysbios.aem4f : BIOS.obj (.text:ti_sysbios_gates_GateHwi_query__E)
                  0000ae34    00000004     --HOLE-- [fill = 0]
                  0000ae38    00000004                   : BIOS.obj (.text:ti_sysbios_gates_GateMutex_query__E)
                  0000ae3c    00000004     --HOLE-- [fill = 0]
                  0000ae40    00000004     rtos_pem4f.oem4f (.text:ti_sysbios_heaps_HeapMem_Module_GateProxy_enter__E)
                  0000ae44    00000004     --HOLE-- [fill = 0]
                  0000ae48    00000004     rtos_pem4f.oem4f (.text:ti_sysbios_heaps_HeapMem_Module_GateProxy_leave__E)
                  0000ae4c    00000004     --HOLE-- [fill = 0]
                  0000ae50    00000004     rtos_pem4f.oem4f (.text:ti_sysbios_knl_Clock_TimerProxy_getMaxTicks__E)
                  0000ae54    00000004     --HOLE-- [fill = 0]
                  0000ae58    00000004     rtos_pem4f.oem4f (.text:ti_sysbios_knl_Queue_destruct)
                  0000ae5c    00000004     --HOLE-- [fill = 0]
                  0000ae60    00000004     rtos_pem4f.oem4f (.text:ti_sysbios_knl_Semaphore_destruct)
                  0000ae64    00000004     --HOLE-- [fill = 0]
                  0000ae68    00000004     sysbios.aem4f : BIOS.obj (.text:ti_sysbios_knl_Task_startup__E)
                  0000ae6c    00000004     --HOLE-- [fill = 0]
                  0000ae70    00000004     rtos_pem4f.oem4f (.text:xdc_runtime_System_Module_GateProxy_enter__E)
                  0000ae74    00000004     --HOLE-- [fill = 0]
                  0000ae78    00000004     rtos_pem4f.oem4f (.text:xdc_runtime_System_Module_GateProxy_leave__E)
                  0000ae7c    00000004     --HOLE-- [fill = 0]
                  0000ae80    00000002     rtos_pem4f.oem4f (.text:ti_sysbios_BIOS_nullFunc__I)
                  0000ae82    00000006     --HOLE-- [fill = 0]
                  0000ae88    00000002     sysbios.aem4f : BIOS.obj (.text:ti_sysbios_gates_GateHwi_Instance_init__E)
                  0000ae8a    00000006     --HOLE-- [fill = 0]
                  0000ae90    00000002                   : BIOS.obj (.text:ti_sysbios_knl_Clock_logTick__E)
                  0000ae92    00000006     --HOLE-- [fill = 0]
                  0000ae98    00000002     rtos_pem4f.oem4f (.text:xdc_runtime_Startup_reset__I)

.const     0    0000aea0    00002788     
                  0000aea0    000019a5     rtos_pem4f.oem4f (.const:xdc_runtime_Text_charTab__A)
                  0000c845    000002f8     grlib.lib : fontfixed6x8.obj (.const:.string:g_pui8FontFixed6x8Data)
                  0000cb3d    00000001     rtos_pem4f.oem4f (.const:xdc_runtime_Error_policy__C)
                  0000cb3e    00000002     rtos_pem4f.oem4f (.const:ti_catalog_arm_cortexm4_tiva_ce_Boot_Module__id__C)
                  0000cb40    00000158     rtsv7M4_T_le_v4SPD16_eabi.lib : k_rem_pio2.c.obj (.const:$O1$$)
                  0000cc98    00000120     Boot.aem4f : Boot_sysctl.oem4f (.const:g_pppui32XTALtoVCO)
                  0000cdb8    00000101     rtsv7M4_T_le_v4SPD16_eabi.lib : ctype.c.obj (.const:.string:_ctypes_)
                  0000ceb9    00000001     --HOLE-- [fill = 0]
                  0000ceba    00000002     rtos_pem4f.oem4f (.const:ti_sysbios_family_arm_lm4_TimestampProvider_Module__id__C)
                  0000cebc    000000c8     grlib.lib : fontfixed6x8.obj (.const:g_sFontFixed6x8)
                  0000cf84    000000c8     rtos_pem4f.oem4f (.const:xdc_runtime_Text_nodeTab__A)
                  0000d04c    00000090     driverlib.lib : gpio.obj (.const:g_pui32GPIOBaseAddrs)
                  0000d0dc    0000006c     Boot.aem4f : Boot_sysctl.oem4f (.const:g_pui32Xtals)
                  0000d148    00000048     rtos_pem4f.oem4f (.const:.string)
                  0000d190    00000044     rtos_pem4f.oem4f (.const)
                  0000d1d4    00000030     Boot.aem4f : Boot_sysctl.oem4f (.const:g_sXTALtoMEMTIM)
                  0000d204    00000028     Crystalfontz128x128_ST7735.obj (.const:g_sCrystalfontz128x128)
                  0000d22c    00000028     rtos_pem4f.oem4f (.const:ti_sysbios_heaps_HeapMem_Module__FXNS__C)
                  0000d254    00000028     rtos_pem4f.oem4f (.const:xdc_runtime_Startup_sfxnTab__A)
                  0000d27c    00000024     rtos_pem4f.oem4f (.const:ti_sysbios_gates_GateHwi_Module__FXNS__C)
                  0000d2a0    00000024     rtos_pem4f.oem4f (.const:ti_sysbios_gates_GateMutex_Module__FXNS__C)
                  0000d2c4    00000024     rtos_pem4f.oem4f (.const:ti_sysbios_heaps_HeapMem_Object__PARAMS__C)
                  0000d2e8    00000024     rtos_pem4f.oem4f (.const:ti_sysbios_knl_Semaphore_Object__PARAMS__C)
                  0000d30c    00000020     rtos_pem4f.oem4f (.const:ti_sysbios_gates_GateHwi_Object__DESC__C)
                  0000d32c    00000020     rtos_pem4f.oem4f (.const:ti_sysbios_gates_GateMutex_Object__DESC__C)
                  0000d34c    00000020     rtos_pem4f.oem4f (.const:ti_sysbios_heaps_HeapMem_Object__DESC__C)
                  0000d36c    00000020     rtos_pem4f.oem4f (.const:ti_sysbios_knl_Queue_Object__DESC__C)
                  0000d38c    00000020     rtos_pem4f.oem4f (.const:ti_sysbios_knl_Semaphore_Object__DESC__C)
                  0000d3ac    00000018     rtos_pem4f.oem4f (.const:ti_sysbios_gates_GateHwi_Object__PARAMS__C)
                  0000d3c4    00000018     rtos_pem4f.oem4f (.const:ti_sysbios_gates_GateMutex_Object__PARAMS__C)
                  0000d3dc    00000018     rtos_pem4f.oem4f (.const:ti_sysbios_knl_Queue_Object__PARAMS__C)
                  0000d3f4    00000018     rtos_pem4f.oem4f (.const:xdc_runtime_Startup_firstFxns__A)
                  0000d40c    00000014     rtos_pem4f.oem4f (.const:xdc_runtime_Startup_sfxnRts__A)
                  0000d420    00000010     main.obj (.const:divArray)
                  0000d430    00000010     grlib.lib : context.obj (.const)
                  0000d440    0000000c     main.obj (.const:.string)
                  0000d44c    00000008     Boot.aem4f : Boot_sysctl.oem4f (.const)
                  0000d454    00000008     rtos_pem4f.oem4f (.const:ti_sysbios_family_arm_m3_Hwi_excHookFuncs__A)
                  0000d45c    00000008     rtos_pem4f.oem4f (.const:ti_sysbios_knl_Idle_funcList__C)
                  0000d464    00000008     rtos_pem4f.oem4f (.const:xdc_runtime_Startup_firstFxns__C)
                  0000d46c    00000008     rtos_pem4f.oem4f (.const:xdc_runtime_Startup_lastFxns__C)
                  0000d474    00000004     rtos_pem4f.oem4f (.const:ti_catalog_arm_cortexm4_tiva_ce_Boot_A_mustNotUseEnhancedClockMode__C)
                  0000d478    00000004     rtos_pem4f.oem4f (.const:ti_catalog_arm_cortexm4_tiva_ce_Boot_Module__diagsEnabled__C)
                  0000d47c    00000004     rtos_pem4f.oem4f (.const:ti_catalog_arm_cortexm4_tiva_ce_Boot_Module__diagsIncluded__C)
                  0000d480    00000004     rtos_pem4f.oem4f (.const:ti_catalog_arm_cortexm4_tiva_ce_Boot_Module__diagsMask__C)
                  0000d484    00000004     rtos_pem4f.oem4f (.const:ti_sysbios_family_arm_lm4_Timer_enableFunc__C)
                  0000d488    00000004     rtos_pem4f.oem4f (.const:ti_sysbios_family_arm_lm4_Timer_numTimerDevices__C)
                  0000d48c    00000004     rtos_pem4f.oem4f (.const:ti_sysbios_family_arm_lm4_Timer_startupNeeded__C)
                  0000d490    00000004     rtos_pem4f.oem4f (.const:ti_sysbios_family_arm_lm4_TimestampProvider_Module__diagsEnabled__C)
                  0000d494    00000004     rtos_pem4f.oem4f (.const:ti_sysbios_family_arm_lm4_TimestampProvider_Module__diagsIncluded__C)
                  0000d498    00000004     rtos_pem4f.oem4f (.const:ti_sysbios_family_arm_lm4_TimestampProvider_Module__diagsMask__C)
                  0000d49c    00000004     rtos_pem4f.oem4f (.const:ti_sysbios_family_arm_m3_Hwi_E_NMI__C)
                  0000d4a0    00000004     rtos_pem4f.oem4f (.const:ti_sysbios_family_arm_m3_Hwi_E_busFault__C)
                  0000d4a4    00000004     rtos_pem4f.oem4f (.const:ti_sysbios_family_arm_m3_Hwi_E_debugMon__C)
                  0000d4a8    00000004     rtos_pem4f.oem4f (.const:ti_sysbios_family_arm_m3_Hwi_E_hardFault__C)
                  0000d4ac    00000004     rtos_pem4f.oem4f (.const:ti_sysbios_family_arm_m3_Hwi_E_memFault__C)
                  0000d4b0    00000004     rtos_pem4f.oem4f (.const:ti_sysbios_family_arm_m3_Hwi_E_noIsr__C)
                  0000d4b4    00000004     rtos_pem4f.oem4f (.const:ti_sysbios_family_arm_m3_Hwi_E_reserved__C)
                  0000d4b8    00000004     rtos_pem4f.oem4f (.const:ti_sysbios_family_arm_m3_Hwi_E_svCall__C)
                  0000d4bc    00000004     rtos_pem4f.oem4f (.const:ti_sysbios_family_arm_m3_Hwi_E_usageFault__C)
                  0000d4c0    00000004     rtos_pem4f.oem4f (.const:ti_sysbios_family_arm_m3_Hwi_NUM_INTERRUPTS__C)
                  0000d4c4    00000004     rtos_pem4f.oem4f (.const:ti_sysbios_family_arm_m3_Hwi_Object__count__C)
                  0000d4c8    00000004     rtos_pem4f.oem4f (.const:ti_sysbios_family_arm_m3_Hwi_ccr__C)
                  0000d4cc    00000004     rtos_pem4f.oem4f (.const:ti_sysbios_family_arm_m3_Hwi_excHandlerFunc__C)
                  0000d4d0    00000004     rtos_pem4f.oem4f (.const:ti_sysbios_family_arm_m3_Hwi_excHookFuncs__C)
                  0000d4d4    00000004     rtos_pem4f.oem4f (.const:ti_sysbios_family_arm_m3_Hwi_nullIsrFunc__C)
                  0000d4d8    00000004     rtos_pem4f.oem4f (.const:ti_sysbios_family_arm_m3_Hwi_priGroup__C)
                  0000d4dc    00000004     rtos_pem4f.oem4f (.const:ti_sysbios_gates_GateMutex_A_badContext__C)
                  0000d4e0    00000004     rtos_pem4f.oem4f (.const:ti_sysbios_gates_GateMutex_Instance_State_sem__O)
                  0000d4e4    00000004     rtos_pem4f.oem4f (.const:ti_sysbios_gates_GateMutex_Module__diagsEnabled__C)
                  0000d4e8    00000004     rtos_pem4f.oem4f (.const:ti_sysbios_gates_GateMutex_Module__diagsIncluded__C)
                  0000d4ec    00000004     rtos_pem4f.oem4f (.const:ti_sysbios_gates_GateMutex_Module__diagsMask__C)
                  0000d4f0    00000004     rtos_pem4f.oem4f (.const:ti_sysbios_hal_Hwi_E_stackOverflow__C)
                  0000d4f4    00000004     rtos_pem4f.oem4f (.const:ti_sysbios_heaps_HeapMem_A_align__C)
                  0000d4f8    00000004     rtos_pem4f.oem4f (.const:ti_sysbios_heaps_HeapMem_A_heapSize__C)
                  0000d4fc    00000004     rtos_pem4f.oem4f (.const:ti_sysbios_heaps_HeapMem_A_invalidFree__C)
                  0000d500    00000004     rtos_pem4f.oem4f (.const:ti_sysbios_heaps_HeapMem_A_zeroBlock__C)
                  0000d504    00000004     rtos_pem4f.oem4f (.const:ti_sysbios_heaps_HeapMem_E_memory__C)
                  0000d508    00000004     rtos_pem4f.oem4f (.const:ti_sysbios_heaps_HeapMem_Module__diagsEnabled__C)
                  0000d50c    00000004     rtos_pem4f.oem4f (.const:ti_sysbios_heaps_HeapMem_Module__diagsIncluded__C)
                  0000d510    00000004     rtos_pem4f.oem4f (.const:ti_sysbios_heaps_HeapMem_Module__diagsMask__C)
                  0000d514    00000004     rtos_pem4f.oem4f (.const:ti_sysbios_heaps_HeapMem_Module__gateObj__C)
                  0000d518    00000004     rtos_pem4f.oem4f (.const:ti_sysbios_heaps_HeapMem_Object__count__C)
                  0000d51c    00000004     rtos_pem4f.oem4f (.const:ti_sysbios_heaps_HeapMem_reqAlign__C)
                  0000d520    00000004     rtos_pem4f.oem4f (.const:ti_sysbios_knl_Clock_Module_State_clockQ__O)
                  0000d524    00000004     rtos_pem4f.oem4f (.const:ti_sysbios_knl_Idle_funcList__A)
                  0000d528    00000004     rtos_pem4f.oem4f (.const:ti_sysbios_knl_Mailbox_Instance_State_dataQue__O)
                  0000d52c    00000004     rtos_pem4f.oem4f (.const:ti_sysbios_knl_Mailbox_Instance_State_dataSem__O)
                  0000d530    00000004     rtos_pem4f.oem4f (.const:ti_sysbios_knl_Mailbox_Instance_State_freeQue__O)
                  0000d534    00000004     rtos_pem4f.oem4f (.const:ti_sysbios_knl_Mailbox_Instance_State_freeSem__O)
                  0000d538    00000004     rtos_pem4f.oem4f (.const:ti_sysbios_knl_Mailbox_Object__count__C)
                  0000d53c    00000004     rtos_pem4f.oem4f (.const:ti_sysbios_knl_Mailbox_maxTypeAlign__C)
                  0000d540    00000004     rtos_pem4f.oem4f (.const:ti_sysbios_knl_Semaphore_A_badContext__C)
                  0000d544    00000004     rtos_pem4f.oem4f (.const:ti_sysbios_knl_Semaphore_A_noEvents__C)
                  0000d548    00000004     rtos_pem4f.oem4f (.const:ti_sysbios_knl_Semaphore_A_overflow__C)
                  0000d54c    00000004     rtos_pem4f.oem4f (.const:ti_sysbios_knl_Semaphore_A_pendTaskDisabled__C)
                  0000d550    00000004     rtos_pem4f.oem4f (.const:ti_sysbios_knl_Semaphore_Instance_State_pendQ__O)
                  0000d554    00000004     rtos_pem4f.oem4f (.const:ti_sysbios_knl_Semaphore_Module__diagsEnabled__C)
                  0000d558    00000004     rtos_pem4f.oem4f (.const:ti_sysbios_knl_Semaphore_Module__diagsIncluded__C)
                  0000d55c    00000004     rtos_pem4f.oem4f (.const:ti_sysbios_knl_Semaphore_Module__diagsMask__C)
                  0000d560    00000004     rtos_pem4f.oem4f (.const:ti_sysbios_knl_Swi_Object__count__C)
                  0000d564    00000004     rtos_pem4f.oem4f (.const:ti_sysbios_knl_Task_E_spOutOfBounds__C)
                  0000d568    00000004     rtos_pem4f.oem4f (.const:ti_sysbios_knl_Task_E_stackOverflow__C)
                  0000d56c    00000004     rtos_pem4f.oem4f (.const:ti_sysbios_knl_Task_Module_State_inactiveQ__O)
                  0000d570    00000004     rtos_pem4f.oem4f (.const:ti_sysbios_knl_Task_Object__count__C)
                  0000d574    00000004     rtos_pem4f.oem4f (.const:ti_sysbios_knl_Task_allBlockedFunc__C)
                  0000d578    00000004     rtos_pem4f.oem4f (.const:ti_sysbios_knl_Task_numConstructedTasks__C)
                  0000d57c    00000004     rtos_pem4f.oem4f (.const:xdc_runtime_Assert_E_assertFailed__C)
                  0000d580    00000004     rtos_pem4f.oem4f (.const:xdc_runtime_Core_A_initializedParams__C)
                  0000d584    00000004     rtos_pem4f.oem4f (.const:xdc_runtime_Core_Module__diagsEnabled__C)
                  0000d588    00000004     rtos_pem4f.oem4f (.const:xdc_runtime_Core_Module__diagsIncluded__C)
                  0000d58c    00000004     rtos_pem4f.oem4f (.const:xdc_runtime_Core_Module__diagsMask__C)
                  0000d590    00000004     rtos_pem4f.oem4f (.const:xdc_runtime_Error_E_memory__C)
                  0000d594    00000004     rtos_pem4f.oem4f (.const:xdc_runtime_Error_Module__diagsEnabled__C)
                  0000d598    00000004     rtos_pem4f.oem4f (.const:xdc_runtime_Error_Module__diagsIncluded__C)
                  0000d59c    00000004     rtos_pem4f.oem4f (.const:xdc_runtime_Error_Module__diagsMask__C)
                  0000d5a0    00000004     rtos_pem4f.oem4f (.const:xdc_runtime_Error_Module__loggerFxn8__C)
                  0000d5a4    00000004     rtos_pem4f.oem4f (.const:xdc_runtime_Error_Module__loggerObj__C)
                  0000d5a8    00000004     rtos_pem4f.oem4f (.const:xdc_runtime_Error_policyFxn__C)
                  0000d5ac    00000004     rtos_pem4f.oem4f (.const:xdc_runtime_Error_raiseHook__C)
                  0000d5b0    00000004     rtos_pem4f.oem4f (.const:xdc_runtime_IGateProvider_Interface__BASE__C)
                  0000d5b4    00000004     rtos_pem4f.oem4f (.const:xdc_runtime_IHeap_Interface__BASE__C)
                  0000d5b8    00000004     rtos_pem4f.oem4f (.const:xdc_runtime_IModule_Interface__BASE__C)
                  0000d5bc    00000004     rtos_pem4f.oem4f (.const:xdc_runtime_Log_L_error__C)
                  0000d5c0    00000004     rtos_pem4f.oem4f (.const:xdc_runtime_Memory_defaultHeapInstance__C)
                  0000d5c4    00000004     rtos_pem4f.oem4f (.const:xdc_runtime_Startup_execImpl__C)
                  0000d5c8    00000004     rtos_pem4f.oem4f (.const:xdc_runtime_Startup_maxPasses__C)
                  0000d5cc    00000004     rtos_pem4f.oem4f (.const:xdc_runtime_Startup_sfxnRts__C)
                  0000d5d0    00000004     rtos_pem4f.oem4f (.const:xdc_runtime_Startup_sfxnTab__C)
                  0000d5d4    00000004     rtos_pem4f.oem4f (.const:xdc_runtime_SysMin_bufSize__C)
                  0000d5d8    00000004     rtos_pem4f.oem4f (.const:xdc_runtime_SysMin_outputFunc__C)
                  0000d5dc    00000004     rtos_pem4f.oem4f (.const:xdc_runtime_System_Module__gateObj__C)
                  0000d5e0    00000004     rtos_pem4f.oem4f (.const:xdc_runtime_System_abortFxn__C)
                  0000d5e4    00000004     rtos_pem4f.oem4f (.const:xdc_runtime_System_exitFxn__C)
                  0000d5e8    00000004     rtos_pem4f.oem4f (.const:xdc_runtime_System_extendFxn__C)
                  0000d5ec    00000004     rtos_pem4f.oem4f (.const:xdc_runtime_System_maxAtexitHandlers__C)
                  0000d5f0    00000004     rtos_pem4f.oem4f (.const:xdc_runtime_Text_charTab__C)
                  0000d5f4    00000004     rtos_pem4f.oem4f (.const:xdc_runtime_Text_nameEmpty__C)
                  0000d5f8    00000004     rtos_pem4f.oem4f (.const:xdc_runtime_Text_nameStatic__C)
                  0000d5fc    00000004     rtos_pem4f.oem4f (.const:xdc_runtime_Text_nameUnknown__C)
                  0000d600    00000004     rtos_pem4f.oem4f (.const:xdc_runtime_Text_nodeTab__C)
                  0000d604    00000004     rtos_pem4f.oem4f (.const:xdc_runtime_Text_visitRopeFxn__C)
                  0000d608    00000002     rtos_pem4f.oem4f (.const:ti_sysbios_family_arm_lm4_TimestampProvider_useClockTimer__C)
                  0000d60a    00000002     rtos_pem4f.oem4f (.const:ti_sysbios_family_arm_m3_Hwi_Module__id__C)
                  0000d60c    00000002     rtos_pem4f.oem4f (.const:ti_sysbios_gates_GateMutex_Module__id__C)
                  0000d60e    00000002     rtos_pem4f.oem4f (.const:ti_sysbios_hal_Hwi_Module__id__C)
                  0000d610    00000002     rtos_pem4f.oem4f (.const:ti_sysbios_heaps_HeapMem_Module__id__C)
                  0000d612    00000002     rtos_pem4f.oem4f (.const:ti_sysbios_knl_Semaphore_Module__id__C)
                  0000d614    00000002     rtos_pem4f.oem4f (.const:ti_sysbios_knl_Task_Module__id__C)
                  0000d616    00000002     rtos_pem4f.oem4f (.const:xdc_runtime_Core_Module__id__C)
                  0000d618    00000002     rtos_pem4f.oem4f (.const:xdc_runtime_Error_Module__loggerDefined__C)
                  0000d61a    00000002     rtos_pem4f.oem4f (.const:xdc_runtime_Error_maxDepth__C)
                  0000d61c    00000002     rtos_pem4f.oem4f (.const:xdc_runtime_Memory_Module__id__C)
                  0000d61e    00000002     rtos_pem4f.oem4f (.const:xdc_runtime_SysMin_flushAtExit__C)
                  0000d620    00000002     rtos_pem4f.oem4f (.const:xdc_runtime_Text_charCnt__C)
                  0000d622    00000002     rtos_pem4f.oem4f (.const:xdc_runtime_Text_isLoaded__C)
                  0000d624    00000002     rtos_pem4f.oem4f (.const:xdc_runtime_Text_registryModsLastId__C)
                  0000d626    00000002     rtos_pem4f.oem4f (.const:xdc_runtime_Text_unnamedModsLastId__C)

.cinit     0    0000d628    00000308     
                  0000d628    000002d3     (.cinit..data.load) [load image, compression = lzss]
                  0000d8fb    00000001     --HOLE-- [fill = 0]
                  0000d8fc    0000000c     (__TI_handler_table)
                  0000d908    00000008     (.cinit..bss.load) [load image, compression = zero_init]
                  0000d910    00000008     (.cinit..vecs.load) [load image, compression = zero_init]
                  0000d918    00000018     (__TI_cinit_table)

.init_array 
*          0    00000000    00000000     UNINITIALIZED

.resetVecs 
*          0    00000000    0000003c     
                  00000000    0000003c     rtos_pem4f.oem4f (.resetVecs)

.bss       0    20000400    0000b9ae     UNINITIALIZED
                  20000400    00003000     rtos_pem4f.oem4f (.bss:taskStackSection)
                  20003400    00002108     main.obj (.bss:kiss_fft_cfg_buffer$2)
                  20005508    00002000     main.obj (.bss:in$3)
                  20007508    00002000     main.obj (.bss:out$4)
                  20009508    00001000     (.common:gADCBuffer)
                  2000a508    00000800     (.common:fft_local)
                  2000ad08    00000140     (.common:ti_sysbios_knl_Mailbox_Instance_State_0_allocBuf__A)
                  2000ae48    00000120     rtsv7M4_T_le_v4SPD16_eabi.lib : trgmsg.c.obj (.bss:_CIOBUF_)
                  2000af68    00000080     (.common:xdc_runtime_SysMin_Module_State_0_outbuf__A)
                  2000afe8    00000014     buttons.obj (.bss:state$1)
                  2000affc    00000004     (.common:gADCSamplingRate)
                  2000b000    00000400     (.common:gDMAControlTable)
                  2000b400    00000400     (.common:ti_sysbios_heaps_HeapMem_Instance_State_0_buf__A)
                  2000b800    00000360     (.common:ti_sysbios_family_arm_m3_Hwi_dispatchTable)
                  2000bb60    00000100     (.common:ADC_local)
                  2000bc60    00000100     (.common:scaledWave)
                  2000bd60    0000002c     (.common:sContext)
                  2000bd8c    00000008     (.common:parmbuf)
                  2000bd94    00000004     (.common:g_psGrLibDefaults)
                  2000bd98    00000004     (.common:last_count)
                  2000bd9c    00000004     (.common:period)
                  2000bda0    00000004     (.common:periodcount)
                  2000bda4    00000002     (.common:Lcd_ScreenHeigth)
                  2000bda6    00000002     (.common:Lcd_ScreenWidth)
                  2000bda8    00000002     (.common:Lcd_TouchTrim)
                  2000bdaa    00000001     (.common:Lcd_FlagRead)
                  2000bdab    00000001     (.common:Lcd_FontSolid)
                  2000bdac    00000001     (.common:Lcd_Orientation)
                  2000bdad    00000001     (.common:Lcd_PenSolid)

.data      0    2000bdb0    00008741     UNINITIALIZED
                  2000bdb0    00008000     Crystalfontz128x128_ST7735.obj (.data:Lcd_buffer)
                  20013db0    00000214     rtos_pem4f.oem4f (.data:ti_sysbios_knl_Task_Object__table__V)
                  20013fc4    00000080     rtos_pem4f.oem4f (.data:ti_sysbios_knl_Swi_Module_State_0_readyQ__A)
                  20014044    00000080     rtos_pem4f.oem4f (.data:ti_sysbios_knl_Task_Module_State_0_readyQ__A)
                  200140c4    00000064     rtos_pem4f.oem4f (.data:ti_sysbios_knl_Semaphore_Object__table__V)
                  20014128    00000050     rtos_pem4f.oem4f (.data:ti_sysbios_knl_Mailbox_Object__table__V)
                  20014178    00000048     rtos_pem4f.oem4f (.data:ti_sysbios_family_arm_m3_Hwi_Object__table__V)
                  200141c0    00000044     rtos_pem4f.oem4f (.data:ti_sysbios_knl_Task_Module__state__V)
                  20014204    00000040     rtos_pem4f.oem4f (.data:ti_sysbios_family_arm_lm4_Timer_Module_State_0_device__A)
                  20014244    00000040     rtos_pem4f.oem4f (.data:ti_sysbios_family_arm_lm4_Timer_Object__table__V)
                  20014284    00000040     rtos_pem4f.oem4f (.data:ti_sysbios_knl_Clock_Object__table__V)
                  200142c4    00000038     rtos_pem4f.oem4f (.data:ti_sysbios_gates_GateMutex_Object__table__V)
                  200142fc    00000034     rtos_pem4f.oem4f (.data:ti_sysbios_family_arm_m3_Hwi_Module__state__V)
                  20014330    00000030     rtos_pem4f.oem4f (.data:ti_sysbios_knl_Swi_Object__table__V)
                  20014360    0000002c     rtos_pem4f.oem4f (.data:ti_sysbios_knl_Clock_Module__state__V)
                  2001438c    00000024     buttons.obj (.data:count$2)
                  200143b0    00000024     rtos_pem4f.oem4f (.data:ti_sysbios_BIOS_Module__state__V)
                  200143d4    00000020     main.obj (.data)
                  200143f4    00000020     rtos_pem4f.oem4f (.data:ti_sysbios_family_arm_lm4_Timer_Module_State_0_handles__A)
                  20014414    0000001c     rtos_pem4f.oem4f (.data:ti_sysbios_knl_Swi_Module__state__V)
                  20014430    00000018     rtos_pem4f.oem4f (.data:ti_sysbios_heaps_HeapMem_Object__table__V)
                  20014448    0000000c     rtos_pem4f.oem4f (.data:ti_sysbios_family_arm_lm4_Timer_Module__state__V)
                  20014454    0000000c     rtos_pem4f.oem4f (.data:xdc_runtime_SysMin_Module__state__V)
                  20014460    00000008     rtsv7M4_T_le_v4SPD16_eabi.lib : _lock.c.obj (.data:$O1$$)
                  20014468    00000008     buttons.obj (.data:gJoystick)
                  20014470    00000008     main.obj (.data:slope)
                  20014478    00000008     rtos_pem4f.oem4f (.data:ti_sysbios_family_arm_lm4_TimestampProvider_Module__state__V)
                  20014480    00000008     rtos_pem4f.oem4f (.data:ti_sysbios_gates_GateHwi_Module__root__V)
                  20014488    00000008     rtos_pem4f.oem4f (.data:ti_sysbios_gates_GateHwi_Object__table__V)
                  20014490    00000008     rtos_pem4f.oem4f (.data:ti_sysbios_gates_GateMutex_Module__root__V)
                  20014498    00000008     rtos_pem4f.oem4f (.data:ti_sysbios_heaps_HeapMem_Module__root__V)
                  200144a0    00000008     rtos_pem4f.oem4f (.data:ti_sysbios_knl_Queue_Module__root__V)
                  200144a8    00000008     rtos_pem4f.oem4f (.data:ti_sysbios_knl_Semaphore_Module__root__V)
                  200144b0    00000008     rtos_pem4f.oem4f (.data:xdc_runtime_Registry_Module__state__V)
                  200144b8    00000008     rtos_pem4f.oem4f (.data:xdc_runtime_Startup_Module__state__V)
                  200144c0    00000008     rtos_pem4f.oem4f (.data:xdc_runtime_System_Module_State_0_atexitHandlers__A)
                  200144c8    00000008     rtos_pem4f.oem4f (.data:xdc_runtime_System_Module__state__V)
                  200144d0    00000004     buttons.obj (.data)
                  200144d4    00000004     rtsv7M4_T_le_v4SPD16_eabi.lib : errno.c.obj (.data)
                  200144d8    00000004                                   : stkdepth_vars.c.obj (.data)
                  200144dc    00000004     rtos_pem4f.oem4f (.data:ti_sysbios_family_arm_m3_Hwi_Module_State_0_excContext__A)
                  200144e0    00000004     rtos_pem4f.oem4f (.data:ti_sysbios_family_arm_m3_Hwi_Module_State_0_excStack__A)
                  200144e4    00000004     rtos_pem4f.oem4f (.data:ti_sysbios_knl_Task_Module_State_0_idleTask__A)
                  200144e8    00000004     rtos_pem4f.oem4f (.data:xdc_runtime_Memory_Module__state__V)
                  200144ec    00000002     rtos_pem4f.oem4f (.data:ti_sysbios_family_arm_m3_Hwi_Module_State_0_excActive__A)
                  200144ee    00000002     rtos_pem4f.oem4f (.data:xdc_runtime_Error_Module__state__V)
                  200144f0    00000001     sampling.obj (.data)

.stack     0    200144f8    00000300     UNINITIALIZED
                  200144f8    00000300     --HOLE--

.bootVecs 
*          0    00000000    00000008     DSECT
                  00000000    00000008     boot.aem4f : boot.oem4f (.bootVecs)

.vecs      0    20000000    00000360     UNINITIALIZED
                  20000000    00000360     rtos_pem4f.oem4f (.vecs)

xdc.meta   0    00000000    0000011b     COPY SECTION
                  00000000    0000011b     rtos_pem4f.oem4f (xdc.meta)

MODULE SUMMARY

       Module                                             code    ro data   rw data
       ------                                             ----    -------   -------
    .\
       Crystalfontz128x128_ST7735.obj                     958     40        32778  
       main.obj                                           1744    28        27484  
       sampling.obj                                       888     0         5133   
       kiss_fft.obj                                       2602    0         0      
       buttons.obj                                        900     0         72     
       HAL_EK_TM4C1294XL_Crystalfontz128x128_ST7735.obj   324     0         0      
       sysctl_pll.obj                                     72      0         0      
    +--+--------------------------------------------------+-------+---------+---------+
       Total:                                             7488    68        65467  
                                                                                   
    C:\Users\Jeffrey Huang\Documents\WPI\2019-2020\B term\ECE3849\labs\ece3849_lab2_jyhuang_rskirschner\Debug\configPkg\package\cfg\
       rtos_pem4f.oem4f                                   1546    7938      17240  
    +--+--------------------------------------------------+-------+---------+---------+
       Total:                                             1546    7938      17240  
                                                                                   
    C:/ti/tirtos_tivac_2_16_00_08/products/TivaWare_C_Series-2.1.1.71b/driverlib/ccs/Debug/driverlib.lib
       gpio.obj                                           562     144       0      
       udma.obj                                           436     0         0      
       adc.obj                                            374     0         0      
       timer.obj                                          220     0         0      
[...]
0000d1b8  Processing                                                           
0000d1bc  WaveformSem                                                          
0000d1c0  gateHwi0                                                             
0000d1c4  Freq                                                                 
0000d1c8  Frequency                                                            
0000d1cc  FrequencySem                                                         
0000d1d0  clock1                                                               
0000d204  g_sCrystalfontz128x128                                               
0000d22c  ti_sysbios_heaps_HeapMem_Module__FXNS__C                             
0000d254  xdc_runtime_Startup_sfxnTab__A                                       
0000d27c  ti_sysbios_gates_GateHwi_Module__FXNS__C                             
0000d2a0  ti_sysbios_gates_GateMutex_Module__FXNS__C                           
0000d2c4  ti_sysbios_heaps_HeapMem_Object__PARAMS__C                           
0000d2e8  ti_sysbios_knl_Semaphore_Object__PARAMS__C                           
0000d30c  ti_sysbios_gates_GateHwi_Object__DESC__C                             
0000d32c  ti_sysbios_gates_GateMutex_Object__DESC__C                           
0000d34c  ti_sysbios_heaps_HeapMem_Object__DESC__C                             
0000d36c  ti_sysbios_knl_Queue_Object__DESC__C                                 
0000d38c  ti_sysbios_knl_Semaphore_Object__DESC__C                             
0000d3ac  ti_sysbios_gates_GateHwi_Object__PARAMS__C                           
0000d3c4  ti_sysbios_gates_GateMutex_Object__PARAMS__C                         
0000d3dc  ti_sysbios_knl_Queue_Object__PARAMS__C                               
0000d3f4  xdc_runtime_Startup_firstFxns__A                                     
0000d40c  xdc_runtime_Startup_sfxnRts__A                                       
0000d420  divArray                                                             
0000d430  g_psDefaultCodePointMapTable                                         
0000d454  ti_sysbios_family_arm_m3_Hwi_excHookFuncs__A                         
0000d45c  ti_sysbios_knl_Idle_funcList__C                                      
0000d464  xdc_runtime_Startup_firstFxns__C                                     
0000d46c  xdc_runtime_Startup_lastFxns__C                                      
0000d474  ti_catalog_arm_cortexm4_tiva_ce_Boot_A_mustNotUseEnhancedClockMode__C
0000d478  ti_catalog_arm_cortexm4_tiva_ce_Boot_Module__diagsEnabled__C         
0000d47c  ti_catalog_arm_cortexm4_tiva_ce_Boot_Module__diagsIncluded__C        
0000d480  ti_catalog_arm_cortexm4_tiva_ce_Boot_Module__diagsMask__C            
0000d484  ti_sysbios_family_arm_lm4_Timer_enableFunc__C                        
0000d488  ti_sysbios_family_arm_lm4_Timer_numTimerDevices__C                   
0000d48c  ti_sysbios_family_arm_lm4_Timer_startupNeeded__C                     
0000d490  ti_sysbios_family_arm_lm4_TimestampProvider_Module__diagsEnabled__C  
0000d494  ti_sysbios_family_arm_lm4_TimestampProvider_Module__diagsIncluded__C 
0000d498  ti_sysbios_family_arm_lm4_TimestampProvider_Module__diagsMask__C     
0000d49c  ti_sysbios_family_arm_m3_Hwi_E_NMI__C                                
0000d4a0  ti_sysbios_family_arm_m3_Hwi_E_busFault__C                           
0000d4a4  ti_sysbios_family_arm_m3_Hwi_E_debugMon__C                           
0000d4a8  ti_sysbios_family_arm_m3_Hwi_E_hardFault__C                          
0000d4ac  ti_sysbios_family_arm_m3_Hwi_E_memFault__C                           
0000d4b0  ti_sysbios_family_arm_m3_Hwi_E_noIsr__C                              
0000d4b4  ti_sysbios_family_arm_m3_Hwi_E_reserved__C                           
0000d4b8  ti_sysbios_family_arm_m3_Hwi_E_svCall__C                             
0000d4bc  ti_sysbios_family_arm_m3_Hwi_E_usageFault__C                         
0000d4c0  ti_sysbios_family_arm_m3_Hwi_NUM_INTERRUPTS__C                       
0000d4c4  ti_sysbios_family_arm_m3_Hwi_Object__count__C                        
0000d4c8  ti_sysbios_family_arm_m3_Hwi_ccr__C                                  
0000d4cc  ti_sysbios_family_arm_m3_Hwi_excHandlerFunc__C                       
0000d4d0  ti_sysbios_family_arm_m3_Hwi_excHookFuncs__C                         
0000d4d4  ti_sysbios_family_arm_m3_Hwi_nullIsrFunc__C                          
0000d4d8  ti_sysbios_family_arm_m3_Hwi_priGroup__C                             
0000d4dc  ti_sysbios_gates_GateMutex_A_badContext__C                           
0000d4e0  ti_sysbios_gates_GateMutex_Instance_State_sem__O                     
0000d4e4  ti_sysbios_gates_GateMutex_Module__diagsEnabled__C                   
0000d4e8  ti_sysbios_gates_GateMutex_Module__diagsIncluded__C                  
0000d4ec  ti_sysbios_gates_GateMutex_Module__diagsMask__C                      
0000d4f0  ti_sysbios_hal_Hwi_E_stackOverflow__C                                
0000d4f4  ti_sysbios_heaps_HeapMem_A_align__C                                  
0000d4f8  ti_sysbios_heaps_HeapMem_A_heapSize__C                               
0000d4fc  ti_sysbios_heaps_HeapMem_A_invalidFree__C                            
0000d500  ti_sysbios_heaps_HeapMem_A_zeroBlock__C                              
0000d504  ti_sysbios_heaps_HeapMem_E_memory__C                                 
0000d508  ti_sysbios_heaps_HeapMem_Module__diagsEnabled__C                     
0000d50c  ti_sysbios_heaps_HeapMem_Module__diagsIncluded__C                    
0000d510  ti_sysbios_heaps_HeapMem_Module__diagsMask__C                        
0000d514  ti_sysbios_heaps_HeapMem_Module__gateObj__C                          
0000d518  ti_sysbios_heaps_HeapMem_Object__count__C                            
0000d51c  ti_sysbios_heaps_HeapMem_reqAlign__C                                 
0000d520  ti_sysbios_knl_Clock_Module_State_clockQ__O                          
0000d524  ti_sysbios_knl_Idle_funcList__A                                      
0000d528  ti_sysbios_knl_Mailbox_Instance_State_dataQue__O                     
0000d52c  ti_sysbios_knl_Mailbox_Instance_State_dataSem__O                     
0000d530  ti_sysbios_knl_Mailbox_Instance_State_freeQue__O                     
0000d534  ti_sysbios_knl_Mailbox_Instance_State_freeSem__O                     
0000d538  ti_sysbios_knl_Mailbox_Object__count__C                              
0000d53c  ti_sysbios_knl_Mailbox_maxTypeAlign__C                               
0000d540  ti_sysbios_knl_Semaphore_A_badContext__C                             
0000d544  ti_sysbios_knl_Semaphore_A_noEvents__C                               
0000d548  ti_sysbios_knl_Semaphore_A_overflow__C                               
0000d54c  ti_sysbios_knl_Semaphore_A_pendTaskDisabled__C                       
0000d550  ti_sysbios_knl_Semaphore_Instance_State_pendQ__O                     
0000d554  ti_sysbios_knl_Semaphore_Module__diagsEnabled__C                     
0000d558  ti_sysbios_knl_Semaphore_Module__diagsIncluded__C                    
0000d55c  ti_sysbios_knl_Semaphore_Module__diagsMask__C                        
0000d560  ti_sysbios_knl_Swi_Object__count__C                                  
0000d564  ti_sysbios_knl_Task_E_spOutOfBounds__C                               
0000d568  ti_sysbios_knl_Task_E_stackOverflow__C                               
0000d56c  ti_sysbios_knl_Task_Module_State_inactiveQ__O                        
0000d570  ti_sysbios_knl_Task_Object__count__C                                 
0000d574  ti_sysbios_knl_Task_allBlockedFunc__C                                
0000d578  ti_sysbios_knl_Task_numConstructedTasks__C                           
0000d57c  xdc_runtime_Assert_E_assertFailed__C                                 
0000d580  xdc_runtime_Core_A_initializedParams__C                              
0000d584  xdc_runtime_Core_Module__diagsEnabled__C                             
0000d588  xdc_runtime_Core_Module__diagsIncluded__C                            
0000d58c  xdc_runtime_Core_Module__diagsMask__C                                
0000d590  xdc_runtime_Error_E_memory__C                                        
0000d594  xdc_runtime_Error_Module__diagsEnabled__C                            
0000d598  xdc_runtime_Error_Module__diagsIncluded__C                           
0000d59c  xdc_runtime_Error_Module__diagsMask__C                               
0000d5a0  xdc_runtime_Error_Module__loggerFxn8__C                              
0000d5a4  xdc_runtime_Error_Module__loggerObj__C                               
0000d5a8  xdc_runtime_Error_policyFxn__C                                       
0000d5ac  xdc_runtime_Error_raiseHook__C                                       
0000d5b0  xdc_runtime_IGateProvider_Interface__BASE__C                         
0000d5b4  xdc_runtime_IHeap_Interface__BASE__C                                 
0000d5b8  xdc_runtime_IModule_Interface__BASE__C                               
0000d5bc  xdc_runtime_Log_L_error__C                                           
0000d5c0  xdc_runtime_Memory_defaultHeapInstance__C                            
0000d5c4  xdc_runtime_Startup_execImpl__C                                      
0000d5c8  xdc_runtime_Startup_maxPasses__C                                     
0000d5cc  xdc_runtime_Startup_sfxnRts__C                                       
0000d5d0  xdc_runtime_Startup_sfxnTab__C                                       
0000d5d4  xdc_runtime_SysMin_bufSize__C                                        
0000d5d8  xdc_runtime_SysMin_outputFunc__C                                     
0000d5dc  xdc_runtime_System_Module__gateObj__C                                
0000d5e0  xdc_runtime_System_abortFxn__C                                       
0000d5e4  xdc_runtime_System_exitFxn__C                                        
0000d5e8  xdc_runtime_System_extendFxn__C                                      
0000d5ec  xdc_runtime_System_maxAtexitHandlers__C                              
0000d5f0  xdc_runtime_Text_charTab__C                                          
0000d5f4  xdc_runtime_Text_nameEmpty__C                                        
0000d5f8  xdc_runtime_Text_nameStatic__C                                       
0000d5fc  xdc_runtime_Text_nameUnknown__C                                      
0000d600  xdc_runtime_Text_nodeTab__C                                          
0000d604  xdc_runtime_Text_visitRopeFxn__C                                     
0000d608  ti_sysbios_family_arm_lm4_TimestampProvider_useClockTimer__C         
0000d60a  ti_sysbios_family_arm_m3_Hwi_Module__id__C                           
0000d60c  ti_sysbios_gates_GateMutex_Module__id__C                             
0000d60e  ti_sysbios_hal_Hwi_Module__id__C                                     
0000d610  ti_sysbios_heaps_HeapMem_Module__id__C                               
0000d612  ti_sysbios_knl_Semaphore_Module__id__C                               
0000d614  ti_sysbios_knl_Task_Module__id__C                                    
0000d616  xdc_runtime_Core_Module__id__C                                       
0000d618  xdc_runtime_Error_Module__loggerDefined__C                           
0000d61a  xdc_runtime_Error_maxDepth__C                                        
0000d61c  xdc_runtime_Memory_Module__id__C                                     
0000d61e  xdc_runtime_SysMin_flushAtExit__C                                    
0000d620  xdc_runtime_Text_charCnt__C                                          
0000d622  xdc_runtime_Text_isLoaded__C                                         
0000d624  xdc_runtime_Text_registryModsLastId__C                               
0000d626  xdc_runtime_Text_unnamedModsLastId__C                                
0000d628  __TI_static_base__                                                   
0000d8fc  __TI_Handler_Table_Base                                              
0000d908  __TI_Handler_Table_Limit                                             
0000d918  __TI_CINIT_Base                                                      
0000d930  __TI_CINIT_Limit                                                     
20000000  ti_sysbios_family_arm_m3_Hwi_ramVectors                              
20000400  ti_sysbios_knl_Task_Instance_State_0_stack__A                        
20000c00  ti_sysbios_knl_Task_Instance_State_1_stack__A                        
20001000  ti_sysbios_knl_Task_Instance_State_2_stack__A                        
20002000  ti_sysbios_knl_Task_Instance_State_3_stack__A                        
20002800  ti_sysbios_knl_Task_Instance_State_4_stack__A                        
20003000  ti_sysbios_knl_Task_Instance_State_5_stack__A                        
20003200  ti_sysbios_knl_Task_Instance_State_6_stack__A                        
20009508  gADCBuffer                                                           
2000a508  fft_local                                                            
2000ad08  ti_sysbios_knl_Mailbox_Instance_State_0_allocBuf__A                  
2000ae48  __CIOBUF_                                                            
2000af68  xdc_runtime_SysMin_Module_State_0_outbuf__A                          
2000affc  gADCSamplingRate                                                     
2000b000  gDMAControlTable                                                     
2000b400  ti_sysbios_heaps_HeapMem_Instance_State_0_buf__A                     
2000b800  ti_sysbios_family_arm_m3_Hwi_dispatchTable                           
2000bb60  ADC_local                                                            
2000bc60  scaledWave                                                           
2000bd60  sContext                                                             
2000bd8c  parmbuf                                                              
2000bd98  last_count                                                           
2000bd9c  period                                                               
2000bda0  periodcount                                                          
2000bda4  Lcd_ScreenHeigth                                                     
2000bda6  Lcd_ScreenWidth                                                      
2000bda8  Lcd_TouchTrim                                                        
2000bdaa  Lcd_FlagRead                                                         
2000bdab  Lcd_FontSolid                                                        
2000bdac  Lcd_Orientation                                                      
2000bdad  Lcd_PenSolid                                                         
2000bdb0  Lcd_buffer                                                           
20013db0  ti_sysbios_knl_Task_Object__table__V                                 
20013fc4  ti_sysbios_knl_Swi_Module_State_0_readyQ__A                          
20014044  ti_sysbios_knl_Task_Module_State_0_readyQ__A                         
200140c4  ti_sysbios_knl_Semaphore_Object__table__V                            
20014128  ti_sysbios_knl_Mailbox_Object__table__V                              
20014178  ti_sysbios_family_arm_m3_Hwi_Object__table__V                        
200141c0  ti_sysbios_knl_Task_Module__state__V                                 
20014204  ti_sysbios_family_arm_lm4_Timer_Module_State_0_device__A             
20014244  ti_sysbios_family_arm_lm4_Timer_Object__table__V                     
20014284  ti_sysbios_knl_Clock_Object__table__V                                
200142c4  ti_sysbios_gates_GateMutex_Object__table__V                          
200142fc  ti_sysbios_family_arm_m3_Hwi_Module__state__V                        
20014330  ti_sysbios_knl_Swi_Object__table__V                                  
20014360  ti_sysbios_knl_Clock_Module__state__V                                
200143b0  ti_sysbios_BIOS_Module__state__V                                     
200143d4  gSystemClock                                                         
200143d8  count_unloaded                                                       
200143dc  count_loaded                                                         
200143e0  cpu_load                                                             
200143e4  trigger                                                              
200143e8  divNumber                                                            
200143ec  freq                                                                 
200143f0  triggerDir                                                           
200143f2  mode                                                                 
200143f4  ti_sysbios_family_arm_lm4_Timer_Module_State_0_handles__A            
20014414  ti_sysbios_knl_Swi_Module__state__V                                  
20014430  ti_sysbios_heaps_HeapMem_Object__table__V                            
20014448  ti_sysbios_family_arm_lm4_Timer_Module__state__V                     
20014454  xdc_runtime_SysMin_Module__state__V                                  
20014460  _lock                                                                
20014464  _unlock                                                              
20014468  gJoystick                                                            
20014470  slope                                                                
20014478  ti_sysbios_family_arm_lm4_TimestampProvider_Module__state__V         
20014480  ti_sysbios_gates_GateHwi_Module__root__V                             
20014488  ti_sysbios_gates_GateHwi_Object__table__V                            
20014490  ti_sysbios_gates_GateMutex_Module__root__V                           
20014498  ti_sysbios_heaps_HeapMem_Module__root__V                             
200144a0  ti_sysbios_knl_Queue_Module__root__V                                 
200144a8  ti_sysbios_knl_Semaphore_Module__root__V                             
200144b0  xdc_runtime_Registry_Module__state__V                                
200144b8  xdc_runtime_Startup_Module__state__V                                 
200144c0  xdc_runtime_System_Module_State_0_atexitHandlers__A                  
200144c8  xdc_runtime_System_Module__state__V                                  
200144d0  gButtons                                                             
200144d4  errno                                                                
200144d8  main_func_sp                                                         
200144dc  ti_sysbios_family_arm_m3_Hwi_Module_State_0_excContext__A            
200144e0  ti_sysbios_family_arm_m3_Hwi_Module_State_0_excStack__A              
200144e4  ti_sysbios_knl_Task_Module_State_0_idleTask__A                       
200144e8  xdc_runtime_Memory_Module__state__V                                  
200144ec  ti_sysbios_family_arm_m3_Hwi_Module_State_0_excActive__A             
200144ee  xdc_runtime_Error_Module__state__V                                   
200144f0  gDMAPrimary                                                          
200144f8  __stack                                                              
200147f8  __STACK_END                                                          
e000e000  ti_sysbios_family_arm_m3_Hwi_nvic                                    
ffffffff  __TI_pprof_out_hndl                                                  
ffffffff  __TI_prof_data_size                                                  
ffffffff  __TI_prof_data_start                                                 
ffffffff  __binit__                                                            
ffffffff  __c_args__                                                           
ffffffff  binit                                                                
UNDEFED   SHT$$INIT_ARRAY$$Base                                                
UNDEFED   SHT$$INIT_ARRAY$$Limit                                               

[714 symbols]
